Archive member included to satisfy reference by file (symbol)

c:/st/stm32cubeide_1.11.2/stm32cubeide/plugins/com.st.stm32cube.ide.mcu.externaltools.gnu-tools-for-stm32.10.3-2021.10.win32_1.0.100.202210260954/tools/bin/../lib/gcc/arm-none-eabi/10.3.1/../../../../arm-none-eabi/lib/thumb/v7e-m+fp/hard\libc_nano.a(lib_a-errno.o)
                              ./Core/Src/syscalls.o (__errno)
c:/st/stm32cubeide_1.11.2/stm32cubeide/plugins/com.st.stm32cube.ide.mcu.externaltools.gnu-tools-for-stm32.10.3-2021.10.win32_1.0.100.202210260954/tools/bin/../lib/gcc/arm-none-eabi/10.3.1/../../../../arm-none-eabi/lib/thumb/v7e-m+fp/hard\libc_nano.a(lib_a-exit.o)
                              c:/st/stm32cubeide_1.11.2/stm32cubeide/plugins/com.st.stm32cube.ide.mcu.externaltools.gnu-tools-for-stm32.10.3-2021.10.win32_1.0.100.202210260954/tools/bin/../lib/gcc/arm-none-eabi/10.3.1/../../../../arm-none-eabi/lib/thumb/v7e-m+fp/hard/crt0.o (exit)
c:/st/stm32cubeide_1.11.2/stm32cubeide/plugins/com.st.stm32cube.ide.mcu.externaltools.gnu-tools-for-stm32.10.3-2021.10.win32_1.0.100.202210260954/tools/bin/../lib/gcc/arm-none-eabi/10.3.1/../../../../arm-none-eabi/lib/thumb/v7e-m+fp/hard\libc_nano.a(lib_a-impure.o)
                              c:/st/stm32cubeide_1.11.2/stm32cubeide/plugins/com.st.stm32cube.ide.mcu.externaltools.gnu-tools-for-stm32.10.3-2021.10.win32_1.0.100.202210260954/tools/bin/../lib/gcc/arm-none-eabi/10.3.1/../../../../arm-none-eabi/lib/thumb/v7e-m+fp/hard\libc_nano.a(lib_a-exit.o) (_global_impure_ptr)
c:/st/stm32cubeide_1.11.2/stm32cubeide/plugins/com.st.stm32cube.ide.mcu.externaltools.gnu-tools-for-stm32.10.3-2021.10.win32_1.0.100.202210260954/tools/bin/../lib/gcc/arm-none-eabi/10.3.1/../../../../arm-none-eabi/lib/thumb/v7e-m+fp/hard\libc_nano.a(lib_a-init.o)
                              c:/st/stm32cubeide_1.11.2/stm32cubeide/plugins/com.st.stm32cube.ide.mcu.externaltools.gnu-tools-for-stm32.10.3-2021.10.win32_1.0.100.202210260954/tools/bin/../lib/gcc/arm-none-eabi/10.3.1/../../../../arm-none-eabi/lib/thumb/v7e-m+fp/hard/crt0.o (__libc_init_array)
c:/st/stm32cubeide_1.11.2/stm32cubeide/plugins/com.st.stm32cube.ide.mcu.externaltools.gnu-tools-for-stm32.10.3-2021.10.win32_1.0.100.202210260954/tools/bin/../lib/gcc/arm-none-eabi/10.3.1/../../../../arm-none-eabi/lib/thumb/v7e-m+fp/hard\libc_nano.a(lib_a-memset.o)
                              c:/st/stm32cubeide_1.11.2/stm32cubeide/plugins/com.st.stm32cube.ide.mcu.externaltools.gnu-tools-for-stm32.10.3-2021.10.win32_1.0.100.202210260954/tools/bin/../lib/gcc/arm-none-eabi/10.3.1/../../../../arm-none-eabi/lib/thumb/v7e-m+fp/hard/crt0.o (memset)
c:/st/stm32cubeide_1.11.2/stm32cubeide/plugins/com.st.stm32cube.ide.mcu.externaltools.gnu-tools-for-stm32.10.3-2021.10.win32_1.0.100.202210260954/tools/bin/../lib/gcc/arm-none-eabi/10.3.1/../../../../arm-none-eabi/lib/thumb/v7e-m+fp/hard\libc_nano.a(lib_a-strlen.o)
                              ./Core/Src/main.o (strlen)
c:/st/stm32cubeide_1.11.2/stm32cubeide/plugins/com.st.stm32cube.ide.mcu.externaltools.gnu-tools-for-stm32.10.3-2021.10.win32_1.0.100.202210260954/tools/bin/../lib/gcc/arm-none-eabi/10.3.1/../../../../arm-none-eabi/lib/thumb/v7e-m+fp/hard\libc_nano.a(lib_a-vsnprintf.o)
                              ./Core/Src/main.o (vsnprintf)
c:/st/stm32cubeide_1.11.2/stm32cubeide/plugins/com.st.stm32cube.ide.mcu.externaltools.gnu-tools-for-stm32.10.3-2021.10.win32_1.0.100.202210260954/tools/bin/../lib/gcc/arm-none-eabi/10.3.1/../../../../arm-none-eabi/lib/thumb/v7e-m+fp/hard\libc_nano.a(lib_a-nano-svfprintf.o)
                              c:/st/stm32cubeide_1.11.2/stm32cubeide/plugins/com.st.stm32cube.ide.mcu.externaltools.gnu-tools-for-stm32.10.3-2021.10.win32_1.0.100.202210260954/tools/bin/../lib/gcc/arm-none-eabi/10.3.1/../../../../arm-none-eabi/lib/thumb/v7e-m+fp/hard\libc_nano.a(lib_a-vsnprintf.o) (_svfprintf_r)
c:/st/stm32cubeide_1.11.2/stm32cubeide/plugins/com.st.stm32cube.ide.mcu.externaltools.gnu-tools-for-stm32.10.3-2021.10.win32_1.0.100.202210260954/tools/bin/../lib/gcc/arm-none-eabi/10.3.1/../../../../arm-none-eabi/lib/thumb/v7e-m+fp/hard\libc_nano.a(lib_a-nano-vfprintf_i.o)
                              c:/st/stm32cubeide_1.11.2/stm32cubeide/plugins/com.st.stm32cube.ide.mcu.externaltools.gnu-tools-for-stm32.10.3-2021.10.win32_1.0.100.202210260954/tools/bin/../lib/gcc/arm-none-eabi/10.3.1/../../../../arm-none-eabi/lib/thumb/v7e-m+fp/hard\libc_nano.a(lib_a-nano-svfprintf.o) (_printf_i)
c:/st/stm32cubeide_1.11.2/stm32cubeide/plugins/com.st.stm32cube.ide.mcu.externaltools.gnu-tools-for-stm32.10.3-2021.10.win32_1.0.100.202210260954/tools/bin/../lib/gcc/arm-none-eabi/10.3.1/../../../../arm-none-eabi/lib/thumb/v7e-m+fp/hard\libc_nano.a(lib_a-memchr.o)
[...]
Memory Configuration

Name             Origin             Length             Attributes
CCMRAM           0x0000000010000000 0x0000000000004000 xrw
RAM              0x0000000020000000 0x0000000000010000 xrw
FLASH            0x0000000008000000 0x0000000000080000 xr
*default*        0x0000000000000000 0xffffffffffffffff

Linker script and memory map

LOAD c:/st/stm32cubeide_1.11.2/stm32cubeide/plugins/com.st.stm32cube.ide.mcu.externaltools.gnu-tools-for-stm32.10.3-2021.10.win32_1.0.100.202210260954/tools/bin/../lib/gcc/arm-none-eabi/10.3.1/thumb/v7e-m+fp/hard/crti.o
LOAD c:/st/stm32cubeide_1.11.2/stm32cubeide/plugins/com.st.stm32cube.ide.mcu.externaltools.gnu-tools-for-stm32.10.3-2021.10.win32_1.0.100.202210260954/tools/bin/../lib/gcc/arm-none-eabi/10.3.1/thumb/v7e-m+fp/hard/crtbegin.o
LOAD c:/st/stm32cubeide_1.11.2/stm32cubeide/plugins/com.st.stm32cube.ide.mcu.externaltools.gnu-tools-for-stm32.10.3-2021.10.win32_1.0.100.202210260954/tools/bin/../lib/gcc/arm-none-eabi/10.3.1/../../../../arm-none-eabi/lib/thumb/v7e-m+fp/hard/crt0.o
LOAD ./Core/Src/gpio.o
LOAD ./Core/Src/main.o
LOAD ./Core/Src/spi.o
LOAD ./Core/Src/stm32f3xx_hal_msp.o
LOAD ./Core/Src/stm32f3xx_it.o
LOAD ./Core/Src/syscalls.o
LOAD ./Core/Src/sysmem.o
LOAD ./Core/Src/system_stm32f3xx.o
LOAD ./Core/Src/usart.o
LOAD ./Core/Startup/startup_stm32f303retx.o
LOAD ./Drivers/STM32F3xx_HAL_Driver/Src/stm32f3xx_hal.o
LOAD ./Drivers/STM32F3xx_HAL_Driver/Src/stm32f3xx_hal_cortex.o
LOAD ./Drivers/STM32F3xx_HAL_Driver/Src/stm32f3xx_hal_dma.o
LOAD ./Drivers/STM32F3xx_HAL_Driver/Src/stm32f3xx_hal_exti.o
LOAD ./Drivers/STM32F3xx_HAL_Driver/Src/stm32f3xx_hal_flash.o
LOAD ./Drivers/STM32F3xx_HAL_Driver/Src/stm32f3xx_hal_flash_ex.o
LOAD ./Drivers/STM32F3xx_HAL_Driver/Src/stm32f3xx_hal_gpio.o
LOAD ./Drivers/STM32F3xx_HAL_Driver/Src/stm32f3xx_hal_i2c.o
LOAD ./Drivers/STM32F3xx_HAL_Driver/Src/stm32f3xx_hal_i2c_ex.o
LOAD ./Drivers/STM32F3xx_HAL_Driver/Src/stm32f3xx_hal_pwr.o
LOAD ./Drivers/STM32F3xx_HAL_Driver/Src/stm32f3xx_hal_pwr_ex.o
LOAD ./Drivers/STM32F3xx_HAL_Driver/Src/stm32f3xx_hal_rcc.o
LOAD ./Drivers/STM32F3xx_HAL_Driver/Src/stm32f3xx_hal_rcc_ex.o
LOAD ./Drivers/STM32F3xx_HAL_Driver/Src/stm32f3xx_hal_spi.o
LOAD ./Drivers/STM32F3xx_HAL_Driver/Src/stm32f3xx_hal_spi_ex.o
LOAD ./Drivers/STM32F3xx_HAL_Driver/Src/stm32f3xx_hal_tim.o
LOAD ./Drivers/STM32F3xx_HAL_Driver/Src/stm32f3xx_hal_tim_ex.o
LOAD ./Drivers/STM32F3xx_HAL_Driver/Src/stm32f3xx_hal_uart.o
LOAD ./Drivers/STM32F3xx_HAL_Driver/Src/stm32f3xx_hal_uart_ex.o
LOAD ./FATFS/App/fatfs.o
LOAD ./FATFS/Target/user_diskio.o
LOAD ./FATFS/Target/user_diskio_spi.o
LOAD ./Middlewares/Third_Party/FatFs/src/diskio.o
LOAD ./Middlewares/Third_Party/FatFs/src/ff.o
LOAD ./Middlewares/Third_Party/FatFs/src/ff_gen_drv.o
LOAD ./Middlewares/Third_Party/FatFs/src/option/syscall.o
START GROUP
LOAD c:/st/stm32cubeide_1.11.2/stm32cubeide/plugins/com.st.stm32cube.ide.mcu.externaltools.gnu-tools-for-stm32.10.3-2021.10.win32_1.0.100.202210260954/tools/bin/../lib/gcc/arm-none-eabi/10.3.1/../../../../arm-none-eabi/lib/thumb/v7e-m+fp/hard\libc_nano.a
LOAD c:/st/stm32cubeide_1.11.2/stm32cubeide/plugins/com.st.stm32cube.ide.mcu.externaltools.gnu-tools-for-stm32.10.3-2021.10.win32_1.0.100.202210260954/tools/bin/../lib/gcc/arm-none-eabi/10.3.1/../../../../arm-none-eabi/lib/thumb/v7e-m+fp/hard\libm.a
END GROUP
START GROUP
LOAD c:/st/stm32cubeide_1.11.2/stm32cubeide/plugins/com.st.stm32cube.ide.mcu.externaltools.gnu-tools-for-stm32.10.3-2021.10.win32_1.0.100.202210260954/tools/bin/../lib/gcc/arm-none-eabi/10.3.1/thumb/v7e-m+fp/hard\libgcc.a
LOAD c:/st/stm32cubeide_1.11.2/stm32cubeide/plugins/com.st.stm32cube.ide.mcu.externaltools.gnu-tools-for-stm32.10.3-2021.10.win32_1.0.100.202210260954/tools/bin/../lib/gcc/arm-none-eabi/10.3.1/../../../../arm-none-eabi/lib/thumb/v7e-m+fp/hard\libc_nano.a
END GROUP
START GROUP
LOAD c:/st/stm32cubeide_1.11.2/stm32cubeide/plugins/com.st.stm32cube.ide.mcu.externaltools.gnu-tools-for-stm32.10.3-2021.10.win32_1.0.100.202210260954/tools/bin/../lib/gcc/arm-none-eabi/10.3.1/thumb/v7e-m+fp/hard\libgcc.a
LOAD c:/st/stm32cubeide_1.11.2/stm32cubeide/plugins/com.st.stm32cube.ide.mcu.externaltools.gnu-tools-for-stm32.10.3-2021.10.win32_1.0.100.202210260954/tools/bin/../lib/gcc/arm-none-eabi/10.3.1/../../../../arm-none-eabi/lib/thumb/v7e-m+fp/hard\libc_nano.a
LOAD c:/st/stm32cubeide_1.11.2/stm32cubeide/plugins/com.st.stm32cube.ide.mcu.externaltools.gnu-tools-for-stm32.10.3-2021.10.win32_1.0.100.202210260954/tools/bin/../lib/gcc/arm-none-eabi/10.3.1/../../../../arm-none-eabi/lib/thumb/v7e-m+fp/hard\libnosys.a
END GROUP
START GROUP
LOAD c:/st/stm32cubeide_1.11.2/stm32cubeide/plugins/com.st.stm32cube.ide.mcu.externaltools.gnu-tools-for-stm32.10.3-2021.10.win32_1.0.100.202210260954/tools/bin/../lib/gcc/arm-none-eabi/10.3.1/thumb/v7e-m+fp/hard\libgcc.a
LOAD c:/st/stm32cubeide_1.11.2/stm32cubeide/plugins/com.st.stm32cube.ide.mcu.externaltools.gnu-tools-for-stm32.10.3-2021.10.win32_1.0.100.202210260954/tools/bin/../lib/gcc/arm-none-eabi/10.3.1/../../../../arm-none-eabi/lib/thumb/v7e-m+fp/hard\libc_nano.a
LOAD c:/st/stm32cubeide_1.11.2/stm32cubeide/plugins/com.st.stm32cube.ide.mcu.externaltools.gnu-tools-for-stm32.10.3-2021.10.win32_1.0.100.202210260954/tools/bin/../lib/gcc/arm-none-eabi/10.3.1/../../../../arm-none-eabi/lib/thumb/v7e-m+fp/hard\libnosys.a
END GROUP
LOAD c:/st/stm32cubeide_1.11.2/stm32cubeide/plugins/com.st.stm32cube.ide.mcu.externaltools.gnu-tools-for-stm32.10.3-2021.10.win32_1.0.100.202210260954/tools/bin/../lib/gcc/arm-none-eabi/10.3.1/thumb/v7e-m+fp/hard/crtend.o
LOAD c:/st/stm32cubeide_1.11.2/stm32cubeide/plugins/com.st.stm32cube.ide.mcu.externaltools.gnu-tools-for-stm32.10.3-2021.10.win32_1.0.100.202210260954/tools/bin/../lib/gcc/arm-none-eabi/10.3.1/thumb/v7e-m+fp/hard/crtn.o
                0x0000000020010000                _estack = (ORIGIN (RAM) + LENGTH (RAM))
                0x0000000000000200                _Min_Heap_Size = 0x200
                0x0000000000000400                _Min_Stack_Size = 0x400

.isr_vector     0x0000000008000000      0x194
                0x0000000008000000                . = ALIGN (0x4)
 *(.isr_vector)
 .isr_vector    0x0000000008000000      0x194 ./Core/Startup/startup_stm32f303retx.o
                0x0000000008000000                g_pfnVectors
                0x0000000008000194                . = ALIGN (0x4)

.text           0x00000000080001a0     0x7e7c
                0x00000000080001a0                . = ALIGN (0x4)
 *(.text)
 .text          0x00000000080001a0       0x40 c:/st/stm32cubeide_1.11.2/stm32cubeide/plugins/com.st.stm32cube.ide.mcu.externaltools.gnu-tools-for-stm32.10.3-2021.10.win32_1.0.100.202210260954/tools/bin/../lib/gcc/arm-none-eabi/10.3.1/thumb/v7e-m+fp/hard/crtbegin.o
 .text          0x00000000080001e0       0x10 c:/st/stm32cubeide_1.11.2/stm32cubeide/plugins/com.st.stm32cube.ide.mcu.externaltools.gnu-tools-for-stm32.10.3-2021.10.win32_1.0.100.202210260954/tools/bin/../lib/gcc/arm-none-eabi/10.3.1/../../../../arm-none-eabi/lib/thumb/v7e-m+fp/hard\libc_nano.a(lib_a-strlen.o)
                0x00000000080001e0                strlen
 .text          0x00000000080001f0       0xa0 c:/st/stm32cubeide_1.11.2/stm32cubeide/plugins/com.st.stm32cube.ide.mcu.externaltools.gnu-tools-for-stm32.10.3-2021.10.win32_1.0.100.202210260954/tools/bin/../lib/gcc/arm-none-eabi/10.3.1/../../../../arm-none-eabi/lib/thumb/v7e-m+fp/hard\libc_nano.a(lib_a-memchr.o)
                0x00000000080001f0                memchr
 *(.text*)
 .text.MX_GPIO_Init
                0x0000000008000290       0xf8 ./Core/Src/gpio.o
                0x0000000008000290                MX_GPIO_Init
 .text.myprintf
                0x0000000008000388       0x4c ./Core/Src/main.o
                0x0000000008000388                myprintf
 .text.main     0x00000000080003d4      0x228 ./Core/Src/main.o
                0x00000000080003d4                main
 .text.SystemClock_Config
                0x00000000080005fc       0xa6 ./Core/Src/main.o
                0x00000000080005fc                SystemClock_Config
 .text.Error_Handler
                0x00000000080006a2        0xa ./Core/Src/main.o
                0x00000000080006a2                Error_Handler
 .text.MX_SPI2_Init
                0x00000000080006ac       0x7c ./Core/Src/spi.o
                0x00000000080006ac                MX_SPI2_Init
 .text.HAL_SPI_MspInit
                0x0000000008000728       0x88 ./Core/Src/spi.o
                0x0000000008000728                HAL_SPI_MspInit
 .text.HAL_MspInit
                0x00000000080007b0       0x48 ./Core/Src/stm32f3xx_hal_msp.o
                0x00000000080007b0                HAL_MspInit
 .text.NMI_Handler
                0x00000000080007f8        0x6 ./Core/Src/stm32f3xx_it.o
                0x00000000080007f8                NMI_Handler
 .text.HardFault_Handler
                0x00000000080007fe        0x6 ./Core/Src/stm32f3xx_it.o
                0x00000000080007fe                HardFault_Handler
 .text.MemManage_Handler
                0x0000000008000804        0x6 ./Core/Src/stm32f3xx_it.o
                0x0000000008000804                MemManage_Handler
 .text.BusFault_Handler
                0x000000000800080a        0x6 ./Core/Src/stm32f3xx_it.o
                0x000000000800080a                BusFault_Handler
 .text.UsageFault_Handler
                0x0000000008000810        0x6 ./Core/Src/stm32f3xx_it.o
                0x0000000008000810                UsageFault_Handler
 .text.SVC_Handler
                0x0000000008000816        0xe ./Core/Src/stm32f3xx_it.o
                0x0000000008000816                SVC_Handler
 .text.DebugMon_Handler
                0x0000000008000824        0xe ./Core/Src/stm32f3xx_it.o
                0x0000000008000824                DebugMon_Handler
 .text.PendSV_Handler
                0x0000000008000832        0xe ./Core/Src/stm32f3xx_it.o
                0x0000000008000832                PendSV_Handler
 .text.SysTick_Handler
                0x0000000008000840        0xc ./Core/Src/stm32f3xx_it.o
                0x0000000008000840                SysTick_Handler
 .text._sbrk    0x000000000800084c       0x6c ./Core/Src/sysmem.o
                0x000000000800084c                _sbrk
 .text.SystemInit
                0x00000000080008b8       0x24 ./Core/Src/system_stm32f3xx.o
                0x00000000080008b8                SystemInit
 .text.MX_USART2_UART_Init
                0x00000000080008dc       0x60 ./Core/Src/usart.o
                0x00000000080008dc                MX_USART2_UART_Init
 .text.HAL_UART_MspInit
                0x000000000800093c       0x84 ./Core/Src/usart.o
                0x000000000800093c                HAL_UART_MspInit
 .text.Reset_Handler
                0x00000000080009c0       0x50 ./Core/Startup/startup_stm32f303retx.o
                0x00000000080009c0                Reset_Handler
 .text.Default_Handler
                0x0000000008000a10        0x2 ./Core/Startup/startup_stm32f303retx.o
                0x0000000008000a10                RTC_Alarm_IRQHandler
                0x0000000008000a10                TIM8_TRG_COM_IRQHandler
                0x0000000008000a10                TIM8_CC_IRQHandler
                0x0000000008000a10                SPI4_IRQHandler
                0x0000000008000a10                TIM1_CC_IRQHandler
                0x0000000008000a10                USB_HP_IRQHandler
                0x0000000008000a10                PVD_IRQHandler
                0x0000000008000a10                TAMP_STAMP_IRQHandler
                0x0000000008000a10                EXTI3_IRQHandler
                0x0000000008000a10                I2C3_ER_IRQHandler
                0x0000000008000a10                USB_HP_CAN_TX_IRQHandler
                0x0000000008000a10                EXTI0_IRQHandler
                0x0000000008000a10                I2C2_EV_IRQHandler
                0x0000000008000a10                FPU_IRQHandler
                0x0000000008000a10                TIM1_UP_TIM16_IRQHandler
                0x0000000008000a10                ADC1_2_IRQHandler
                0x0000000008000a10                SPI1_IRQHandler
                0x0000000008000a10                CAN_SCE_IRQHandler
                0x0000000008000a10                TIM6_DAC_IRQHandler
                0x0000000008000a10                TIM8_UP_IRQHandler
                0x0000000008000a10                DMA2_Channel2_IRQHandler
                0x0000000008000a10                DMA1_Channel4_IRQHandler
                0x0000000008000a10                TIM20_TRG_COM_IRQHandler
                0x0000000008000a10                USART3_IRQHandler
                0x0000000008000a10                DMA1_Channel7_IRQHandler
                0x0000000008000a10                UART5_IRQHandler
                0x0000000008000a10                ADC3_IRQHandler
                0x0000000008000a10                TIM4_IRQHandler
                0x0000000008000a10                CAN_RX1_IRQHandler
                0x0000000008000a10                DMA2_Channel1_IRQHandler
                0x0000000008000a10                I2C1_EV_IRQHandler
                0x0000000008000a10                DMA1_Channel6_IRQHandler
                0x0000000008000a10                UART4_IRQHandler
                0x0000000008000a10                DMA2_Channel4_IRQHandler
                0x0000000008000a10                TIM3_IRQHandler
                0x0000000008000a10                RCC_IRQHandler
                0x0000000008000a10                TIM20_UP_IRQHandler
                0x0000000008000a10                DMA1_Channel1_IRQHandler
                0x0000000008000a10                Default_Handler
                0x0000000008000a10                USBWakeUp_RMP_IRQHandler
                0x0000000008000a10                EXTI15_10_IRQHandler
                0x0000000008000a10                TIM7_IRQHandler
                0x0000000008000a10                I2C3_EV_IRQHandler
                0x0000000008000a10                EXTI9_5_IRQHandler
                0x0000000008000a10                RTC_WKUP_IRQHandler
                0x0000000008000a10                SPI2_IRQHandler
                0x0000000008000a10                USB_LP_CAN_RX0_IRQHandler
                0x0000000008000a10                DMA2_Channel5_IRQHandler
                0x0000000008000a10                DMA1_Channel5_IRQHandler
                0x0000000008000a10                USB_LP_IRQHandler
                0x0000000008000a10                EXTI4_IRQHandler
                0x0000000008000a10                TIM1_TRG_COM_TIM17_IRQHandler
                0x0000000008000a10                DMA1_Channel3_IRQHandler
                0x0000000008000a10                ADC4_IRQHandler
                0x0000000008000a10                WWDG_IRQHandler
                0x0000000008000a10                TIM2_IRQHandler
                0x0000000008000a10                COMP7_IRQHandler
                0x0000000008000a10                COMP1_2_3_IRQHandler
                0x0000000008000a10                EXTI1_IRQHandler
                0x0000000008000a10                USART2_IRQHandler
                0x0000000008000a10                COMP4_5_6_IRQHandler
                0x0000000008000a10                TIM20_BRK_IRQHandler
                0x0000000008000a10                I2C2_ER_IRQHandler
                0x0000000008000a10                DMA1_Channel2_IRQHandler
                0x0000000008000a10                TIM8_BRK_IRQHandler
                0x0000000008000a10                FLASH_IRQHandler
                0x0000000008000a10                TIM20_CC_IRQHandler
                0x0000000008000a10                USART1_IRQHandler
                0x0000000008000a10                SPI3_IRQHandler
                0x0000000008000a10                I2C1_ER_IRQHandler
                0x0000000008000a10                FMC_IRQHandler
                0x0000000008000a10                USBWakeUp_IRQHandler
                0x0000000008000a10                DMA2_Channel3_IRQHandler
                0x0000000008000a10                EXTI2_TSC_IRQHandler
                0x0000000008000a10                TIM1_BRK_TIM15_IRQHandler
 *fill*         0x0000000008000a12        0x2 
 .text.HAL_Init
                0x0000000008000a14       0x2c ./Drivers/STM32F3xx_HAL_Driver/Src/stm32f3xx_hal.o
                0x0000000008000a14                HAL_Init
 .text.HAL_InitTick
                0x0000000008000a40       0x60 ./Drivers/STM32F3xx_HAL_Driver/Src/stm32f3xx_hal.o
                0x0000000008000a40                HAL_InitTick
 .text.HAL_IncTick
                0x0000000008000aa0       0x28 ./Drivers/STM32F3xx_HAL_Driver/Src/stm32f3xx_hal.o
                0x0000000008000aa0                HAL_IncTick
 .text.HAL_GetTick
                0x0000000008000ac8       0x18 ./Drivers/STM32F3xx_HAL_Driver/Src/stm32f3xx_hal.o
                0x0000000008000ac8                HAL_GetTick
 .text.HAL_Delay
                0x0000000008000ae0       0x48 ./Drivers/STM32F3xx_HAL_Driver/Src/stm32f3xx_hal.o
                0x0000000008000ae0                HAL_Delay
 .text.__NVIC_SetPriorityGrouping
                0x0000000008000b28       0x48 ./Drivers/STM32F3xx_HAL_Driver/Src/stm32f3xx_hal_cortex.o
 .text.__NVIC_GetPriorityGrouping
                0x0000000008000b70       0x1c ./Drivers/STM32F3xx_HAL_Driver/Src/stm32f3xx_hal_cortex.o
 .text.__NVIC_SetPriority
                0x0000000008000b8c       0x54 ./Drivers/STM32F3xx_HAL_Driver/Src/stm32f3xx_hal_cortex.o
 .text.NVIC_EncodePriority
                0x0000000008000be0       0x66 ./Drivers/STM32F3xx_HAL_Driver/Src/stm32f3xx_hal_cortex.o
 *fill*         0x0000000008000c46        0x2 
 .text.SysTick_Config
                0x0000000008000c48       0x44 ./Drivers/STM32F3xx_HAL_Driver/Src/stm32f3xx_hal_cortex.o
 .text.HAL_NVIC_SetPriorityGrouping
                0x0000000008000c8c       0x16 ./Drivers/STM32F3xx_HAL_Driver/Src/stm32f3xx_hal_cortex.o
                0x0000000008000c8c                HAL_NVIC_SetPriorityGrouping
 .text.HAL_NVIC_SetPriority
                0x0000000008000ca2       0x38 ./Drivers/STM32F3xx_HAL_Driver/Src/stm32f3xx_hal_cortex.o
                0x0000000008000ca2                HAL_NVIC_SetPriority
 .text.HAL_SYSTICK_Config
                0x0000000008000cda       0x18 ./Drivers/STM32F3xx_HAL_Driver/Src/stm32f3xx_hal_cortex.o
                0x0000000008000cda                HAL_SYSTICK_Config
 *fill*         0x0000000008000cf2        0x2 
 .text.HAL_GPIO_Init
                0x0000000008000cf4      0x314 ./Drivers/STM32F3xx_HAL_Driver/Src/stm32f3xx_hal_gpio.o
                0x0000000008000cf4                HAL_GPIO_Init
 .text.HAL_GPIO_WritePin
                0x0000000008001008       0x30 ./Drivers/STM32F3xx_HAL_Driver/Src/stm32f3xx_hal_gpio.o
                0x0000000008001008                HAL_GPIO_WritePin
 .text.HAL_GPIO_TogglePin
                0x0000000008001038       0x34 ./Drivers/STM32F3xx_HAL_Driver/Src/stm32f3xx_hal_gpio.o
                0x0000000008001038                HAL_GPIO_TogglePin
 .text.HAL_RCC_OscConfig
                0x000000000800106c     0x10a8 ./Drivers/STM32F3xx_HAL_Driver/Src/stm32f3xx_hal_rcc.o
                0x000000000800106c                HAL_RCC_OscConfig
 .text.HAL_RCC_ClockConfig
                0x0000000008002114      0x2f8 ./Drivers/STM32F3xx_HAL_Driver/Src/stm32f3xx_hal_rcc.o
                0x0000000008002114                HAL_RCC_ClockConfig
 .text.HAL_RCC_GetSysClockFreq
                0x000000000800240c       0xd4 ./Drivers/STM32F3xx_HAL_Driver/Src/stm32f3xx_hal_rcc.o
                0x000000000800240c                HAL_RCC_GetSysClockFreq
 .text.HAL_RCC_GetHCLKFreq
                0x00000000080024e0       0x18 ./Drivers/STM32F3xx_HAL_Driver/Src/stm32f3xx_hal_rcc.o
                0x00000000080024e0                HAL_RCC_GetHCLKFreq
 .text.HAL_RCC_GetPCLK1Freq
                0x00000000080024f8       0x44 ./Drivers/STM32F3xx_HAL_Driver/Src/stm32f3xx_hal_rcc.o
                0x00000000080024f8                HAL_RCC_GetPCLK1Freq
 .text.HAL_RCC_GetPCLK2Freq
                0x000000000800253c       0x44 ./Drivers/STM32F3xx_HAL_Driver/Src/stm32f3xx_hal_rcc.o
                0x000000000800253c                HAL_RCC_GetPCLK2Freq
 .text.HAL_RCCEx_PeriphCLKConfig
                0x0000000008002580      0x43c ./Drivers/STM32F3xx_HAL_Driver/Src/stm32f3xx_hal_rcc_ex.o
                0x0000000008002580                HAL_RCCEx_PeriphCLKConfig
 .text.HAL_SPI_Init
                0x00000000080029bc      0x156 ./Drivers/STM32F3xx_HAL_Driver/Src/stm32f3xx_hal_spi.o
                0x00000000080029bc                HAL_SPI_Init
 .text.HAL_SPI_Transmit
                0x0000000008002b12      0x2ea ./Drivers/STM32F3xx_HAL_Driver/Src/stm32f3xx_hal_spi.o
                0x0000000008002b12                HAL_SPI_Transmit
 .text.HAL_SPI_TransmitReceive
                0x0000000008002dfc      0x444 ./Drivers/STM32F3xx_HAL_Driver/Src/stm32f3xx_hal_spi.o
                0x0000000008002dfc                HAL_SPI_TransmitReceive
 .text.SPI_WaitFlagStateUntilTimeout
                0x0000000008003240      0x110 ./Drivers/STM32F3xx_HAL_Driver/Src/stm32f3xx_hal_spi.o
 .text.SPI_WaitFifoStateUntilTimeout
                0x0000000008003350      0x12c ./Drivers/STM32F3xx_HAL_Driver/Src/stm32f3xx_hal_spi.o
 .text.SPI_EndRxTxTransaction
                0x000000000800347c       0x8c ./Drivers/STM32F3xx_HAL_Driver/Src/stm32f3xx_hal_spi.o
 .text.HAL_UART_Init
                0x0000000008003508       0x9c ./Drivers/STM32F3xx_HAL_Driver/Src/stm32f3xx_hal_uart.o
                0x0000000008003508                HAL_UART_Init
 .text.HAL_UART_Transmit
                0x00000000080035a4      0x114 ./Drivers/STM32F3xx_HAL_Driver/Src/stm32f3xx_hal_uart.o
                0x00000000080035a4                HAL_UART_Transmit
 .text.UART_SetConfig
                0x00000000080036b8      0x3a8 ./Drivers/STM32F3xx_HAL_Driver/Src/stm32f3xx_hal_uart.o
                0x00000000080036b8                UART_SetConfig
 .text.UART_AdvFeatureConfig
                0x0000000008003a60      0x144 ./Drivers/STM32F3xx_HAL_Driver/Src/stm32f3xx_hal_uart.o
                0x0000000008003a60                UART_AdvFeatureConfig
 .text.UART_CheckIdleState
                0x0000000008003ba4      0x150 ./Drivers/STM32F3xx_HAL_Driver/Src/stm32f3xx_hal_uart.o
                0x0000000008003ba4                UART_CheckIdleState
 .text.UART_WaitOnFlagUntilTimeout
                0x0000000008003cf4       0xce ./Drivers/STM32F3xx_HAL_Driver/Src/stm32f3xx_hal_uart.o
                0x0000000008003cf4                UART_WaitOnFlagUntilTimeout
 .text.UART_EndRxTransfer
                0x0000000008003dc2       0xc8 ./Drivers/STM32F3xx_HAL_Driver/Src/stm32f3xx_hal_uart.o
 *fill*         0x0000000008003e8a        0x2 
 .text.MX_FATFS_Init
                0x0000000008003e8c       0x24 ./FATFS/App/fatfs.o
                0x0000000008003e8c                MX_FATFS_Init
 .text.get_fattime
                0x0000000008003eb0       0x10 ./FATFS/App/fatfs.o
                0x0000000008003eb0                get_fattime
 .text.USER_initialize
                0x0000000008003ec0       0x1c ./FATFS/Target/user_diskio.o
                0x0000000008003ec0                USER_initialize
 .text.USER_status
                0x0000000008003edc       0x1c ./FATFS/Target/user_diskio.o
                0x0000000008003edc                USER_status
 .text.USER_read
                0x0000000008003ef8       0x26 ./FATFS/Target/user_diskio.o
                0x0000000008003ef8                USER_read
 .text.USER_write
                0x0000000008003f1e       0x26 ./FATFS/Target/user_diskio.o
                0x0000000008003f1e                USER_write
 .text.USER_ioctl
                0x0000000008003f44       0x26 ./FATFS/Target/user_diskio.o
                0x0000000008003f44                USER_ioctl
 *fill*         0x0000000008003f6a        0x2 
 .text.SPI_Timer_On
                0x0000000008003f6c       0x28 ./FATFS/Target/user_diskio_spi.o
                0x0000000008003f6c                SPI_Timer_On
 .text.SPI_Timer_Status
                0x0000000008003f94       0x2c ./FATFS/Target/user_diskio_spi.o
                0x0000000008003f94                SPI_Timer_Status
 .text.xchg_spi
                0x0000000008003fc0       0x2c ./FATFS/Target/user_diskio_spi.o
 .text.rcvr_spi_multi
                0x0000000008003fec       0x38 ./FATFS/Target/user_diskio_spi.o
 .text.xmit_spi_multi
                0x0000000008004024       0x28 ./FATFS/Target/user_diskio_spi.o
 .text.wait_ready
                0x000000000800404c       0x46 ./FATFS/Target/user_diskio_spi.o
 *fill*         0x0000000008004092        0x2 
 .text.despiselect
                0x0000000008004094       0x1c ./FATFS/Target/user_diskio_spi.o
 .text.spiselect
                0x00000000080040b0       0x34 ./FATFS/Target/user_diskio_spi.o
 .text.rcvr_datablock
                0x00000000080040e4       0x52 ./FATFS/Target/user_diskio_spi.o
 .text.xmit_datablock
                0x0000000008004136       0x64 ./FATFS/Target/user_diskio_spi.o
 .text.send_cmd
                0x000000000800419a       0xde ./FATFS/Target/user_diskio_spi.o
 .text.USER_SPI_initialize
                0x0000000008004278      0x1d8 ./FATFS/Target/user_diskio_spi.o
                0x0000000008004278                USER_SPI_initialize
 .text.USER_SPI_status
                0x0000000008004450       0x2c ./FATFS/Target/user_diskio_spi.o
                0x0000000008004450                USER_SPI_status
 .text.USER_SPI_read
                0x000000000800447c       0xcc ./FATFS/Target/user_diskio_spi.o
                0x000000000800447c                USER_SPI_read
 .text.USER_SPI_write
                0x0000000008004548       0xf8 ./FATFS/Target/user_diskio_spi.o
                0x0000000008004548                USER_SPI_write
 .text.USER_SPI_ioctl
                0x0000000008004640      0x2e0 ./FATFS/Target/user_diskio_spi.o
                0x0000000008004640                USER_SPI_ioctl
 .text.disk_status
                0x0000000008004920       0x34 ./Middlewares/Third_Party/FatFs/src/diskio.o
                0x0000000008004920                disk_status
 .text.disk_initialize
                0x0000000008004954       0x4c ./Middlewares/Third_Party/FatFs/src/diskio.o
                0x0000000008004954                disk_initialize
 .text.disk_read
                0x00000000080049a0       0x40 ./Middlewares/Third_Party/FatFs/src/diskio.o
                0x00000000080049a0                disk_read
 .text.disk_write
                0x00000000080049e0       0x40 ./Middlewares/Third_Party/FatFs/src/diskio.o
                0x00000000080049e0                disk_write
 .text.disk_ioctl
                0x0000000008004a20       0x3c ./Middlewares/Third_Party/FatFs/src/diskio.o
                0x0000000008004a20                disk_ioctl
 .text.mem_cpy  0x0000000008004a5c       0x3e ./Middlewares/Third_Party/FatFs/src/ff.o
 .text.mem_set  0x0000000008004a9a       0x36 ./Middlewares/Third_Party/FatFs/src/ff.o
 .text.mem_cmp  0x0000000008004ad0       0x4e ./Middlewares/Third_Party/FatFs/src/ff.o
 .text.chk_chr  0x0000000008004b1e       0x36 ./Middlewares/Third_Party/FatFs/src/ff.o
 .text.chk_lock
                0x0000000008004b54       0xdc ./Middlewares/Third_Party/FatFs/src/ff.o
 .text.enq_lock
                0x0000000008004c30       0x48 ./Middlewares/Third_Party/FatFs/src/ff.o
 .text.inc_lock
                0x0000000008004c78      0x170 ./Middlewares/Third_Party/FatFs/src/ff.o
 .text.dec_lock
                0x0000000008004de8       0x88 ./Middlewares/Third_Party/FatFs/src/ff.o
 .text.clear_lock
                0x0000000008004e70       0x54 ./Middlewares/Third_Party/FatFs/src/ff.o
 .text.sync_window
                0x0000000008004ec4       0x92 ./Middlewares/Third_Party/FatFs/src/ff.o
 .text.move_window
                0x0000000008004f56       0x5c ./Middlewares/Third_Party/FatFs/src/ff.o
 .text.sync_fs  0x0000000008004fb2      0x15a ./Middlewares/Third_Party/FatFs/src/ff.o
 .text.clust2sect
                0x000000000800510c       0x44 ./Middlewares/Third_Party/FatFs/src/ff.o
                0x000000000800510c                clust2sect
 .text.get_fat  0x0000000008005150      0x174 ./Middlewares/Third_Party/FatFs/src/ff.o
                0x0000000008005150                get_fat
 .text.put_fat  0x00000000080052c4      0x21c ./Middlewares/Third_Party/FatFs/src/ff.o
                0x00000000080052c4                put_fat
 .text.remove_chain
                0x00000000080054e0       0xb4 ./Middlewares/Third_Party/FatFs/src/ff.o
 .text.create_chain
                0x0000000008005594      0x13a ./Middlewares/Third_Party/FatFs/src/ff.o
 .text.clmt_clust
                0x00000000080056ce       0x6a ./Middlewares/Third_Party/FatFs/src/ff.o
 .text.dir_sdi  0x0000000008005738      0x128 ./Middlewares/Third_Party/FatFs/src/ff.o
 .text.dir_next
                0x0000000008005860      0x1ee ./Middlewares/Third_Party/FatFs/src/ff.o
 .text.dir_alloc
                0x0000000008005a4e       0x94 ./Middlewares/Third_Party/FatFs/src/ff.o
 .text.ld_clust
                0x0000000008005ae2       0x5c ./Middlewares/Third_Party/FatFs/src/ff.o
 .text.st_clust
                0x0000000008005b3e       0x4e ./Middlewares/Third_Party/FatFs/src/ff.o
 .text.dir_find
                0x0000000008005b8c       0x9e ./Middlewares/Third_Party/FatFs/src/ff.o
 .text.dir_register
                0x0000000008005c2a       0x72 ./Middlewares/Third_Party/FatFs/src/ff.o
 .text.create_name
                0x0000000008005c9c      0x180 ./Middlewares/Third_Party/FatFs/src/ff.o
 .text.follow_path
                0x0000000008005e1c       0xdc ./Middlewares/Third_Party/FatFs/src/ff.o
 .text.get_ldnumber
                0x0000000008005ef8       0x88 ./Middlewares/Third_Party/FatFs/src/ff.o
 .text.check_fs
                0x0000000008005f80       0xd4 ./Middlewares/Third_Party/FatFs/src/ff.o
 .text.find_volume
                0x0000000008006054      0x590 ./Middlewares/Third_Party/FatFs/src/ff.o
 .text.validate
                0x00000000080065e4       0x66 ./Middlewares/Third_Party/FatFs/src/ff.o
 *fill*         0x000000000800664a        0x2 
 .text.f_mount  0x000000000800664c       0x90 ./Middlewares/Third_Party/FatFs/src/ff.o
                0x000000000800664c                f_mount
 .text.f_open   0x00000000080066dc      0x4f2 ./Middlewares/Third_Party/FatFs/src/ff.o
                0x00000000080066dc                f_open
 .text.f_read   0x0000000008006bce      0x2d6 ./Middlewares/Third_Party/FatFs/src/ff.o
                0x0000000008006bce                f_read
 .text.f_write  0x0000000008006ea4      0x35a ./Middlewares/Third_Party/FatFs/src/ff.o
                0x0000000008006ea4                f_write
 .text.f_sync   0x00000000080071fe      0x174 ./Middlewares/Third_Party/FatFs/src/ff.o
                0x00000000080071fe                f_sync
 .text.f_close  0x0000000008007372       0x50 ./Middlewares/Third_Party/FatFs/src/ff.o
                0x0000000008007372                f_close
 .text.f_getfree
                0x00000000080073c2      0x19a ./Middlewares/Third_Party/FatFs/src/ff.o
                0x00000000080073c2                f_getfree
 .text.f_gets   0x000000000800755c       0x7a ./Middlewares/Third_Party/FatFs/src/ff.o
                0x000000000800755c                f_gets
 *fill*         0x00000000080075d6        0x2 
 .text.FATFS_LinkDriverEx
                0x00000000080075d8       0x98 ./Middlewares/Third_Party/FatFs/src/ff_gen_drv.o
                0x00000000080075d8                FATFS_LinkDriverEx
 .text.FATFS_LinkDriver
                0x0000000008007670       0x1e ./Middlewares/Third_Party/FatFs/src/ff_gen_drv.o
                0x0000000008007670                FATFS_LinkDriver
 *fill*         0x000000000800768e        0x2 
 .text.__errno  0x0000000008007690        0xc c:/st/stm32cubeide_1.11.2/stm32cubeide/plugins/com.st.stm32cube.ide.mcu.externaltools.gnu-tools-for-stm32.10.3-2021.10.win32_1.0.100.202210260954/tools/bin/../lib/gcc/arm-none-eabi/10.3.1/../../../../arm-none-eabi/lib/thumb/v7e-m+fp/hard\libc_nano.a(lib_a-errno.o)
                0x0000000008007690                __errno
 .text.__libc_init_array
                0x000000000800769c       0x48 c:/st/stm32cubeide_1.11.2/stm32cubeide/plugins/com.st.stm32cube.ide.mcu.externaltools.gnu-tools-for-stm32.10.3-2021.10.win32_1.0.100.202210260954/tools/bin/../lib/gcc/arm-none-eabi/10.3.1/../../../../arm-none-eabi/lib/thumb/v7e-m+fp/hard\libc_nano.a(lib_a-init.o)
                0x000000000800769c                __libc_init_array
 .text.memset   0x00000000080076e4       0x10 c:/st/stm32cubeide_1.11.2/stm32cubeide/plugins/com.st.stm32cube.ide.mcu.externaltools.gnu-tools-for-stm32.10.3-2021.10.win32_1.0.100.202210260954/tools/bin/../lib/gcc/arm-none-eabi/10.3.1/../../../../arm-none-eabi/lib/thumb/v7e-m+fp/hard\libc_nano.a(lib_a-memset.o)
                0x00000000080076e4                memset
 .text._vsnprintf_r
                0x00000000080076f4       0x56 c:/st/stm32cubeide_1.11.2/stm32cubeide/plugins/com.st.stm32cube.ide.mcu.externaltools.gnu-tools-for-stm32.10.3-2021.10.win32_1.0.100.202210260954/tools/bin/../lib/gcc/arm-none-eabi/10.3.1/../../../../arm-none-eabi/lib/thumb/v7e-m+fp/hard\libc_nano.a(lib_a-vsnprintf.o)
                0x00000000080076f4                _vsniprintf_r
                0x00000000080076f4                _vsnprintf_r
 *fill*         0x000000000800774a        0x2 
 .text.vsnprintf
                0x000000000800774c       0x1c c:/st/stm32cubeide_1.11.2/stm32cubeide/plugins/com.st.stm32cube.ide.mcu.externaltools.gnu-tools-for-stm32.10.3-2021.10.win32_1.0.100.202210260954/tools/bin/../lib/gcc/arm-none-eabi/10.3.1/../../../../arm-none-eabi/lib/thumb/v7e-m+fp/hard\libc_nano.a(lib_a-vsnprintf.o)
                0x000000000800774c                vsniprintf
                0x000000000800774c                vsnprintf
 .text.__ssputs_r
                0x0000000008007768       0xb6 c:/st/stm32cubeide_1.11.2/stm32cubeide/plugins/com.st.stm32cube.ide.mcu.externaltools.gnu-tools-for-stm32.10.3-2021.10.win32_1.0.100.202210260954/tools/bin/../lib/gcc/arm-none-eabi/10.3.1/../../../../arm-none-eabi/lib/thumb/v7e-m+fp/hard\libc_nano.a(lib_a-nano-svfprintf.o)
                0x0000000008007768                __ssputs_r
 *fill*         0x000000000800781e        0x2 
 .text._svfprintf_r
                0x0000000008007820      0x200 c:/st/stm32cubeide_1.11.2/stm32cubeide/plugins/com.st.stm32cube.ide.mcu.externaltools.gnu-tools-for-stm32.10.3-2021.10.win32_1.0.100.202210260954/tools/bin/../lib/gcc/arm-none-eabi/10.3.1/../../../../arm-none-eabi/lib/thumb/v7e-m+fp/hard\libc_nano.a(lib_a-nano-svfprintf.o)
                0x0000000008007820                _svfiprintf_r
                0x0000000008007820                _svfprintf_r
 .text._printf_common
                0x0000000008007a20       0xda c:/st/stm32cubeide_1.11.2/stm32cubeide/plugins/com.st.stm32cube.ide.mcu.externaltools.gnu-tools-for-stm32.10.3-2021.10.win32_1.0.100.202210260954/tools/bin/../lib/gcc/arm-none-eabi/10.3.1/../../../../arm-none-eabi/lib/thumb/v7e-m+fp/hard\libc_nano.a(lib_a-nano-vfprintf_i.o)
                0x0000000008007a20                _printf_common
 *fill*         0x0000000008007afa        0x2 
 .text._printf_i
                0x0000000008007afc      0x24c c:/st/stm32cubeide_1.11.2/stm32cubeide/plugins/com.st.stm32cube.ide.mcu.externaltools.gnu-tools-for-stm32.10.3-2021.10.win32_1.0.100.202210260954/tools/bin/../lib/gcc/arm-none-eabi/10.3.1/../../../../arm-none-eabi/lib/thumb/v7e-m+fp/hard\libc_nano.a(lib_a-nano-vfprintf_i.o)
                0x0000000008007afc                _printf_i
 .text.memcpy   0x0000000008007d48       0x1c c:/st/stm32cubeide_1.11.2/stm32cubeide/plugins/com.st.stm32cube.ide.mcu.externaltools.gnu-tools-for-stm32.10.3-2021.10.win32_1.0.100.202210260954/tools/bin/../lib/gcc/arm-none-eabi/10.3.1/../../../../arm-none-eabi/lib/thumb/v7e-m+fp/hard\libc_nano.a(lib_a-memcpy-stub.o)
                0x0000000008007d48                memcpy
 .text.memmove  0x0000000008007d64       0x34 c:/st/stm32cubeide_1.11.2/stm32cubeide/plugins/com.st.stm32cube.ide.mcu.externaltools.gnu-tools-for-stm32.10.3-2021.10.win32_1.0.100.202210260954/tools/bin/../lib/gcc/arm-none-eabi/10.3.1/../../../../arm-none-eabi/lib/thumb/v7e-m+fp/hard\libc_nano.a(lib_a-memmove.o)
                0x0000000008007d64                memmove
 .text._free_r  0x0000000008007d98       0x98 c:/st/stm32cubeide_1.11.2/stm32cubeide/plugins/com.st.stm32cube.ide.mcu.externaltools.gnu-tools-for-stm32.10.3-2021.10.win32_1.0.100.202210260954/tools/bin/../lib/gcc/arm-none-eabi/10.3.1/../../../../arm-none-eabi/lib/thumb/v7e-m+fp/hard\libc_nano.a(lib_a-nano-freer.o)
                0x0000000008007d98                _free_r
 .text.sbrk_aligned
                0x0000000008007e30       0x40 c:/st/stm32cubeide_1.11.2/stm32cubeide/plugins/com.st.stm32cube.ide.mcu.externaltools.gnu-tools-for-stm32.10.3-2021.10.win32_1.0.100.202210260954/tools/bin/../lib/gcc/arm-none-eabi/10.3.1/../../../../arm-none-eabi/lib/thumb/v7e-m+fp/hard\libc_nano.a(lib_a-nano-mallocr.o)
 .text._malloc_r
                0x0000000008007e70       0xe8 c:/st/stm32cubeide_1.11.2/stm32cubeide/plugins/com.st.stm32cube.ide.mcu.externaltools.gnu-tools-for-stm32.10.3-2021.10.win32_1.0.100.202210260954/tools/bin/../lib/gcc/arm-none-eabi/10.3.1/../../../../arm-none-eabi/lib/thumb/v7e-m+fp/hard\libc_nano.a(lib_a-nano-mallocr.o)
                0x0000000008007e70                _malloc_r
 .text._realloc_r
                0x0000000008007f58       0x5e c:/st/stm32cubeide_1.11.2/stm32cubeide/plugins/com.st.stm32cube.ide.mcu.externaltools.gnu-tools-for-stm32.10.3-2021.10.win32_1.0.100.202210260954/tools/bin/../lib/gcc/arm-none-eabi/10.3.1/../../../../arm-none-eabi/lib/thumb/v7e-m+fp/hard\libc_nano.a(lib_a-nano-reallocr.o)
                0x0000000008007f58                _realloc_r
 *fill*         0x0000000008007fb6        0x2 
 .text._sbrk_r  0x0000000008007fb8       0x20 c:/st/stm32cubeide_1.11.2/stm32cubeide/plugins/com.st.stm32cube.ide.mcu.externaltools.gnu-tools-for-stm32.10.3-2021.10.win32_1.0.100.202210260954/tools/bin/../lib/gcc/arm-none-eabi/10.3.1/../../../../arm-none-eabi/lib/thumb/v7e-m+fp/hard\libc_nano.a(lib_a-sbrkr.o)
                0x0000000008007fb8                _sbrk_r
 .text.__malloc_lock
                0x0000000008007fd8        0xc c:/st/stm32cubeide_1.11.2/stm32cubeide/plugins/com.st.stm32cube.ide.mcu.externaltools.gnu-tools-for-stm32.10.3-2021.10.win32_1.0.100.202210260954/tools/bin/../lib/gcc/arm-none-eabi/10.3.1/../../../../arm-none-eabi/lib/thumb/v7e-m+fp/hard\libc_nano.a(lib_a-mlock.o)
                0x0000000008007fd8                __malloc_lock
 .text.__malloc_unlock
                0x0000000008007fe4        0xc c:/st/stm32cubeide_1.11.2/stm32cubeide/plugins/com.st.stm32cube.ide.mcu.externaltools.gnu-tools-for-stm32.10.3-2021.10.win32_1.0.100.202210260954/tools/bin/../lib/gcc/arm-none-eabi/10.3.1/../../../../arm-none-eabi/lib/thumb/v7e-m+fp/hard\libc_nano.a(lib_a-mlock.o)
                0x0000000008007fe4                __malloc_unlock
 .text._malloc_usable_size_r
                0x0000000008007ff0       0x10 c:/st/stm32cubeide_1.11.2/stm32cubeide/plugins/com.st.stm32cube.ide.mcu.externaltools.gnu-tools-for-stm32.10.3-2021.10.win32_1.0.100.202210260954/tools/bin/../lib/gcc/arm-none-eabi/10.3.1/../../../../arm-none-eabi/lib/thumb/v7e-m+fp/hard\libc_nano.a(lib_a-nano-msizer.o)
                0x0000000008007ff0                _malloc_usable_size_r
 .text.__retarget_lock_acquire_recursive
                0x0000000008008000        0x2 c:/st/stm32cubeide_1.11.2/stm32cubeide/plugins/com.st.stm32cube.ide.mcu.externaltools.gnu-tools-for-stm32.10.3-2021.10.win32_1.0.100.202210260954/tools/bin/../lib/gcc/arm-none-eabi/10.3.1/../../../../arm-none-eabi/lib/thumb/v7e-m+fp/hard\libc_nano.a(lib_a-lock.o)
                0x0000000008008000                __retarget_lock_acquire_recursive
 .text.__retarget_lock_release_recursive
                0x0000000008008002        0x2 c:/st/stm32cubeide_1.11.2/stm32cubeide/plugins/com.st.stm32cube.ide.mcu.externaltools.gnu-tools-for-stm32.10.3-2021.10.win32_1.0.100.202210260954/tools/bin/../lib/gcc/arm-none-eabi/10.3.1/../../../../arm-none-eabi/lib/thumb/v7e-m+fp/hard\libc_nano.a(lib_a-lock.o)
                0x0000000008008002                __retarget_lock_release_recursive
 *(.glue_7)
 .glue_7        0x0000000008008004        0x0 linker stubs
 *(.glue_7t)
 .glue_7t       0x0000000008008004        0x0 linker stubs
 *(.eh_frame)
 .eh_frame      0x0000000008008004        0x0 c:/st/stm32cubeide_1.11.2/stm32cubeide/plugins/com.st.stm32cube.ide.mcu.externaltools.gnu-tools-for-stm32.10.3-2021.10.win32_1.0.100.202210260954/tools/bin/../lib/gcc/arm-none-eabi/10.3.1/thumb/v7e-m+fp/hard/crtbegin.o
 *(.init)
 .init          0x0000000008008004        0x4 c:/st/stm32cubeide_1.11.2/stm32cubeide/plugins/com.st.stm32cube.ide.mcu.externaltools.gnu-tools-for-stm32.10.3-2021.10.win32_1.0.100.202210260954/tools/bin/../lib/gcc/arm-none-eabi/10.3.1/thumb/v7e-m+fp/hard/crti.o
                0x0000000008008004                _init
 .init          0x0000000008008008        0x8 c:/st/stm32cubeide_1.11.2/stm32cubeide/plugins/com.st.stm32cube.ide.mcu.externaltools.gnu-tools-for-stm32.10.3-2021.10.win32_1.0.100.202210260954/tools/bin/../lib/gcc/arm-none-eabi/10.3.1/thumb/v7e-m+fp/hard/crtn.o
 *(.fini)
 .fini          0x0000000008008010        0x4 c:/st/stm32cubeide_1.11.2/stm32cubeide/plugins/com.st.stm32cube.ide.mcu.externaltools.gnu-tools-for-stm32.10.3-2021.10.win32_1.0.100.202210260954/tools/bin/../lib/gcc/arm-none-eabi/10.3.1/thumb/v7e-m+fp/hard/crti.o
                0x0000000008008010                _fini
 .fini          0x0000000008008014        0x8 c:/st/stm32cubeide_1.11.2/stm32cubeide/plugins/com.st.stm32cube.ide.mcu.externaltools.gnu-tools-for-stm32.10.3-2021.10.win32_1.0.100.202210260954/tools/bin/../lib/gcc/arm-none-eabi/10.3.1/thumb/v7e-m+fp/hard/crtn.o
                0x000000000800801c                . = ALIGN (0x4)
                0x000000000800801c                _etext = .

.vfp11_veneer   0x000000000800801c        0x0
 .vfp11_veneer  0x000000000800801c        0x0 linker stubs

.v4_bx          0x000000000800801c        0x0
 .v4_bx         0x000000000800801c        0x0 linker stubs

.iplt           0x000000000800801c        0x0
 .iplt          0x000000000800801c        0x0 c:/st/stm32cubeide_1.11.2/stm32cubeide/plugins/com.st.stm32cube.ide.mcu.externaltools.gnu-tools-for-stm32.10.3-2021.10.win32_1.0.100.202210260954/tools/bin/../lib/gcc/arm-none-eabi/10.3.1/thumb/v7e-m+fp/hard/crtbegin.o

.rodata         0x000000000800801c      0x2e8
                0x000000000800801c                . = ALIGN (0x4)
 *(.rodata)
 .rodata        0x000000000800801c      0x1b5 ./Core/Src/main.o
 *fill*         0x00000000080081d1        0x3 
 .rodata        0x00000000080081d4       0x44 ./Middlewares/Third_Party/FatFs/src/ff.o
 *(.rodata*)
 .rodata.AHBPrescTable
                0x0000000008008218       0x10 ./Core/Src/system_stm32f3xx.o
                0x0000000008008218                AHBPrescTable
 .rodata.APBPrescTable
                0x0000000008008228        0x8 ./Core/Src/system_stm32f3xx.o
                0x0000000008008228                APBPrescTable
 .rodata.aPLLMULFactorTable
                0x0000000008008230       0x10 ./Drivers/STM32F3xx_HAL_Driver/Src/stm32f3xx_hal_rcc.o
 .rodata.aPredivFactorTable
                0x0000000008008240       0x10 ./Drivers/STM32F3xx_HAL_Driver/Src/stm32f3xx_hal_rcc.o
 .rodata.ExCvt  0x0000000008008250       0x80 ./Middlewares/Third_Party/FatFs/src/ff.o
 .rodata._svfprintf_r.str1.1
                0x00000000080082d0       0x11 c:/st/stm32cubeide_1.11.2/stm32cubeide/plugins/com.st.stm32cube.ide.mcu.externaltools.gnu-tools-for-stm32.10.3-2021.10.win32_1.0.100.202210260954/tools/bin/../lib/gcc/arm-none-eabi/10.3.1/../../../../arm-none-eabi/lib/thumb/v7e-m+fp/hard\libc_nano.a(lib_a-nano-svfprintf.o)
 .rodata._printf_i.str1.1
                0x00000000080082e1       0x22 c:/st/stm32cubeide_1.11.2/stm32cubeide/plugins/com.st.stm32cube.ide.mcu.externaltools.gnu-tools-for-stm32.10.3-2021.10.win32_1.0.100.202210260954/tools/bin/../lib/gcc/arm-none-eabi/10.3.1/../../../../arm-none-eabi/lib/thumb/v7e-m+fp/hard\libc_nano.a(lib_a-nano-vfprintf_i.o)
                0x0000000008008304                . = ALIGN (0x4)
 *fill*         0x0000000008008303        0x1 

.rel.dyn        0x0000000008008304        0x0
 .rel.iplt      0x0000000008008304        0x0 c:/st/stm32cubeide_1.11.2/stm32cubeide/plugins/com.st.stm32cube.ide.mcu.externaltools.gnu-tools-for-stm32.10.3-2021.10.win32_1.0.100.202210260954/tools/bin/../lib/gcc/arm-none-eabi/10.3.1/thumb/v7e-m+fp/hard/crtbegin.o

.ARM.extab      0x0000000008008304        0x0
                0x0000000008008304                . = ALIGN (0x4)
 *(.ARM.extab* .gnu.linkonce.armextab.*)
                0x0000000008008304                . = ALIGN (0x4)

.ARM            0x0000000008008304        0x0
                0x0000000008008304                . = ALIGN (0x4)
                0x0000000008008304                __exidx_start = .
 *(.ARM.exidx*)
                0x0000000008008304                __exidx_end = .
                0x0000000008008304                . = ALIGN (0x4)

.preinit_array  0x0000000008008304        0x0
                0x0000000008008304                . = ALIGN (0x4)
                0x0000000008008304                PROVIDE (__preinit_array_start = .)
 *(.preinit_array*)
                0x0000000008008304                PROVIDE (__preinit_array_end = .)
                0x0000000008008304                . = ALIGN (0x4)

.init_array     0x0000000008008304        0x4
                0x0000000008008304                . = ALIGN (0x4)
                0x0000000008008304                PROVIDE (__init_array_start = .)
 *(SORT_BY_NAME(.init_array.*))
 *(.init_array*)
 .init_array    0x0000000008008304        0x4 c:/st/stm32cubeide_1.11.2/stm32cubeide/plugins/com.st.stm32cube.ide.mcu.externaltools.gnu-tools-for-stm32.10.3-2021.10.win32_1.0.100.202210260954/tools/bin/../lib/gcc/arm-none-eabi/10.3.1/thumb/v7e-m+fp/hard/crtbegin.o
                0x0000000008008308                PROVIDE (__init_array_end = .)
                0x0000000008008308                . = ALIGN (0x4)

.fini_array     0x0000000008008308        0x4
                0x0000000008008308                . = ALIGN (0x4)
                [!provide]                        PROVIDE (__fini_array_start = .)
 *(SORT_BY_NAME(.fini_array.*))
 *(.fini_array*)
 .fini_array    0x0000000008008308        0x4 c:/st/stm32cubeide_1.11.2/stm32cubeide/plugins/com.st.stm32cube.ide.mcu.externaltools.gnu-tools-for-stm32.10.3-2021.10.win32_1.0.100.202210260954/tools/bin/../lib/gcc/arm-none-eabi/10.3.1/thumb/v7e-m+fp/hard/crtbegin.o
                [!provide]                        PROVIDE (__fini_array_end = .)
                0x000000000800830c                . = ALIGN (0x4)
                0x000000000800830c                _sidata = LOADADDR (.data)

.data           0x0000000020000000       0x88 load address 0x000000000800830c
                0x0000000020000000                . = ALIGN (0x4)
                0x0000000020000000                _sdata = .
 *(.data)
 *(.data*)
 .data.SystemCoreClock
                0x0000000020000000        0x4 ./Core/Src/system_stm32f3xx.o
                0x0000000020000000                SystemCoreClock
 .data.uwTickPrio
                0x0000000020000004        0x4 ./Drivers/STM32F3xx_HAL_Driver/Src/stm32f3xx_hal.o
                0x0000000020000004                uwTickPrio
 .data.uwTickFreq
                0x0000000020000008        0x1 ./Drivers/STM32F3xx_HAL_Driver/Src/stm32f3xx_hal.o
                0x0000000020000008                uwTickFreq
 *fill*         0x0000000020000009        0x3 
 .data.USER_Driver
                0x000000002000000c       0x14 ./FATFS/Target/user_diskio.o
                0x000000002000000c                USER_Driver
 .data.Stat     0x0000000020000020        0x1 ./FATFS/Target/user_diskio_spi.o
 *fill*         0x0000000020000021        0x3 
 .data._impure_ptr
                0x0000000020000024        0x4 c:/st/stm32cubeide_1.11.2/stm32cubeide/plugins/com.st.stm32cube.ide.mcu.externaltools.gnu-tools-for-stm32.10.3-2021.10.win32_1.0.100.202210260954/tools/bin/../lib/gcc/arm-none-eabi/10.3.1/../../../../arm-none-eabi/lib/thumb/v7e-m+fp/hard\libc_nano.a(lib_a-impure.o)
                0x0000000020000024                _impure_ptr
 .data.impure_data
                0x0000000020000028       0x60 c:/st/stm32cubeide_1.11.2/stm32cubeide/plugins/com.st.stm32cube.ide.mcu.externaltools.gnu-tools-for-stm32.10.3-2021.10.win32_1.0.100.202210260954/tools/bin/../lib/gcc/arm-none-eabi/10.3.1/../../../../arm-none-eabi/lib/thumb/v7e-m+fp/hard\libc_nano.a(lib_a-impure.o)
 *(.RamFunc)
 *(.RamFunc*)
                0x0000000020000088                . = ALIGN (0x4)
                0x0000000020000088                _edata = .
                0x0000000008008394                _siccmram = LOADADDR (.ccmram)

.igot.plt       0x0000000020000088        0x0 load address 0x0000000008008394
 .igot.plt      0x0000000020000088        0x0 c:/st/stm32cubeide_1.11.2/stm32cubeide/plugins/com.st.stm32cube.ide.mcu.externaltools.gnu-tools-for-stm32.10.3-2021.10.win32_1.0.100.202210260954/tools/bin/../lib/gcc/arm-none-eabi/10.3.1/thumb/v7e-m+fp/hard/crtbegin.o

.ccmram         0x0000000010000000        0x0 load address 0x0000000008008394
                0x0000000010000000                . = ALIGN (0x4)
                0x0000000010000000                _sccmram = .
 *(.ccmram)
 *(.ccmram*)
                0x0000000010000000                . = ALIGN (0x4)
                0x0000000010000000                _eccmram = .
                0x0000000010000000                . = ALIGN (0x4)

.bss            0x0000000020000088      0x260
                0x0000000020000088                _sbss = .
                0x0000000020000088                __bss_start__ = _sbss
 *(.bss)
 .bss           0x0000000020000088       0x1c c:/st/stm32cubeide_1.11.2/stm32cubeide/plugins/com.st.stm32cube.ide.mcu.externaltools.gnu-tools-for-stm32.10.3-2021.10.win32_1.0.100.202210260954/tools/bin/../lib/gcc/arm-none-eabi/10.3.1/thumb/v7e-m+fp/hard/crtbegin.o
 *(.bss*)
 .bss.buffer.0  0x00000000200000a4      0x100 ./Core/Src/main.o
 .bss.hspi2     0x00000000200001a4       0x64 ./Core/Src/spi.o
                0x00000000200001a4                hspi2
 .bss.__sbrk_heap_end
                0x0000000020000208        0x4 ./Core/Src/sysmem.o
 .bss.huart2    0x000000002000020c       0x88 ./Core/Src/usart.o
                0x000000002000020c                huart2
 .bss.uwTick    0x0000000020000294        0x4 ./Drivers/STM32F3xx_HAL_Driver/Src/stm32f3xx_hal.o
                0x0000000020000294                uwTick
 .bss.retUSER   0x0000000020000298        0x1 ./FATFS/App/fatfs.o
                0x0000000020000298                retUSER
 *fill*         0x0000000020000299        0x3 
 .bss.USERPath  0x000000002000029c        0x4 ./FATFS/App/fatfs.o
                0x000000002000029c                USERPath
 .bss.CardType  0x00000000200002a0        0x1 ./FATFS/Target/user_diskio_spi.o
 *fill*         0x00000000200002a1        0x3 
 .bss.spiTimerTickStart
                0x00000000200002a4        0x4 ./FATFS/Target/user_diskio_spi.o
                0x00000000200002a4                spiTimerTickStart
 .bss.spiTimerTickDelay
                0x00000000200002a8        0x4 ./FATFS/Target/user_diskio_spi.o
                0x00000000200002a8                spiTimerTickDelay
 .bss.FatFs     0x00000000200002ac        0x4 ./Middlewares/Third_Party/FatFs/src/ff.o
 .bss.Fsid      0x00000000200002b0        0x2 ./Middlewares/Third_Party/FatFs/src/ff.o
 *fill*         0x00000000200002b2        0x2 
 .bss.Files     0x00000000200002b4       0x18 ./Middlewares/Third_Party/FatFs/src/ff.o
 .bss.disk      0x00000000200002cc        0xc ./Middlewares/Third_Party/FatFs/src/ff_gen_drv.o
                0x00000000200002cc                disk
 .bss.__malloc_free_list
                0x00000000200002d8        0x4 c:/st/stm32cubeide_1.11.2/stm32cubeide/plugins/com.st.stm32cube.ide.mcu.externaltools.gnu-tools-for-stm32.10.3-2021.10.win32_1.0.100.202210260954/tools/bin/../lib/gcc/arm-none-eabi/10.3.1/../../../../arm-none-eabi/lib/thumb/v7e-m+fp/hard\libc_nano.a(lib_a-nano-mallocr.o)
                0x00000000200002d8                __malloc_free_list
 .bss.__malloc_sbrk_start
                0x00000000200002dc        0x4 c:/st/stm32cubeide_1.11.2/stm32cubeide/plugins/com.st.stm32cube.ide.mcu.externaltools.gnu-tools-for-stm32.10.3-2021.10.win32_1.0.100.202210260954/tools/bin/../lib/gcc/arm-none-eabi/10.3.1/../../../../arm-none-eabi/lib/thumb/v7e-m+fp/hard\libc_nano.a(lib_a-nano-mallocr.o)
                0x00000000200002dc                __malloc_sbrk_start
 .bss.errno     0x00000000200002e0        0x4 c:/st/stm32cubeide_1.11.2/stm32cubeide/plugins/com.st.stm32cube.ide.mcu.externaltools.gnu-tools-for-stm32.10.3-2021.10.win32_1.0.100.202210260954/tools/bin/../lib/gcc/arm-none-eabi/10.3.1/../../../../arm-none-eabi/lib/thumb/v7e-m+fp/hard\libc_nano.a(lib_a-reent.o)
                0x00000000200002e0                errno
 .bss.__lock___malloc_recursive_mutex
                0x00000000200002e4        0x1 c:/st/stm32cubeide_1.11.2/stm32cubeide/plugins/com.st.stm32cube.ide.mcu.externaltools.gnu-tools-for-stm32.10.3-2021.10.win32_1.0.100.202210260954/tools/bin/../lib/gcc/arm-none-eabi/10.3.1/../../../../arm-none-eabi/lib/thumb/v7e-m+fp/hard\libc_nano.a(lib_a-lock.o)
                0x00000000200002e4                __lock___malloc_recursive_mutex
 *(COMMON)
                0x00000000200002e8                . = ALIGN (0x4)
 *fill*         0x00000000200002e5        0x3 
                0x00000000200002e8                _ebss = .
                0x00000000200002e8                __bss_end__ = _ebss

._user_heap_stack
                0x00000000200002e8      0x600
                0x00000000200002e8                . = ALIGN (0x8)
                [!provide]                        PROVIDE (end = .)
                0x00000000200002e8                PROVIDE (_end = .)
                0x00000000200004e8                . = (. + _Min_Heap_Size)
 *fill*         0x00000000200002e8      0x200 
                0x00000000200008e8                . = (. + _Min_Stack_Size)
 *fill*         0x00000000200004e8      0x400 
                0x00000000200008e8                . = ALIGN (0x8)

/DISCARD/
 libc.a(*)
 libm.a(*)
 libgcc.a(*)

.ARM.attributes
                0x0000000000000000       0x30
 *(.ARM.attributes)
 .ARM.attributes
                0x0000000000000000       0x1e c:/st/stm32cubeide_1.11.2/stm32cubeide/plugins/com.st.stm32cube.ide.mcu.externaltools.gnu-tools-for-stm32.10.3-2021.10.win32_1.0.100.202210260954/tools/bin/../lib/gcc/arm-none-eabi/10.3.1/thumb/v7e-m+fp/hard/crti.o
 .ARM.attributes
                0x000000000000001e       0x34 c:/st/stm32cubeide_1.11.2/stm32cubeide/plugins/com.st.stm32cube.ide.mcu.externaltools.gnu-tools-for-stm32.10.3-2021.10.win32_1.0.100.202210260954/tools/bin/../lib/gcc/arm-none-eabi/10.3.1/thumb/v7e-m+fp/hard/crtbegin.o
 .ARM.attributes
                0x0000000000000052       0x34 ./Core/Src/gpio.o
 .ARM.attributes
                0x0000000000000086       0x34 ./Core/Src/main.o
 .ARM.attributes
                0x00000000000000ba       0x34 ./Core/Src/spi.o
 .ARM.attributes
                0x00000000000000ee       0x34 ./Core/Src/stm32f3xx_hal_msp.o
 .ARM.attributes
                0x0000000000000122       0x34 ./Core/Src/stm32f3xx_it.o
 .ARM.attributes
                0x0000000000000156       0x34 ./Core/Src/sysmem.o
 .ARM.attributes
                0x000000000000018a       0x34 ./Core/Src/system_stm32f3xx.o
 .ARM.attributes
                0x00000000000001be       0x34 ./Core/Src/usart.o
 .ARM.attributes
                0x00000000000001f2       0x21 ./Core/Startup/startup_stm32f303retx.o
 .ARM.attributes
                0x0000000000000213       0x34 ./Drivers/STM32F3xx_HAL_Driver/Src/stm32f3xx_hal.o
 .ARM.attributes
                0x0000000000000247       0x34 ./Drivers/STM32F3xx_HAL_Driver/Src/stm32f3xx_hal_cortex.o
 .ARM.attributes
                0x000000000000027b       0x34 ./Drivers/STM32F3xx_HAL_Driver/Src/stm32f3xx_hal_gpio.o
 .ARM.attributes
                0x00000000000002af       0x34 ./Drivers/STM32F3xx_HAL_Driver/Src/stm32f3xx_hal_rcc.o
 .ARM.attributes
                0x00000000000002e3       0x34 ./Drivers/STM32F3xx_HAL_Driver/Src/stm32f3xx_hal_rcc_ex.o
 .ARM.attributes
                0x0000000000000317       0x34 ./Drivers/STM32F3xx_HAL_Driver/Src/stm32f3xx_hal_spi.o
 .ARM.attributes
                0x000000000000034b       0x34 ./Drivers/STM32F3xx_HAL_Driver/Src/stm32f3xx_hal_uart.o
 .ARM.attributes
                0x000000000000037f       0x34 ./FATFS/App/fatfs.o
 .ARM.attributes
                0x00000000000003b3       0x34 ./FATFS/Target/user_diskio.o
 .ARM.attributes
                0x00000000000003e7       0x34 ./FATFS/Target/user_diskio_spi.o
 .ARM.attributes
                0x000000000000041b       0x34 ./Middlewares/Third_Party/FatFs/src/diskio.o
 .ARM.attributes
                0x000000000000044f       0x34 ./Middlewares/Third_Party/FatFs/src/ff.o
 .ARM.attributes
                0x0000000000000483       0x34 ./Middlewares/Third_Party/FatFs/src/ff_gen_drv.o
 .ARM.attributes
                0x00000000000004b7       0x34 c:/st/stm32cubeide_1.11.2/stm32cubeide/plugins/com.st.stm32cube.ide.mcu.externaltools.gnu-tools-for-stm32.10.3-2021.10.win32_1.0.100.202210260954/tools/bin/../lib/gcc/arm-none-eabi/10.3.1/../../../../arm-none-eabi/lib/thumb/v7e-m+fp/hard\libc_nano.a(lib_a-errno.o)
 .ARM.attributes
                0x00000000000004eb       0x34 c:/st/stm32cubeide_1.11.2/stm32cubeide/plugins/com.st.stm32cube.ide.mcu.externaltools.gnu-tools-for-stm32.10.3-2021.10.win32_1.0.100.202210260954/tools/bin/../lib/gcc/arm-none-eabi/10.3.1/../../../../arm-none-eabi/lib/thumb/v7e-m+fp/hard\libc_nano.a(lib_a-impure.o)
 .ARM.attributes
                0x000000000000051f       0x34 c:/st/stm32cubeide_1.11.2/stm32cubeide/plugins/com.st.stm32cube.ide.mcu.externaltools.gnu-tools-for-stm32.10.3-2021.10.win32_1.0.100.202210260954/tools/bin/../lib/gcc/arm-none-eabi/10.3.1/../../../../arm-none-eabi/lib/thumb/v7e-m+fp/hard\libc_nano.a(lib_a-init.o)
 .ARM.attributes
                0x0000000000000553       0x34 c:/st/stm32cubeide_1.11.2/stm32cubeide/plugins/com.st.stm32cube.ide.mcu.externaltools.gnu-tools-for-stm32.10.3-2021.10.win32_1.0.100.202210260954/tools/bin/../lib/gcc/arm-none-eabi/10.3.1/../../../../arm-none-eabi/lib/thumb/v7e-m+fp/hard\libc_nano.a(lib_a-memset.o)
 .ARM.attributes
                0x0000000000000587       0x17 c:/st/stm32cubeide_1.11.2/stm32cubeide/plugins/com.st.stm32cube.ide.mcu.externaltools.gnu-tools-for-stm32.10.3-2021.10.win32_1.0.100.202210260954/tools/bin/../lib/gcc/arm-none-eabi/10.3.1/../../../../arm-none-eabi/lib/thumb/v7e-m+fp/hard\libc_nano.a(lib_a-strlen.o)
 .ARM.attributes
                0x000000000000059e       0x34 c:/st/stm32cubeide_1.11.2/stm32cubeide/plugins/com.st.stm32cube.ide.mcu.externaltools.gnu-tools-for-stm32.10.3-2021.10.win32_1.0.100.202210260954/tools/bin/../lib/gcc/arm-none-eabi/10.3.1/../../../../arm-none-eabi/lib/thumb/v7e-m+fp/hard\libc_nano.a(lib_a-vsnprintf.o)
 .ARM.attributes
                0x00000000000005d2       0x34 c:/st/stm32cubeide_1.11.2/stm32cubeide/plugins/com.st.stm32cube.ide.mcu.externaltools.gnu-tools-for-stm32.10.3-2021.10.win32_1.0.100.202210260954/tools/bin/../lib/gcc/arm-none-eabi/10.3.1/../../../../arm-none-eabi/lib/thumb/v7e-m+fp/hard\libc_nano.a(lib_a-nano-svfprintf.o)
 .ARM.attributes
                0x0000000000000606       0x34 c:/st/stm32cubeide_1.11.2/stm32cubeide/plugins/com.st.stm32cube.ide.mcu.externaltools.gnu-tools-for-stm32.10.3-2021.10.win32_1.0.100.202210260954/tools/bin/../lib/gcc/arm-none-eabi/10.3.1/../../../../arm-none-eabi/lib/thumb/v7e-m+fp/hard\libc_nano.a(lib_a-nano-vfprintf_i.o)
 .ARM.attributes
                0x000000000000063a       0x1c c:/st/stm32cubeide_1.11.2/stm32cubeide/plugins/com.st.stm32cube.ide.mcu.externaltools.gnu-tools-for-stm32.10.3-2021.10.win32_1.0.100.202210260954/tools/bin/../lib/gcc/arm-none-eabi/10.3.1/../../../../arm-none-eabi/lib/thumb/v7e-m+fp/hard\libc_nano.a(lib_a-memchr.o)
 .ARM.attributes
                0x0000000000000656       0x34 c:/st/stm32cubeide_1.11.2/stm32cubeide/plugins/com.st.stm32cube.ide.mcu.externaltools.gnu-tools-for-stm32.10.3-2021.10.win32_1.0.100.202210260954/tools/bin/../lib/gcc/arm-none-eabi/10.3.1/../../../../arm-none-eabi/lib/thumb/v7e-m+fp/hard\libc_nano.a(lib_a-memcpy-stub.o)
 .ARM.attributes
                0x000000000000068a       0x34 c:/st/stm32cubeide_1.11.2/stm32cubeide/plugins/com.st.stm32cube.ide.mcu.externaltools.gnu-tools-for-stm32.10.3-2021.10.win32_1.0.100.202210260954/tools/bin/../lib/gcc/arm-none-eabi/10.3.1/../../../../arm-none-eabi/lib/thumb/v7e-m+fp/hard\libc_nano.a(lib_a-memmove.o)
 .ARM.attributes
                0x00000000000006be       0x34 c:/st/stm32cubeide_1.11.2/stm32cubeide/plugins/com.st.stm32cube.ide.mcu.externaltools.gnu-tools-for-stm32.10.3-2021.10.win32_1.0.100.202210260954/tools/bin/../lib/gcc/arm-none-eabi/10.3.1/../../../../arm-none-eabi/lib/thumb/v7e-m+fp/hard\libc_nano.a(lib_a-nano-freer.o)
 .ARM.attributes
                0x00000000000006f2       0x34 c:/st/stm32cubeide_1.11.2/stm32cubeide/plugins/com.st.stm32cube.ide.mcu.externaltools.gnu-tools-for-stm32.10.3-2021.10.win32_1.0.100.202210260954/tools/bin/../lib/gcc/arm-none-eabi/10.3.1/../../../../arm-none-eabi/lib/thumb/v7e-m+fp/hard\libc_nano.a(lib_a-nano-mallocr.o)
 .ARM.attributes
                0x0000000000000726       0x34 c:/st/stm32cubeide_1.11.2/stm32cubeide/plugins/com.st.stm32cube.ide.mcu.externaltools.gnu-tools-for-stm32.10.3-2021.10.win32_1.0.100.202210260954/tools/bin/../lib/gcc/arm-none-eabi/10.3.1/../../../../arm-none-eabi/lib/thumb/v7e-m+fp/hard\libc_nano.a(lib_a-nano-reallocr.o)
 .ARM.attributes
                0x000000000000075a       0x34 c:/st/stm32cubeide_1.11.2/stm32cubeide/plugins/com.st.stm32cube.ide.mcu.externaltools.gnu-tools-for-stm32.10.3-2021.10.win32_1.0.100.202210260954/tools/bin/../lib/gcc/arm-none-eabi/10.3.1/../../../../arm-none-eabi/lib/thumb/v7e-m+fp/hard\libc_nano.a(lib_a-sbrkr.o)
 .ARM.attributes
                0x000000000000078e       0x34 c:/st/stm32cubeide_1.11.2/stm32cubeide/plugins/com.st.stm32cube.ide.mcu.externaltools.gnu-tools-for-stm32.10.3-2021.10.win32_1.0.100.202210260954/tools/bin/../lib/gcc/arm-none-eabi/10.3.1/../../../../arm-none-eabi/lib/thumb/v7e-m+fp/hard\libc_nano.a(lib_a-mlock.o)
 .ARM.attributes
                0x00000000000007c2       0x34 c:/st/stm32cubeide_1.11.2/stm32cubeide/plugins/com.st.stm32cube.ide.mcu.externaltools.gnu-tools-for-stm32.10.3-2021.10.win32_1.0.100.202210260954/tools/bin/../lib/gcc/arm-none-eabi/10.3.1/../../../../arm-none-eabi/lib/thumb/v7e-m+fp/hard\libc_nano.a(lib_a-nano-msizer.o)
 .ARM.attributes
                0x00000000000007f6       0x34 c:/st/stm32cubeide_1.11.2/stm32cubeide/plugins/com.st.stm32cube.ide.mcu.externaltools.gnu-tools-for-stm32.10.3-2021.10.win32_1.0.100.202210260954/tools/bin/../lib/gcc/arm-none-eabi/10.3.1/../../../../arm-none-eabi/lib/thumb/v7e-m+fp/hard\libc_nano.a(lib_a-reent.o)
 .ARM.attributes
                0x000000000000082a       0x34 c:/st/stm32cubeide_1.11.2/stm32cubeide/plugins/com.st.stm32cube.ide.mcu.externaltools.gnu-tools-for-stm32.10.3-2021.10.win32_1.0.100.202210260954/tools/bin/../lib/gcc/arm-none-eabi/10.3.1/../../../../arm-none-eabi/lib/thumb/v7e-m+fp/hard\libc_nano.a(lib_a-lock.o)
 .ARM.attributes
                0x000000000000085e       0x1e c:/st/stm32cubeide_1.11.2/stm32cubeide/plugins/com.st.stm32cube.ide.mcu.externaltools.gnu-tools-for-stm32.10.3-2021.10.win32_1.0.100.202210260954/tools/bin/../lib/gcc/arm-none-eabi/10.3.1/thumb/v7e-m+fp/hard/crtn.o
OUTPUT(SD_NUCLEO.elf elf32-littlearm)
LOAD linker stubs
LOAD c:/st/stm32cubeide_1.11.2/stm32cubeide/plugins/com.st.stm32cube.ide.mcu.externaltools.gnu-tools-for-stm32.10.3-2021.10.win32_1.0.100.202210260954/tools/bin/../lib/gcc/arm-none-eabi/10.3.1/../../../../arm-none-eabi/lib/thumb/v7e-m+fp/hard\libc.a
LOAD c:/st/stm32cubeide_1.11.2/stm32cubeide/plugins/com.st.stm32cube.ide.mcu.externaltools.gnu-tools-for-stm32.10.3-2021.10.win32_1.0.100.202210260954/tools/bin/../lib/gcc/arm-none-eabi/10.3.1/../../../../arm-none-eabi/lib/thumb/v7e-m+fp/hard\libm.a
LOAD c:/st/stm32cubeide_1.11.2/stm32cubeide/plugins/com.st.stm32cube.ide.mcu.externaltools.gnu-tools-for-stm32.10.3-2021.10.win32_1.0.100.202210260954/tools/bin/../lib/gcc/arm-none-eabi/10.3.1/thumb/v7e-m+fp/hard\libgcc.a

.debug_info     0x0000000000000000     0xfc65
 .debug_info    0x0000000000000000      0x383 ./Core/Src/gpio.o
 .debug_info    0x0000000000000383     0x10f6 ./Core/Src/main.o
 .debug_info    0x0000000000001479      0x8d7 ./Core/Src/spi.o
 .debug_info    0x0000000000001d50      0x1bd ./Core/Src/stm32f3xx_hal_msp.o
 .debug_info    0x0000000000001f0d      0x122 ./Core/Src/stm32f3xx_it.o
 .debug_info    0x000000000000202f      0x171 ./Core/Src/sysmem.o
 .debug_info    0x00000000000021a0      0x416 ./Core/Src/system_stm32f3xx.o
 .debug_info    0x00000000000025b6      0x98b ./Core/Src/usart.o
 .debug_info    0x0000000000002f41       0x22 ./Core/Startup/startup_stm32f303retx.o
 .debug_info    0x0000000000002f63      0x837 ./Drivers/STM32F3xx_HAL_Driver/Src/stm32f3xx_hal.o
 .debug_info    0x000000000000379a      0xdb5 ./Drivers/STM32F3xx_HAL_Driver/Src/stm32f3xx_hal_cortex.o
 .debug_info    0x000000000000454f      0x74e ./Drivers/STM32F3xx_HAL_Driver/Src/stm32f3xx_hal_gpio.o
 .debug_info    0x0000000000004c9d     0x1596 ./Drivers/STM32F3xx_HAL_Driver/Src/stm32f3xx_hal_rcc.o
 .debug_info    0x0000000000006233      0x68a ./Drivers/STM32F3xx_HAL_Driver/Src/stm32f3xx_hal_rcc_ex.o
 .debug_info    0x00000000000068bd     0x178c ./Drivers/STM32F3xx_HAL_Driver/Src/stm32f3xx_hal_spi.o
 .debug_info    0x0000000000008049     0x3bf8 ./Drivers/STM32F3xx_HAL_Driver/Src/stm32f3xx_hal_uart.o
 .debug_info    0x000000000000bc41      0x51e ./FATFS/App/fatfs.o
 .debug_info    0x000000000000c15f      0x3d2 ./FATFS/Target/user_diskio.o
 .debug_info    0x000000000000c531      0xcab ./FATFS/Target/user_diskio_spi.o
 .debug_info    0x000000000000d1dc      0x40d ./Middlewares/Third_Party/FatFs/src/diskio.o
 .debug_info    0x000000000000d5e9     0x22d8 ./Middlewares/Third_Party/FatFs/src/ff.o
 .debug_info    0x000000000000f8c1      0x3a4 ./Middlewares/Third_Party/FatFs/src/ff_gen_drv.o

.debug_abbrev   0x0000000000000000     0x27ec
 .debug_abbrev  0x0000000000000000      0x146 ./Core/Src/gpio.o
 .debug_abbrev  0x0000000000000146      0x2d0 ./Core/Src/main.o
 .debug_abbrev  0x0000000000000416      0x1e0 ./Core/Src/spi.o
 .debug_abbrev  0x00000000000005f6       0xde ./Core/Src/stm32f3xx_hal_msp.o
 .debug_abbrev  0x00000000000006d4       0x74 ./Core/Src/stm32f3xx_it.o
 .debug_abbrev  0x0000000000000748       0xbb ./Core/Src/sysmem.o
 .debug_abbrev  0x0000000000000803      0x116 ./Core/Src/system_stm32f3xx.o
 .debug_abbrev  0x0000000000000919      0x1e7 ./Core/Src/usart.o
 .debug_abbrev  0x0000000000000b00       0x12 ./Core/Startup/startup_stm32f303retx.o
 .debug_abbrev  0x0000000000000b12      0x20e ./Drivers/STM32F3xx_HAL_Driver/Src/stm32f3xx_hal.o
 .debug_abbrev  0x0000000000000d20      0x316 ./Drivers/STM32F3xx_HAL_Driver/Src/stm32f3xx_hal_cortex.o
 .debug_abbrev  0x0000000000001036      0x1bb ./Drivers/STM32F3xx_HAL_Driver/Src/stm32f3xx_hal_gpio.o
 .debug_abbrev  0x00000000000011f1      0x2f9 ./Drivers/STM32F3xx_HAL_Driver/Src/stm32f3xx_hal_rcc.o
 .debug_abbrev  0x00000000000014ea      0x240 ./Drivers/STM32F3xx_HAL_Driver/Src/stm32f3xx_hal_rcc_ex.o
 .debug_abbrev  0x000000000000172a      0x254 ./Drivers/STM32F3xx_HAL_Driver/Src/stm32f3xx_hal_spi.o
 .debug_abbrev  0x000000000000197e      0x2bc ./Drivers/STM32F3xx_HAL_Driver/Src/stm32f3xx_hal_uart.o
 .debug_abbrev  0x0000000000001c3a      0x19a ./FATFS/App/fatfs.o
 .debug_abbrev  0x0000000000001dd4      0x13f ./FATFS/Target/user_diskio.o
 .debug_abbrev  0x0000000000001f13      0x306 ./FATFS/Target/user_diskio_spi.o
 .debug_abbrev  0x0000000000002219      0x178 ./Middlewares/Third_Party/FatFs/src/diskio.o
 .debug_abbrev  0x0000000000002391      0x2c5 ./Middlewares/Third_Party/FatFs/src/ff.o
 .debug_abbrev  0x0000000000002656      0x196 ./Middlewares/Third_Party/FatFs/src/ff_gen_drv.o

.debug_aranges  0x0000000000000000      0xc28
 .debug_aranges
                0x0000000000000000       0x20 ./Core/Src/gpio.o
 .debug_aranges
                0x0000000000000020       0x38 ./Core/Src/main.o
 .debug_aranges
                0x0000000000000058       0x30 ./Core/Src/spi.o
 .debug_aranges
                0x0000000000000088       0x20 ./Core/Src/stm32f3xx_hal_msp.o
 .debug_aranges
                0x00000000000000a8       0x60 ./Core/Src/stm32f3xx_it.o
 .debug_aranges
                0x0000000000000108       0x20 ./Core/Src/sysmem.o
 .debug_aranges
                0x0000000000000128       0x28 ./Core/Src/system_stm32f3xx.o
 .debug_aranges
                0x0000000000000150       0x30 ./Core/Src/usart.o
 .debug_aranges
                0x0000000000000180       0x28 ./Core/Startup/startup_stm32f303retx.o
 .debug_aranges
                0x00000000000001a8       0xe0 ./Drivers/STM32F3xx_HAL_Driver/Src/stm32f3xx_hal.o
 .debug_aranges
                0x0000000000000288      0x118 ./Drivers/STM32F3xx_HAL_Driver/Src/stm32f3xx_hal_cortex.o
 .debug_aranges
                0x00000000000003a0       0x58 ./Drivers/STM32F3xx_HAL_Driver/Src/stm32f3xx_hal_gpio.o
 .debug_aranges
                0x00000000000003f8       0x88 ./Drivers/STM32F3xx_HAL_Driver/Src/stm32f3xx_hal_rcc.o
 .debug_aranges
                0x0000000000000480       0x38 ./Drivers/STM32F3xx_HAL_Driver/Src/stm32f3xx_hal_rcc_ex.o
 .debug_aranges
                0x00000000000004b8      0x1d8 ./Drivers/STM32F3xx_HAL_Driver/Src/stm32f3xx_hal_spi.o
 .debug_aranges
                0x0000000000000690      0x228 ./Drivers/STM32F3xx_HAL_Driver/Src/stm32f3xx_hal_uart.o
 .debug_aranges
                0x00000000000008b8       0x28 ./FATFS/App/fatfs.o
 .debug_aranges
                0x00000000000008e0       0x40 ./FATFS/Target/user_diskio.o
 .debug_aranges
                0x0000000000000920       0x98 ./FATFS/Target/user_diskio_spi.o
 .debug_aranges
                0x00000000000009b8       0x48 ./Middlewares/Third_Party/FatFs/src/diskio.o
 .debug_aranges
                0x0000000000000a00      0x1e8 ./Middlewares/Third_Party/FatFs/src/ff.o
 .debug_aranges
                0x0000000000000be8       0x40 ./Middlewares/Third_Party/FatFs/src/ff_gen_drv.o

.debug_ranges   0x0000000000000000      0xb00
 .debug_ranges  0x0000000000000000       0x10 ./Core/Src/gpio.o
 .debug_ranges  0x0000000000000010       0x28 ./Core/Src/main.o
 .debug_ranges  0x0000000000000038       0x20 ./Core/Src/spi.o
 .debug_ranges  0x0000000000000058       0x10 ./Core/Src/stm32f3xx_hal_msp.o
 .debug_ranges  0x0000000000000068       0x50 ./Core/Src/stm32f3xx_it.o
 .debug_ranges  0x00000000000000b8       0x10 ./Core/Src/sysmem.o
 .debug_ranges  0x00000000000000c8       0x18 ./Core/Src/system_stm32f3xx.o
 .debug_ranges  0x00000000000000e0       0x20 ./Core/Src/usart.o
 .debug_ranges  0x0000000000000100       0x20 ./Core/Startup/startup_stm32f303retx.o
 .debug_ranges  0x0000000000000120       0xd0 ./Drivers/STM32F3xx_HAL_Driver/Src/stm32f3xx_hal.o
 .debug_ranges  0x00000000000001f0      0x108 ./Drivers/STM32F3xx_HAL_Driver/Src/stm32f3xx_hal_cortex.o
 .debug_ranges  0x00000000000002f8       0x48 ./Drivers/STM32F3xx_HAL_Driver/Src/stm32f3xx_hal_gpio.o
 .debug_ranges  0x0000000000000340       0x78 ./Drivers/STM32F3xx_HAL_Driver/Src/stm32f3xx_hal_rcc.o
 .debug_ranges  0x00000000000003b8       0x28 ./Drivers/STM32F3xx_HAL_Driver/Src/stm32f3xx_hal_rcc_ex.o
 .debug_ranges  0x00000000000003e0      0x1c8 ./Drivers/STM32F3xx_HAL_Driver/Src/stm32f3xx_hal_spi.o
 .debug_ranges  0x00000000000005a8      0x248 ./Drivers/STM32F3xx_HAL_Driver/Src/stm32f3xx_hal_uart.o
 .debug_ranges  0x00000000000007f0       0x18 ./FATFS/App/fatfs.o
 .debug_ranges  0x0000000000000808       0x30 ./FATFS/Target/user_diskio.o
 .debug_ranges  0x0000000000000838       0x88 ./FATFS/Target/user_diskio_spi.o
 .debug_ranges  0x00000000000008c0       0x38 ./Middlewares/Third_Party/FatFs/src/diskio.o
 .debug_ranges  0x00000000000008f8      0x1d8 ./Middlewares/Third_Party/FatFs/src/ff.o
 .debug_ranges  0x0000000000000ad0       0x30 ./Middlewares/Third_Party/FatFs/src/ff_gen_drv.o

.debug_macro    0x0000000000000000    0x21ea5
 .debug_macro   0x0000000000000000      0x1f1 ./Core/Src/gpio.o
 .debug_macro   0x00000000000001f1      0xa78 ./Core/Src/gpio.o
 .debug_macro   0x0000000000000c69      0x157 ./Core/Src/gpio.o
 .debug_macro   0x0000000000000dc0       0x2e ./Core/Src/gpio.o
 .debug_macro   0x0000000000000dee       0x28 ./Core/Src/gpio.o
 .debug_macro   0x0000000000000e16       0x22 ./Core/Src/gpio.o
 .debug_macro   0x0000000000000e38       0x8e ./Core/Src/gpio.o
 .debug_macro   0x0000000000000ec6       0x51 ./Core/Src/gpio.o
 .debug_macro   0x0000000000000f17      0x103 ./Core/Src/gpio.o
 .debug_macro   0x000000000000101a       0x6a ./Core/Src/gpio.o
 .debug_macro   0x0000000000001084      0x1df ./Core/Src/gpio.o
 .debug_macro   0x0000000000001263       0x1c ./Core/Src/gpio.o
 .debug_macro   0x000000000000127f       0x22 ./Core/Src/gpio.o
 .debug_macro   0x00000000000012a1       0xd9 ./Core/Src/gpio.o
 .debug_macro   0x000000000000137a     0x102d ./Core/Src/gpio.o
 .debug_macro   0x00000000000023a7      0x11f ./Core/Src/gpio.o
 .debug_macro   0x00000000000024c6    0x1535a ./Core/Src/gpio.o
 .debug_macro   0x0000000000017820       0x6d ./Core/Src/gpio.o
 .debug_macro   0x000000000001788d     0x3558 ./Core/Src/gpio.o
 .debug_macro   0x000000000001ade5      0x174 ./Core/Src/gpio.o
 .debug_macro   0x000000000001af59       0x55 ./Core/Src/gpio.o
 .debug_macro   0x000000000001afae      0x953 ./Core/Src/gpio.o
 .debug_macro   0x000000000001b901      0x84a ./Core/Src/gpio.o
 .debug_macro   0x000000000001c14b      0x1b5 ./Core/Src/gpio.o
 .debug_macro   0x000000000001c300      0x23a ./Core/Src/gpio.o
 .debug_macro   0x000000000001c53a      0x1ea ./Core/Src/gpio.o
 .debug_macro   0x000000000001c724      0x1bc ./Core/Src/gpio.o
 .debug_macro   0x000000000001c8e0       0x30 ./Core/Src/gpio.o
 .debug_macro   0x000000000001c910       0x3c ./Core/Src/gpio.o
 .debug_macro   0x000000000001c94c      0x235 ./Core/Src/gpio.o
 .debug_macro   0x000000000001cb81       0xc5 ./Core/Src/gpio.o
 .debug_macro   0x000000000001cc46      0x21d ./Core/Src/gpio.o
 .debug_macro   0x000000000001ce63      0x22c ./Core/Src/gpio.o
 .debug_macro   0x000000000001d08f       0x5b ./Core/Src/gpio.o
 .debug_macro   0x000000000001d0ea       0xa5 ./Core/Src/gpio.o
 .debug_macro   0x000000000001d18f       0x81 ./Core/Src/gpio.o
 .debug_macro   0x000000000001d210       0xd3 ./Core/Src/gpio.o
 .debug_macro   0x000000000001d2e3      0x2fe ./Core/Src/gpio.o
 .debug_macro   0x000000000001d5e1      0x5ba ./Core/Src/gpio.o
 .debug_macro   0x000000000001db9b       0x44 ./Core/Src/gpio.o
 .debug_macro   0x000000000001dbdf      0x347 ./Core/Src/gpio.o
 .debug_macro   0x000000000001df26       0x6a ./Core/Src/gpio.o
 .debug_macro   0x000000000001df90      0x3ee ./Core/Src/main.o
 .debug_macro   0x000000000001e37e       0xde ./Core/Src/main.o
 .debug_macro   0x000000000001e45c       0xf5 ./Core/Src/main.o
 .debug_macro   0x000000000001e551       0x8e ./Core/Src/main.o
 .debug_macro   0x000000000001e5df       0x52 ./Core/Src/main.o
 .debug_macro   0x000000000001e631       0x1e ./Core/Src/main.o
 .debug_macro   0x000000000001e64f       0x3c ./Core/Src/main.o
 .debug_macro   0x000000000001e68b       0x34 ./Core/Src/main.o
 .debug_macro   0x000000000001e6bf       0x16 ./Core/Src/main.o
 .debug_macro   0x000000000001e6d5       0x35 ./Core/Src/main.o
 .debug_macro   0x000000000001e70a      0x341 ./Core/Src/main.o
 .debug_macro   0x000000000001ea4b       0x10 ./Core/Src/main.o
 .debug_macro   0x000000000001ea5b       0x16 ./Core/Src/main.o
 .debug_macro   0x000000000001ea71       0x43 ./Core/Src/main.o
 .debug_macro   0x000000000001eab4       0x34 ./Core/Src/main.o
 .debug_macro   0x000000000001eae8       0x10 ./Core/Src/main.o
 .debug_macro   0x000000000001eaf8       0x58 ./Core/Src/main.o
 .debug_macro   0x000000000001eb50       0x71 ./Core/Src/main.o
 .debug_macro   0x000000000001ebc1       0x1c ./Core/Src/main.o
 .debug_macro   0x000000000001ebdd      0x12a ./Core/Src/main.o
 .debug_macro   0x000000000001ed07       0x10 ./Core/Src/main.o
 .debug_macro   0x000000000001ed17       0x1c ./Core/Src/main.o
 .debug_macro   0x000000000001ed33       0x52 ./Core/Src/main.o
 .debug_macro   0x000000000001ed85       0x22 ./Core/Src/main.o
 .debug_macro   0x000000000001eda7       0x10 ./Core/Src/main.o
 .debug_macro   0x000000000001edb7       0x52 ./Core/Src/main.o
 .debug_macro   0x000000000001ee09       0xd5 ./Core/Src/main.o
 .debug_macro   0x000000000001eede       0x1c ./Core/Src/main.o
 .debug_macro   0x000000000001eefa       0x3d ./Core/Src/main.o
 .debug_macro   0x000000000001ef37       0x16 ./Core/Src/main.o
 .debug_macro   0x000000000001ef4d      0x145 ./Core/Src/main.o
 .debug_macro   0x000000000001f092       0x16 ./Core/Src/main.o
 .debug_macro   0x000000000001f0a8       0x20 ./Core/Src/main.o
 .debug_macro   0x000000000001f0c8       0x4c ./Core/Src/main.o
 .debug_macro   0x000000000001f114      0x1f1 ./Core/Src/spi.o
 .debug_macro   0x000000000001f305      0x1e7 ./Core/Src/stm32f3xx_hal_msp.o
 .debug_macro   0x000000000001f4ec      0x1f1 ./Core/Src/stm32f3xx_it.o
 .debug_macro   0x000000000001f6dd       0xff ./Core/Src/sysmem.o
 .debug_macro   0x000000000001f7dc      0x23b ./Core/Src/sysmem.o
 .debug_macro   0x000000000001fa17      0x1d8 ./Core/Src/system_stm32f3xx.o
 .debug_macro   0x000000000001fbef      0x1f1 ./Core/Src/usart.o
 .debug_macro   0x000000000001fde0      0x1fc ./Drivers/STM32F3xx_HAL_Driver/Src/stm32f3xx_hal.o
 .debug_macro   0x000000000001ffdc      0x1d8 ./Drivers/STM32F3xx_HAL_Driver/Src/stm32f3xx_hal_cortex.o
 .debug_macro   0x00000000000201b4      0x1df ./Drivers/STM32F3xx_HAL_Driver/Src/stm32f3xx_hal_gpio.o
 .debug_macro   0x0000000000020393      0x1fc ./Drivers/STM32F3xx_HAL_Driver/Src/stm32f3xx_hal_rcc.o
 .debug_macro   0x000000000002058f      0x1d8 ./Drivers/STM32F3xx_HAL_Driver/Src/stm32f3xx_hal_rcc_ex.o
 .debug_macro   0x0000000000020767      0x1e0 ./Drivers/STM32F3xx_HAL_Driver/Src/stm32f3xx_hal_spi.o
 .debug_macro   0x0000000000020947      0x1f5 ./Drivers/STM32F3xx_HAL_Driver/Src/stm32f3xx_hal_uart.o
 .debug_macro   0x0000000000020b3c      0x23a ./FATFS/App/fatfs.o
 .debug_macro   0x0000000000020d76       0xd8 ./FATFS/App/fatfs.o
 .debug_macro   0x0000000000020e4e      0x301 ./FATFS/Target/user_diskio.o
 .debug_macro   0x000000000002114f       0x10 ./FATFS/Target/user_diskio.o
 .debug_macro   0x000000000002115f       0x16 ./FATFS/Target/user_diskio.o
 .debug_macro   0x0000000000021175       0x7c ./FATFS/Target/user_diskio.o
 .debug_macro   0x00000000000211f1       0x4f ./FATFS/Target/user_diskio.o
 .debug_macro   0x0000000000021240      0x2e1 ./FATFS/Target/user_diskio_spi.o
 .debug_macro   0x0000000000021521       0x70 ./FATFS/Target/user_diskio_spi.o
 .debug_macro   0x0000000000021591      0x227 ./Middlewares/Third_Party/FatFs/src/diskio.o
 .debug_macro   0x00000000000217b8      0x46e ./Middlewares/Third_Party/FatFs/src/ff.o
 .debug_macro   0x0000000000021c26       0x58 ./Middlewares/Third_Party/FatFs/src/ff.o
 .debug_macro   0x0000000000021c7e      0x227 ./Middlewares/Third_Party/FatFs/src/ff_gen_drv.o

.debug_line     0x0000000000000000    0x12e2c
 .debug_line    0x0000000000000000      0x716 ./Core/Src/gpio.o
 .debug_line    0x0000000000000716      0xae6 ./Core/Src/main.o
 .debug_line    0x00000000000011fc      0x767 ./Core/Src/spi.o
 .debug_line    0x0000000000001963      0x6f0 ./Core/Src/stm32f3xx_hal_msp.o
 .debug_line    0x0000000000002053      0x7b1 ./Core/Src/stm32f3xx_it.o
 .debug_line    0x0000000000002804      0x4f4 ./Core/Src/sysmem.o
 .debug_line    0x0000000000002cf8      0x76a ./Core/Src/system_stm32f3xx.o
 .debug_line    0x0000000000003462      0x75e ./Core/Src/usart.o
 .debug_line    0x0000000000003bc0       0x88 ./Core/Startup/startup_stm32f303retx.o
 .debug_line    0x0000000000003c48      0x99a ./Drivers/STM32F3xx_HAL_Driver/Src/stm32f3xx_hal.o
 .debug_line    0x00000000000045e2      0xc5f ./Drivers/STM32F3xx_HAL_Driver/Src/stm32f3xx_hal_cortex.o
 .debug_line    0x0000000000005241      0xb21 ./Drivers/STM32F3xx_HAL_Driver/Src/stm32f3xx_hal_gpio.o
 .debug_line    0x0000000000005d62     0x138f ./Drivers/STM32F3xx_HAL_Driver/Src/stm32f3xx_hal_rcc.o
 .debug_line    0x00000000000070f1      0xeb5 ./Drivers/STM32F3xx_HAL_Driver/Src/stm32f3xx_hal_rcc_ex.o
 .debug_line    0x0000000000007fa6     0x1f13 ./Drivers/STM32F3xx_HAL_Driver/Src/stm32f3xx_hal_spi.o
 .debug_line    0x0000000000009eb9     0x30df ./Drivers/STM32F3xx_HAL_Driver/Src/stm32f3xx_hal_uart.o
 .debug_line    0x000000000000cf98      0x78a ./FATFS/App/fatfs.o
 .debug_line    0x000000000000d722      0x922 ./FATFS/Target/user_diskio.o
 .debug_line    0x000000000000e044      0xe3e ./FATFS/Target/user_diskio_spi.o
 .debug_line    0x000000000000ee82      0x7fa ./Middlewares/Third_Party/FatFs/src/diskio.o
 .debug_line    0x000000000000f67c     0x2f99 ./Middlewares/Third_Party/FatFs/src/ff.o
 .debug_line    0x0000000000012615      0x817 ./Middlewares/Third_Party/FatFs/src/ff_gen_drv.o

.debug_str      0x0000000000000000    0xc435d
 .debug_str     0x0000000000000000    0xbbac0 ./Core/Src/gpio.o
                                      0xbc165 (size before relaxing)
 .debug_str     0x00000000000bbac0     0x507e ./Core/Src/main.o
                                      0xc11e1 (size before relaxing)
 .debug_str     0x00000000000c0b3e      0x1e2 ./Core/Src/spi.o
                                      0xbc597 (size before relaxing)
 .debug_str     0x00000000000c0d20       0x49 ./Core/Src/stm32f3xx_hal_msp.o
                                      0xbc0b7 (size before relaxing)
 .debug_str     0x00000000000c0d69       0xc9 ./Core/Src/stm32f3xx_it.o
                                      0xbc0c9 (size before relaxing)
 .debug_str     0x00000000000c0e32      0x4da ./Core/Src/sysmem.o
                                       0x5db1 (size before relaxing)
 .debug_str     0x00000000000c130c       0xe9 ./Core/Src/system_stm32f3xx.o
                                      0xbbff3 (size before relaxing)
 .debug_str     0x00000000000c13f5       0x51 ./Core/Src/usart.o
                                      0xbc5ed (size before relaxing)
 .debug_str     0x00000000000c1446       0x36 ./Core/Startup/startup_stm32f303retx.o
                                         0x73 (size before relaxing)
 .debug_str     0x00000000000c147c      0x6f6 ./Drivers/STM32F3xx_HAL_Driver/Src/stm32f3xx_hal.o
                                      0xbc89c (size before relaxing)
 .debug_str     0x00000000000c1b72      0x36c ./Drivers/STM32F3xx_HAL_Driver/Src/stm32f3xx_hal_cortex.o
                                      0xbc8ee (size before relaxing)
 .debug_str     0x00000000000c1ede      0x172 ./Drivers/STM32F3xx_HAL_Driver/Src/stm32f3xx_hal_gpio.o
                                      0xbc1d8 (size before relaxing)
 .debug_str     0x00000000000c2050      0x2dd ./Drivers/STM32F3xx_HAL_Driver/Src/stm32f3xx_hal_rcc.o
                                      0xbc497 (size before relaxing)
 .debug_str     0x00000000000c232d       0xbe ./Drivers/STM32F3xx_HAL_Driver/Src/stm32f3xx_hal_rcc_ex.o
                                      0xbc2e1 (size before relaxing)
 .debug_str     0x00000000000c23eb      0x5c2 ./Drivers/STM32F3xx_HAL_Driver/Src/stm32f3xx_hal_spi.o
                                      0xbc919 (size before relaxing)
 .debug_str     0x00000000000c29ad      0x857 ./Drivers/STM32F3xx_HAL_Driver/Src/stm32f3xx_hal_uart.o
                                      0xbcd16 (size before relaxing)
 .debug_str     0x00000000000c3204       0xf1 ./FATFS/App/fatfs.o
                                      0xbc96b (size before relaxing)
 .debug_str     0x00000000000c32f5       0xcf ./FATFS/Target/user_diskio.o
                                      0xbf71f (size before relaxing)
 .debug_str     0x00000000000c33c4      0x3b7 ./FATFS/Target/user_diskio_spi.o
                                      0xbd0ed (size before relaxing)
 .debug_str     0x00000000000c377b       0x52 ./Middlewares/Third_Party/FatFs/src/diskio.o
                                      0xbc897 (size before relaxing)
 .debug_str     0x00000000000c37cd      0xaff ./Middlewares/Third_Party/FatFs/src/ff.o
                                      0xbd6c2 (size before relaxing)
 .debug_str     0x00000000000c42cc       0x91 ./Middlewares/Third_Party/FatFs/src/ff_gen_drv.o
                                      0xbc8e8 (size before relaxing)

.comment        0x0000000000000000       0x50
 .comment       0x0000000000000000       0x50 ./Core/Src/gpio.o
                                         0x51 (size before relaxing)
 .comment       0x0000000000000050       0x51 ./Core/Src/main.o
 .comment       0x0000000000000050       0x51 ./Core/Src/spi.o
 .comment       0x0000000000000050       0x51 ./Core/Src/stm32f3xx_hal_msp.o
 .comment       0x0000000000000050       0x51 ./Core/Src/stm32f3xx_it.o
 .comment       0x0000000000000050       0x51 ./Core/Src/sysmem.o
 .comment       0x0000000000000050       0x51 ./Core/Src/system_stm32f3xx.o
 .comment       0x0000000000000050       0x51 ./Core/Src/usart.o
 .comment       0x0000000000000050       0x51 ./Drivers/STM32F3xx_HAL_Driver/Src/stm32f3xx_hal.o
 .comment       0x0000000000000050       0x51 ./Drivers/STM32F3xx_HAL_Driver/Src/stm32f3xx_hal_cortex.o
 .comment       0x0000000000000050       0x51 ./Drivers/STM32F3xx_HAL_Driver/Src/stm32f3xx_hal_gpio.o
 .comment       0x0000000000000050       0x51 ./Drivers/STM32F3xx_HAL_Driver/Src/stm32f3xx_hal_rcc.o
 .comment       0x0000000000000050       0x51 ./Drivers/STM32F3xx_HAL_Driver/Src/stm32f3xx_hal_rcc_ex.o
 .comment       0x0000000000000050       0x51 ./Drivers/STM32F3xx_HAL_Driver/Src/stm32f3xx_hal_spi.o
 .comment       0x0000000000000050       0x51 ./Drivers/STM32F3xx_HAL_Driver/Src/stm32f3xx_hal_uart.o
 .comment       0x0000000000000050       0x51 ./FATFS/App/fatfs.o
 .comment       0x0000000000000050       0x51 ./FATFS/Target/user_diskio.o
 .comment       0x0000000000000050       0x51 ./FATFS/Target/user_diskio_spi.o
 .comment       0x0000000000000050       0x51 ./Middlewares/Third_Party/FatFs/src/diskio.o
 .comment       0x0000000000000050       0x51 ./Middlewares/Third_Party/FatFs/src/ff.o
 .comment       0x0000000000000050       0x51 ./Middlewares/Third_Party/FatFs/src/ff_gen_drv.o

.debug_frame    0x0000000000000000     0x33d0
 .debug_frame   0x0000000000000000       0x34 ./Core/Src/gpio.o
 .debug_frame   0x0000000000000034       0xb0 ./Core/Src/main.o
 .debug_frame   0x00000000000000e4       0x74 ./Core/Src/spi.o
 .debug_frame   0x0000000000000158       0x34 ./Core/Src/stm32f3xx_hal_msp.o
 .debug_frame   0x000000000000018c      0x104 ./Core/Src/stm32f3xx_it.o
 .debug_frame   0x0000000000000290       0x34 ./Core/Src/sysmem.o
 .debug_frame   0x00000000000002c4       0x58 ./Core/Src/system_stm32f3xx.o
 .debug_frame   0x000000000000031c       0x74 ./Core/Src/usart.o
 .debug_frame   0x0000000000000390      0x334 ./Drivers/STM32F3xx_HAL_Driver/Src/stm32f3xx_hal.o
 .debug_frame   0x00000000000006c4      0x498 ./Drivers/STM32F3xx_HAL_Driver/Src/stm32f3xx_hal_cortex.o
 .debug_frame   0x0000000000000b5c      0x14c ./Drivers/STM32F3xx_HAL_Driver/Src/stm32f3xx_hal_gpio.o
 .debug_frame   0x0000000000000ca8      0x214 ./Drivers/STM32F3xx_HAL_Driver/Src/stm32f3xx_hal_rcc.o
 .debug_frame   0x0000000000000ebc       0xb0 ./Drivers/STM32F3xx_HAL_Driver/Src/stm32f3xx_hal_rcc_ex.o
 .debug_frame   0x0000000000000f6c      0x860 ./Drivers/STM32F3xx_HAL_Driver/Src/stm32f3xx_hal_spi.o
 .debug_frame   0x00000000000017cc      0x9e8 ./Drivers/STM32F3xx_HAL_Driver/Src/stm32f3xx_hal_uart.o
 .debug_frame   0x00000000000021b4       0x4c ./FATFS/App/fatfs.o
 .debug_frame   0x0000000000002200       0xc4 ./FATFS/Target/user_diskio.o
 .debug_frame   0x00000000000022c4      0x248 ./FATFS/Target/user_diskio_spi.o
 .debug_frame   0x000000000000250c       0xec ./Middlewares/Third_Party/FatFs/src/diskio.o
 .debug_frame   0x00000000000025f8      0x8d0 ./Middlewares/Third_Party/FatFs/src/ff.o
 .debug_frame   0x0000000000002ec8       0xc8 ./Middlewares/Third_Party/FatFs/src/ff_gen_drv.o
 .debug_frame   0x0000000000002f90       0x20 c:/st/stm32cubeide_1.11.2/stm32cubeide/plugins/com.st.stm32cube.ide.mcu.externaltools.gnu-tools-for-stm32.10.3-2021.10.win32_1.0.100.202210260954/tools/bin/../lib/gcc/arm-none-eabi/10.3.1/../../../../arm-none-eabi/lib/thumb/v7e-m+fp/hard\libc_nano.a(lib_a-errno.o)
 .debug_frame   0x0000000000002fb0       0x2c c:/st/stm32cubeide_1.11.2/stm32cubeide/plugins/com.st.stm32cube.ide.mcu.externaltools.gnu-tools-for-stm32.10.3-2021.10.win32_1.0.100.202210260954/tools/bin/../lib/gcc/arm-none-eabi/10.3.1/../../../../arm-none-eabi/lib/thumb/v7e-m+fp/hard\libc_nano.a(lib_a-init.o)
 .debug_frame   0x0000000000002fdc       0x20 c:/st/stm32cubeide_1.11.2/stm32cubeide/plugins/com.st.stm32cube.ide.mcu.externaltools.gnu-tools-for-stm32.10.3-2021.10.win32_1.0.100.202210260954/tools/bin/../lib/gcc/arm-none-eabi/10.3.1/../../../../arm-none-eabi/lib/thumb/v7e-m+fp/hard\libc_nano.a(lib_a-memset.o)
 .debug_frame   0x0000000000002ffc       0x4c c:/st/stm32cubeide_1.11.2/stm32cubeide/plugins/com.st.stm32cube.ide.mcu.externaltools.gnu-tools-for-stm32.10.3-2021.10.win32_1.0.100.202210260954/tools/bin/../lib/gcc/arm-none-eabi/10.3.1/../../../../arm-none-eabi/lib/thumb/v7e-m+fp/hard\libc_nano.a(lib_a-vsnprintf.o)
 .debug_frame   0x0000000000003048       0x90 c:/st/stm32cubeide_1.11.2/stm32cubeide/plugins/com.st.stm32cube.ide.mcu.externaltools.gnu-tools-for-stm32.10.3-2021.10.win32_1.0.100.202210260954/tools/bin/../lib/gcc/arm-none-eabi/10.3.1/../../../../arm-none-eabi/lib/thumb/v7e-m+fp/hard\libc_nano.a(lib_a-nano-svfprintf.o)
 .debug_frame   0x00000000000030d8       0x60 c:/st/stm32cubeide_1.11.2/stm32cubeide/plugins/com.st.stm32cube.ide.mcu.externaltools.gnu-tools-for-stm32.10.3-2021.10.win32_1.0.100.202210260954/tools/bin/../lib/gcc/arm-none-eabi/10.3.1/../../../../arm-none-eabi/lib/thumb/v7e-m+fp/hard\libc_nano.a(lib_a-nano-vfprintf_i.o)
 .debug_frame   0x0000000000003138       0x28 c:/st/stm32cubeide_1.11.2/stm32cubeide/plugins/com.st.stm32cube.ide.mcu.externaltools.gnu-tools-for-stm32.10.3-2021.10.win32_1.0.100.202210260954/tools/bin/../lib/gcc/arm-none-eabi/10.3.1/../../../../arm-none-eabi/lib/thumb/v7e-m+fp/hard\libc_nano.a(lib_a-memcpy-stub.o)
 .debug_frame   0x0000000000003160       0x28 c:/st/stm32cubeide_1.11.2/stm32cubeide/plugins/com.st.stm32cube.ide.mcu.externaltools.gnu-tools-for-stm32.10.3-2021.10.win32_1.0.100.202210260954/tools/bin/../lib/gcc/arm-none-eabi/10.3.1/../../../../arm-none-eabi/lib/thumb/v7e-m+fp/hard\libc_nano.a(lib_a-memmove.o)
 .debug_frame   0x0000000000003188       0x38 c:/st/stm32cubeide_1.11.2/stm32cubeide/plugins/com.st.stm32cube.ide.mcu.externaltools.gnu-tools-for-stm32.10.3-2021.10.win32_1.0.100.202210260954/tools/bin/../lib/gcc/arm-none-eabi/10.3.1/../../../../arm-none-eabi/lib/thumb/v7e-m+fp/hard\libc_nano.a(lib_a-nano-freer.o)
 .debug_frame   0x00000000000031c0       0x4c c:/st/stm32cubeide_1.11.2/stm32cubeide/plugins/com.st.stm32cube.ide.mcu.externaltools.gnu-tools-for-stm32.10.3-2021.10.win32_1.0.100.202210260954/tools/bin/../lib/gcc/arm-none-eabi/10.3.1/../../../../arm-none-eabi/lib/thumb/v7e-m+fp/hard\libc_nano.a(lib_a-nano-mallocr.o)
 .debug_frame   0x000000000000320c       0x3c c:/st/stm32cubeide_1.11.2/stm32cubeide/plugins/com.st.stm32cube.ide.mcu.externaltools.gnu-tools-for-stm32.10.3-2021.10.win32_1.0.100.202210260954/tools/bin/../lib/gcc/arm-none-eabi/10.3.1/../../../../arm-none-eabi/lib/thumb/v7e-m+fp/hard\libc_nano.a(lib_a-nano-reallocr.o)
 .debug_frame   0x0000000000003248       0x2c c:/st/stm32cubeide_1.11.2/stm32cubeide/plugins/com.st.stm32cube.ide.mcu.externaltools.gnu-tools-for-stm32.10.3-2021.10.win32_1.0.100.202210260954/tools/bin/../lib/gcc/arm-none-eabi/10.3.1/../../../../arm-none-eabi/lib/thumb/v7e-m+fp/hard\libc_nano.a(lib_a-sbrkr.o)
 .debug_frame   0x0000000000003274       0x30 c:/st/stm32cubeide_1.11.2/stm32cubeide/plugins/com.st.stm32cube.ide.mcu.externaltools.gnu-tools-for-stm32.10.3-2021.10.win32_1.0.100.202210260954/tools/bin/../lib/gcc/arm-none-eabi/10.3.1/../../../../arm-none-eabi/lib/thumb/v7e-m+fp/hard\libc_nano.a(lib_a-mlock.o)
 .debug_frame   0x00000000000032a4       0x20 c:/st/stm32cubeide_1.11.2/stm32cubeide/plugins/com.st.stm32cube.ide.mcu.externaltools.gnu-tools-for-stm32.10.3-2021.10.win32_1.0.100.202210260954/tools/bin/../lib/gcc/arm-none-eabi/10.3.1/../../../../arm-none-eabi/lib/thumb/v7e-m+fp/hard\libc_nano.a(lib_a-nano-msizer.o)
 .debug_frame   0x00000000000032c4       0x5c c:/st/stm32cubeide_1.11.2/stm32cubeide/plugins/com.st.stm32cube.ide.mcu.externaltools.gnu-tools-for-stm32.10.3-2021.10.win32_1.0.100.202210260954/tools/bin/../lib/gcc/arm-none-eabi/10.3.1/../../../../arm-none-eabi/lib/thumb/v7e-m+fp/hard\libc_nano.a(lib_a-reent.o)
 .debug_frame   0x0000000000003320       0xb0 c:/st/stm32cubeide_1.11.2/stm32cubeide/plugins/com.st.stm32cube.ide.mcu.externaltools.gnu-tools-for-stm32.10.3-2021.10.win32_1.0.100.202210260954/tools/bin/../lib/gcc/arm-none-eabi/10.3.1/../../../../arm-none-eabi/lib/thumb/v7e-m+fp/hard\libc_nano.a(lib_a-lock.o)