../Core/Src/freertos.c:192:6:vRecord_TimerCallBack	16	static
../Core/Src/freertos.c:198:6:Check_Validity_Task_Func	16	static
../Core/Src/freertos.c:209:6:Init_Deinit_Reset_Task_Func	16	static
../Core/Src/freertos.c:216:6:Control_Branch_Task_Func	16	static
../Core/Src/freertos.c:223:6:Control_DMA_Task_Func	16	static
../Core/Src/freertos.c:234:6:Manage_ESP_Task_Func	16	static
../Core/Src/freertos.c:241:6:Send_to_ESP_Task_Func	16	static
../Core/Src/freertos.c:248:6:Receive_from_EST_Task_Func	16	static
../Core/Src/freertos.c:259:6:Manage_SD_Task_Func	16	static
../Core/Src/freertos.c:266:6:Send_to_SD_Task_Func	16	static
../Core/Src/freertos.c:273:6:Receive_from_SD_Task_Func	16	static
../Core/Src/freertos.c:286:6:Check_Network_Task_Func	32	static
../Core/Src/freertos.c:318:6:Manage_Network_Task_Func	32	static
../Core/Src/freertos.c:371:6:Manage_Connection_Task_Func	552	static
../Core/Src/freertos.c:515:6:Receive_from_Node_Task_Func	72	static
../Core/Src/freertos.c:531:6:Send_to_Node_Task_Func	80	static
../Core/Src/freertos.c:563:6:ResetBranch	4	static
../Core/Src/freertos.c:570:6:MX_FREERTOS_Init	16	static
