../Core/Src/COMM.c:62:24:COMM_SessionInit	16	static
../Core/Src/COMM.c:103:24:COMM_SessionDeInit	24	static
../Core/Src/COMM.c:139:24:COMM_Transmit	16	static
../Core/Src/COMM.c:163:24:COMM_Receive	16	static
../Core/Src/COMM.c:188:24:COMM_Transmit_IT	16	static
../Core/Src/COMM.c:212:24:COMM_Receive_IT	16	static
../Core/Src/COMM.c:237:24:COMM_Transmit_DMA	16	static
../Core/Src/COMM.c:261:24:COMM_Receive_DMA	16	static
../Core/Src/COMM.c:286:24:COMM_Create_FIFO	24	static
../Core/Src/COMM.c:304:24:COMM_Delete_FIFO	16	static
../Core/Src/COMM.c:319:24:COMM_Transmit_FIFO	24	static
../Core/Src/COMM.c:342:24:COMM_DMAPause	16	static
../Core/Src/COMM.c:343:24:COMM_DMAResume	16	static
../Core/Src/COMM.c:344:24:COMM_DMAStop	16	static
../Core/Src/COMM.c:359:31:COMM_Transmit_NormalMODE	24	static
../Core/Src/COMM.c:417:31:COMM_Receive_NormalMODE	24	static
../Core/Src/COMM.c:469:31:COMM_Transmit_IT_NormalMODE	16	static
../Core/Src/COMM.c:504:31:COMM_Receive_IT_NormalMODE	16	static
../Core/Src/COMM.c:541:31:COMM_Transmit_DMA_NormalMODE	16	static
../Core/Src/COMM.c:577:31:COMM_Receive_DMA_NormalMODE	16	static
../Core/Src/COMM.c:616:6:Error_Handler	4	static,ignoring_inline_asm
