Archive member included to satisfy reference by file (symbol)

c:/st/stm32cubeide_1.12.1/stm32cubeide/plugins/com.st.stm32cube.ide.mcu.externaltools.gnu-tools-for-stm32.10.3-2021.10.win32_1.0.200.202301161003/tools/bin/../lib/gcc/arm-none-eabi/10.3.1/../../../../arm-none-eabi/lib/thumb/v7e-m+fp/hard\libc_nano.a(lib_a-errno.o)
                              ./Src/syscalls.o (__errno)
c:/st/stm32cubeide_1.12.1/stm32cubeide/plugins/com.st.stm32cube.ide.mcu.externaltools.gnu-tools-for-stm32.10.3-2021.10.win32_1.0.200.202301161003/tools/bin/../lib/gcc/arm-none-eabi/10.3.1/../../../../arm-none-eabi/lib/thumb/v7e-m+fp/hard\libc_nano.a(lib_a-exit.o)
                              c:/st/stm32cubeide_1.12.1/stm32cubeide/plugins/com.st.stm32cube.ide.mcu.externaltools.gnu-tools-for-stm32.10.3-2021.10.win32_1.0.200.202301161003/tools/bin/../lib/gcc/arm-none-eabi/10.3.1/../../../../arm-none-eabi/lib/thumb/v7e-m+fp/hard/crt0.o (exit)
c:/st/stm32cubeide_1.12.1/stm32cubeide/plugins/com.st.stm32cube.ide.mcu.externaltools.gnu-tools-for-stm32.10.3-2021.10.win32_1.0.200.202301161003/tools/bin/../lib/gcc/arm-none-eabi/10.3.1/../../../../arm-none-eabi/lib/thumb/v7e-m+fp/hard\libc_nano.a(lib_a-impure.o)
                              c:/st/stm32cubeide_1.12.1/stm32cubeide/plugins/com.st.stm32cube.ide.mcu.externaltools.gnu-tools-for-stm32.10.3-2021.10.win32_1.0.200.202301161003/tools/bin/../lib/gcc/arm-none-eabi/10.3.1/../../../../arm-none-eabi/lib/thumb/v7e-m+fp/hard\libc_nano.a(lib_a-exit.o) (_global_impure_ptr)
c:/st/stm32cubeide_1.12.1/stm32cubeide/plugins/com.st.stm32cube.ide.mcu.externaltools.gnu-tools-for-stm32.10.3-2021.10.win32_1.0.200.202301161003/tools/bin/../lib/gcc/arm-none-eabi/10.3.1/../../../../arm-none-eabi/lib/thumb/v7e-m+fp/hard\libc_nano.a(lib_a-init.o)
                              c:/st/stm32cubeide_1.12.1/stm32cubeide/plugins/com.st.stm32cube.ide.mcu.externaltools.gnu-tools-for-stm32.10.3-2021.10.win32_1.0.200.202301161003/tools/bin/../lib/gcc/arm-none-eabi/10.3.1/../../../../arm-none-eabi/lib/thumb/v7e-m+fp/hard/crt0.o (__libc_init_array)
c:/st/stm32cubeide_1.12.1/stm32cubeide/plugins/com.st.stm32cube.ide.mcu.externaltools.gnu-tools-for-stm32.10.3-2021.10.win32_1.0.200.202301161003/tools/bin/../lib/gcc/arm-none-eabi/10.3.1/../../../../arm-none-eabi/lib/thumb/v7e-m+fp/hard\libc_nano.a(lib_a-memset.o)
                              c:/st/stm32cubeide_1.12.1/stm32cubeide/plugins/com.st.stm32cube.ide.mcu.externaltools.gnu-tools-for-stm32.10.3-2021.10.win32_1.0.200.202301161003/tools/bin/../lib/gcc/arm-none-eabi/10.3.1/../../../../arm-none-eabi/lib/thumb/v7e-m+fp/hard/crt0.o (memset)

Discarded input sections

 .text          0x0000000000000000        0x0 c:/st/stm32cubeide_1.12.1/stm32cubeide/plugins/com.st.stm32cube.ide.mcu.externaltools.gnu-tools-for-stm32.10.3-2021.10.win32_1.0.200.202301161003/tools/bin/../lib/gcc/arm-none-eabi/10.3.1/thumb/v7e-m+fp/hard/crti.o
 .data          0x0000000000000000        0x0 c:/st/stm32cubeide_1.12.1/stm32cubeide/plugins/com.st.stm32cube.ide.mcu.externaltools.gnu-tools-for-stm32.10.3-2021.10.win32_1.0.200.202301161003/tools/bin/../lib/gcc/arm-none-eabi/10.3.1/thumb/v7e-m+fp/hard/crti.o
 .bss           0x0000000000000000        0x0 c:/st/stm32cubeide_1.12.1/stm32cubeide/plugins/com.st.stm32cube.ide.mcu.externaltools.gnu-tools-for-stm32.10.3-2021.10.win32_1.0.200.202301161003/tools/bin/../lib/gcc/arm-none-eabi/10.3.1/thumb/v7e-m+fp/hard/crti.o
 .data          0x0000000000000000        0x4 c:/st/stm32cubeide_1.12.1/stm32cubeide/plugins/com.st.stm32cube.ide.mcu.externaltools.gnu-tools-for-stm32.10.3-2021.10.win32_1.0.200.202301161003/tools/bin/../lib/gcc/arm-none-eabi/10.3.1/thumb/v7e-m+fp/hard/crtbegin.o
 .rodata        0x0000000000000000       0x24 c:/st/stm32cubeide_1.12.1/stm32cubeide/plugins/com.st.stm32cube.ide.mcu.externaltools.gnu-tools-for-stm32.10.3-2021.10.win32_1.0.200.202301161003/tools/bin/../lib/gcc/arm-none-eabi/10.3.1/thumb/v7e-m+fp/hard/crtbegin.o
 .text          0x0000000000000000       0x7c c:/st/stm32cubeide_1.12.1/stm32cubeide/plugins/com.st.stm32cube.ide.mcu.externaltools.gnu-tools-for-stm32.10.3-2021.10.win32_1.0.200.202301161003/tools/bin/../lib/gcc/arm-none-eabi/10.3.1/../../../../arm-none-eabi/lib/thumb/v7e-m+fp/hard/crt0.o
 .data          0x0000000000000000        0x0 c:/st/stm32cubeide_1.12.1/stm32cubeide/plugins/com.st.stm32cube.ide.mcu.externaltools.gnu-tools-for-stm32.10.3-2021.10.win32_1.0.200.202301161003/tools/bin/../lib/gcc/arm-none-eabi/10.3.1/../../../../arm-none-eabi/lib/thumb/v7e-m+fp/hard/crt0.o
 .bss           0x0000000000000000        0x0 c:/st/stm32cubeide_1.12.1/stm32cubeide/plugins/com.st.stm32cube.ide.mcu.externaltools.gnu-tools-for-stm32.10.3-2021.10.win32_1.0.200.202301161003/tools/bin/../lib/gcc/arm-none-eabi/10.3.1/../../../../arm-none-eabi/lib/thumb/v7e-m+fp/hard/crt0.o
[...]
Memory Configuration

Name             Origin             Length             Attributes
CCMRAM           0x0000000010000000 0x0000000000004000 xrw
RAM              0x0000000020000000 0x0000000000010000 xrw
FLASH            0x0000000008000000 0x0000000000080000 xr
*default*        0x0000000000000000 0xffffffffffffffff

Linker script and memory map

LOAD c:/st/stm32cubeide_1.12.1/stm32cubeide/plugins/com.st.stm32cube.ide.mcu.externaltools.gnu-tools-for-stm32.10.3-2021.10.win32_1.0.200.202301161003/tools/bin/../lib/gcc/arm-none-eabi/10.3.1/thumb/v7e-m+fp/hard/crti.o
LOAD c:/st/stm32cubeide_1.12.1/stm32cubeide/plugins/com.st.stm32cube.ide.mcu.externaltools.gnu-tools-for-stm32.10.3-2021.10.win32_1.0.200.202301161003/tools/bin/../lib/gcc/arm-none-eabi/10.3.1/thumb/v7e-m+fp/hard/crtbegin.o
LOAD c:/st/stm32cubeide_1.12.1/stm32cubeide/plugins/com.st.stm32cube.ide.mcu.externaltools.gnu-tools-for-stm32.10.3-2021.10.win32_1.0.200.202301161003/tools/bin/../lib/gcc/arm-none-eabi/10.3.1/../../../../arm-none-eabi/lib/thumb/v7e-m+fp/hard/crt0.o
LOAD ./Inc/STM32F3xx_HAL_Driver/Src/stm32f3xx_hal.o
LOAD ./Inc/STM32F3xx_HAL_Driver/Src/stm32f3xx_hal_can.o
LOAD ./Inc/STM32F3xx_HAL_Driver/Src/stm32f3xx_hal_cortex.o
LOAD ./Inc/STM32F3xx_HAL_Driver/Src/stm32f3xx_hal_dma.o
LOAD ./Inc/STM32F3xx_HAL_Driver/Src/stm32f3xx_hal_exti.o
LOAD ./Inc/STM32F3xx_HAL_Driver/Src/stm32f3xx_hal_flash.o
LOAD ./Inc/STM32F3xx_HAL_Driver/Src/stm32f3xx_hal_flash_ex.o
LOAD ./Inc/STM32F3xx_HAL_Driver/Src/stm32f3xx_hal_gpio.o
LOAD ./Inc/STM32F3xx_HAL_Driver/Src/stm32f3xx_hal_i2c.o
LOAD ./Inc/STM32F3xx_HAL_Driver/Src/stm32f3xx_hal_i2c_ex.o
LOAD ./Inc/STM32F3xx_HAL_Driver/Src/stm32f3xx_hal_pwr.o
LOAD ./Inc/STM32F3xx_HAL_Driver/Src/stm32f3xx_hal_pwr_ex.o
LOAD ./Inc/STM32F3xx_HAL_Driver/Src/stm32f3xx_hal_rcc.o
LOAD ./Inc/STM32F3xx_HAL_Driver/Src/stm32f3xx_hal_rcc_ex.o
LOAD ./Inc/STM32F3xx_HAL_Driver/Src/stm32f3xx_hal_spi.o
LOAD ./Inc/STM32F3xx_HAL_Driver/Src/stm32f3xx_hal_spi_ex.o
LOAD ./Inc/STM32F3xx_HAL_Driver/Src/stm32f3xx_hal_uart.o
LOAD ./Inc/STM32F3xx_HAL_Driver/Src/stm32f3xx_hal_uart_ex.o
LOAD ./Inc/STM32F3xx_HAL_Driver/Target/system_stm32f3xx.o
LOAD ./Inc/Services/COMM/COMM_program.o
LOAD ./Inc/Services/COMM/Uart/COM_Uart.o
LOAD ./Inc/Services/DMA/DMA.o
LOAD ./Inc/Services/SYSCLOCK/SYSCLOCK.o
LOAD ./Inc/stm32f3xx/stm32f3xx_it.o
LOAD ./Src/main.o
LOAD ./Src/syscalls.o
LOAD ./Src/sysmem.o
LOAD ./Startup/startup_stm32f303retx.o
START GROUP
LOAD c:/st/stm32cubeide_1.12.1/stm32cubeide/plugins/com.st.stm32cube.ide.mcu.externaltools.gnu-tools-for-stm32.10.3-2021.10.win32_1.0.200.202301161003/tools/bin/../lib/gcc/arm-none-eabi/10.3.1/../../../../arm-none-eabi/lib/thumb/v7e-m+fp/hard\libc_nano.a
LOAD c:/st/stm32cubeide_1.12.1/stm32cubeide/plugins/com.st.stm32cube.ide.mcu.externaltools.gnu-tools-for-stm32.10.3-2021.10.win32_1.0.200.202301161003/tools/bin/../lib/gcc/arm-none-eabi/10.3.1/../../../../arm-none-eabi/lib/thumb/v7e-m+fp/hard\libm.a
END GROUP
START GROUP
LOAD c:/st/stm32cubeide_1.12.1/stm32cubeide/plugins/com.st.stm32cube.ide.mcu.externaltools.gnu-tools-for-stm32.10.3-2021.10.win32_1.0.200.202301161003/tools/bin/../lib/gcc/arm-none-eabi/10.3.1/thumb/v7e-m+fp/hard\libgcc.a
LOAD c:/st/stm32cubeide_1.12.1/stm32cubeide/plugins/com.st.stm32cube.ide.mcu.externaltools.gnu-tools-for-stm32.10.3-2021.10.win32_1.0.200.202301161003/tools/bin/../lib/gcc/arm-none-eabi/10.3.1/../../../../arm-none-eabi/lib/thumb/v7e-m+fp/hard\libc_nano.a
END GROUP
START GROUP
LOAD c:/st/stm32cubeide_1.12.1/stm32cubeide/plugins/com.st.stm32cube.ide.mcu.externaltools.gnu-tools-for-stm32.10.3-2021.10.win32_1.0.200.202301161003/tools/bin/../lib/gcc/arm-none-eabi/10.3.1/thumb/v7e-m+fp/hard\libgcc.a
LOAD c:/st/stm32cubeide_1.12.1/stm32cubeide/plugins/com.st.stm32cube.ide.mcu.externaltools.gnu-tools-for-stm32.10.3-2021.10.win32_1.0.200.202301161003/tools/bin/../lib/gcc/arm-none-eabi/10.3.1/../../../../arm-none-eabi/lib/thumb/v7e-m+fp/hard\libc_nano.a
LOAD c:/st/stm32cubeide_1.12.1/stm32cubeide/plugins/com.st.stm32cube.ide.mcu.externaltools.gnu-tools-for-stm32.10.3-2021.10.win32_1.0.200.202301161003/tools/bin/../lib/gcc/arm-none-eabi/10.3.1/../../../../arm-none-eabi/lib/thumb/v7e-m+fp/hard\libnosys.a
END GROUP
START GROUP
LOAD c:/st/stm32cubeide_1.12.1/stm32cubeide/plugins/com.st.stm32cube.ide.mcu.externaltools.gnu-tools-for-stm32.10.3-2021.10.win32_1.0.200.202301161003/tools/bin/../lib/gcc/arm-none-eabi/10.3.1/thumb/v7e-m+fp/hard\libgcc.a
LOAD c:/st/stm32cubeide_1.12.1/stm32cubeide/plugins/com.st.stm32cube.ide.mcu.externaltools.gnu-tools-for-stm32.10.3-2021.10.win32_1.0.200.202301161003/tools/bin/../lib/gcc/arm-none-eabi/10.3.1/../../../../arm-none-eabi/lib/thumb/v7e-m+fp/hard\libc_nano.a
LOAD c:/st/stm32cubeide_1.12.1/stm32cubeide/plugins/com.st.stm32cube.ide.mcu.externaltools.gnu-tools-for-stm32.10.3-2021.10.win32_1.0.200.202301161003/tools/bin/../lib/gcc/arm-none-eabi/10.3.1/../../../../arm-none-eabi/lib/thumb/v7e-m+fp/hard\libnosys.a
END GROUP
LOAD c:/st/stm32cubeide_1.12.1/stm32cubeide/plugins/com.st.stm32cube.ide.mcu.externaltools.gnu-tools-for-stm32.10.3-2021.10.win32_1.0.200.202301161003/tools/bin/../lib/gcc/arm-none-eabi/10.3.1/thumb/v7e-m+fp/hard/crtend.o
LOAD c:/st/stm32cubeide_1.12.1/stm32cubeide/plugins/com.st.stm32cube.ide.mcu.externaltools.gnu-tools-for-stm32.10.3-2021.10.win32_1.0.200.202301161003/tools/bin/../lib/gcc/arm-none-eabi/10.3.1/thumb/v7e-m+fp/hard/crtn.o
                0x0000000020010000                _estack = (ORIGIN (RAM) + LENGTH (RAM))
                0x0000000000000200                _Min_Heap_Size = 0x200
                0x0000000000000400                _Min_Stack_Size = 0x400

.isr_vector     0x0000000008000000      0x194
                0x0000000008000000                . = ALIGN (0x4)
 *(.isr_vector)
 .isr_vector    0x0000000008000000      0x194 ./Startup/startup_stm32f303retx.o
                0x0000000008000000                g_pfnVectors
                0x0000000008000194                . = ALIGN (0x4)

.text           0x0000000008000194     0x2b7c
                0x0000000008000194                . = ALIGN (0x4)
 *(.text)
 .text          0x0000000008000194       0x40 c:/st/stm32cubeide_1.12.1/stm32cubeide/plugins/com.st.stm32cube.ide.mcu.externaltools.gnu-tools-for-stm32.10.3-2021.10.win32_1.0.200.202301161003/tools/bin/../lib/gcc/arm-none-eabi/10.3.1/thumb/v7e-m+fp/hard/crtbegin.o
 *(.text*)
 .text.HAL_InitTick
                0x00000000080001d4       0x60 ./Inc/STM32F3xx_HAL_Driver/Src/stm32f3xx_hal.o
                0x00000000080001d4                HAL_InitTick
 .text.HAL_IncTick
                0x0000000008000234       0x28 ./Inc/STM32F3xx_HAL_Driver/Src/stm32f3xx_hal.o
                0x0000000008000234                HAL_IncTick
 .text.HAL_GetTick
                0x000000000800025c       0x18 ./Inc/STM32F3xx_HAL_Driver/Src/stm32f3xx_hal.o
                0x000000000800025c                HAL_GetTick
 .text.__NVIC_GetPriorityGrouping
                0x0000000008000274       0x1c ./Inc/STM32F3xx_HAL_Driver/Src/stm32f3xx_hal_cortex.o
 .text.__NVIC_SetPriority
                0x0000000008000290       0x54 ./Inc/STM32F3xx_HAL_Driver/Src/stm32f3xx_hal_cortex.o
 .text.NVIC_EncodePriority
                0x00000000080002e4       0x66 ./Inc/STM32F3xx_HAL_Driver/Src/stm32f3xx_hal_cortex.o
 *fill*         0x000000000800034a        0x2 
 .text.SysTick_Config
                0x000000000800034c       0x44 ./Inc/STM32F3xx_HAL_Driver/Src/stm32f3xx_hal_cortex.o
 .text.HAL_NVIC_SetPriority
                0x0000000008000390       0x38 ./Inc/STM32F3xx_HAL_Driver/Src/stm32f3xx_hal_cortex.o
                0x0000000008000390                HAL_NVIC_SetPriority
 .text.HAL_SYSTICK_Config
                0x00000000080003c8       0x18 ./Inc/STM32F3xx_HAL_Driver/Src/stm32f3xx_hal_cortex.o
                0x00000000080003c8                HAL_SYSTICK_Config
 .text.HAL_GPIO_Init
                0x00000000080003e0      0x314 ./Inc/STM32F3xx_HAL_Driver/Src/stm32f3xx_hal_gpio.o
                0x00000000080003e0                HAL_GPIO_Init
 .text.HAL_RCC_OscConfig
                0x00000000080006f4     0x10a8 ./Inc/STM32F3xx_HAL_Driver/Src/stm32f3xx_hal_rcc.o
                0x00000000080006f4                HAL_RCC_OscConfig
 .text.HAL_RCC_ClockConfig
                0x000000000800179c      0x2f8 ./Inc/STM32F3xx_HAL_Driver/Src/stm32f3xx_hal_rcc.o
                0x000000000800179c                HAL_RCC_ClockConfig
 .text.HAL_RCC_GetSysClockFreq
                0x0000000008001a94       0xd4 ./Inc/STM32F3xx_HAL_Driver/Src/stm32f3xx_hal_rcc.o
                0x0000000008001a94                HAL_RCC_GetSysClockFreq
 .text.HAL_RCC_GetHCLKFreq
                0x0000000008001b68       0x18 ./Inc/STM32F3xx_HAL_Driver/Src/stm32f3xx_hal_rcc.o
                0x0000000008001b68                HAL_RCC_GetHCLKFreq
 .text.HAL_RCC_GetPCLK1Freq
                0x0000000008001b80       0x44 ./Inc/STM32F3xx_HAL_Driver/Src/stm32f3xx_hal_rcc.o
                0x0000000008001b80                HAL_RCC_GetPCLK1Freq
 .text.HAL_RCC_GetPCLK2Freq
                0x0000000008001bc4       0x44 ./Inc/STM32F3xx_HAL_Driver/Src/stm32f3xx_hal_rcc.o
                0x0000000008001bc4                HAL_RCC_GetPCLK2Freq
 .text.HAL_RCCEx_PeriphCLKConfig
                0x0000000008001c08      0x43c ./Inc/STM32F3xx_HAL_Driver/Src/stm32f3xx_hal_rcc_ex.o
                0x0000000008001c08                HAL_RCCEx_PeriphCLKConfig
 .text.HAL_UART_Init
                0x0000000008002044       0xa0 ./Inc/STM32F3xx_HAL_Driver/Src/stm32f3xx_hal_uart.o
                0x0000000008002044                HAL_UART_Init
 .text.HAL_UART_MspInit
                0x00000000080020e4       0x14 ./Inc/STM32F3xx_HAL_Driver/Src/stm32f3xx_hal_uart.o
                0x00000000080020e4                HAL_UART_MspInit
 .text.UART_SetConfig
                0x00000000080020f8      0x3a8 ./Inc/STM32F3xx_HAL_Driver/Src/stm32f3xx_hal_uart.o
                0x00000000080020f8                UART_SetConfig
 .text.UART_AdvFeatureConfig
                0x00000000080024a0      0x144 ./Inc/STM32F3xx_HAL_Driver/Src/stm32f3xx_hal_uart.o
                0x00000000080024a0                UART_AdvFeatureConfig
 .text.UART_CheckIdleState
                0x00000000080025e4      0x154 ./Inc/STM32F3xx_HAL_Driver/Src/stm32f3xx_hal_uart.o
                0x00000000080025e4                UART_CheckIdleState
 .text.UART_WaitOnFlagUntilTimeout
                0x0000000008002738       0xce ./Inc/STM32F3xx_HAL_Driver/Src/stm32f3xx_hal_uart.o
                0x0000000008002738                UART_WaitOnFlagUntilTimeout
 .text.UART_EndRxTransfer
                0x0000000008002806       0xc8 ./Inc/STM32F3xx_HAL_Driver/Src/stm32f3xx_hal_uart.o
 *fill*         0x00000000080028ce        0x2 
 .text.SystemInit
                0x00000000080028d0       0x24 ./Inc/STM32F3xx_HAL_Driver/Target/system_stm32f3xx.o
                0x00000000080028d0                SystemInit
 .text.COMM_SessionInit
                0x00000000080028f4       0x88 ./Inc/Services/COMM/COMM_program.o
                0x00000000080028f4                COMM_SessionInit
 .text.Error_Handler
                0x000000000800297c        0xa ./Inc/Services/COMM/COMM_program.o
 .text._USARTx_Init
                0x0000000008002986       0x50 ./Inc/Services/COMM/Uart/COM_Uart.o
                0x0000000008002986                _USARTx_Init
 *fill*         0x00000000080029d6        0x2 
 .text.UART_MspInit
                0x00000000080029d8      0x150 ./Inc/Services/COMM/Uart/COM_Uart.o
 .text.Error_Handler
                0x0000000008002b28        0xa ./Inc/Services/COMM/Uart/COM_Uart.o
 .text.SystemClock_Config
                0x0000000008002b32       0xa8 ./Inc/Services/SYSCLOCK/SYSCLOCK.o
                0x0000000008002b32                SystemClock_Config
 .text.Error_Handler
                0x0000000008002bda        0xa ./Inc/Services/SYSCLOCK/SYSCLOCK.o
 .text.NMI_Handler
                0x0000000008002be4        0x6 ./Inc/stm32f3xx/stm32f3xx_it.o
                0x0000000008002be4                NMI_Handler
 .text.HardFault_Handler
                0x0000000008002bea        0x6 ./Inc/stm32f3xx/stm32f3xx_it.o
                0x0000000008002bea                HardFault_Handler
 .text.MemManage_Handler
                0x0000000008002bf0        0x6 ./Inc/stm32f3xx/stm32f3xx_it.o
                0x0000000008002bf0                MemManage_Handler
 .text.BusFault_Handler
                0x0000000008002bf6        0x6 ./Inc/stm32f3xx/stm32f3xx_it.o
                0x0000000008002bf6                BusFault_Handler
 .text.UsageFault_Handler
                0x0000000008002bfc        0x6 ./Inc/stm32f3xx/stm32f3xx_it.o
                0x0000000008002bfc                UsageFault_Handler
 .text.SVC_Handler
                0x0000000008002c02        0xe ./Inc/stm32f3xx/stm32f3xx_it.o
                0x0000000008002c02                SVC_Handler
 .text.DebugMon_Handler
                0x0000000008002c10        0xe ./Inc/stm32f3xx/stm32f3xx_it.o
                0x0000000008002c10                DebugMon_Handler
 .text.PendSV_Handler
                0x0000000008002c1e        0xe ./Inc/stm32f3xx/stm32f3xx_it.o
                0x0000000008002c1e                PendSV_Handler
 .text.SysTick_Handler
                0x0000000008002c2c        0xc ./Inc/stm32f3xx/stm32f3xx_it.o
                0x0000000008002c2c                SysTick_Handler
 .text.main     0x0000000008002c38       0x14 ./Src/main.o
                0x0000000008002c38                main
 .text.Reset_Handler
                0x0000000008002c4c       0x50 ./Startup/startup_stm32f303retx.o
                0x0000000008002c4c                Reset_Handler
 .text.Default_Handler
                0x0000000008002c9c        0x2 ./Startup/startup_stm32f303retx.o
                0x0000000008002c9c                TIM8_TRG_COM_IRQHandler
                0x0000000008002c9c                TIM8_CC_IRQHandler
                0x0000000008002c9c                DMA1_CH4_IRQHandler
                0x0000000008002c9c                SPI4_IRQHandler
                0x0000000008002c9c                TIM1_CC_IRQHandler
                0x0000000008002c9c                USB_HP_IRQHandler
                0x0000000008002c9c                I2C2_EV_EXTI24_IRQHandler
                0x0000000008002c9c                USB_WKUP_EXTI_IRQHandler
                0x0000000008002c9c                PVD_IRQHandler
                0x0000000008002c9c                UART4_EXTI34_IRQHandler
                0x0000000008002c9c                TAMP_STAMP_IRQHandler
                0x0000000008002c9c                EXTI3_IRQHandler
                0x0000000008002c9c                I2C3_ER_IRQHandler
                0x0000000008002c9c                TIM6_DACUNDER_IRQHandler
                0x0000000008002c9c                USB_HP_CAN_TX_IRQHandler
                0x0000000008002c9c                EXTI0_IRQHandler
                0x0000000008002c9c                DMA2_CH1_IRQHandler
                0x0000000008002c9c                FPU_IRQHandler
                0x0000000008002c9c                TIM1_UP_TIM16_IRQHandler
                0x0000000008002c9c                ADC1_2_IRQHandler
                0x0000000008002c9c                SPI1_IRQHandler
                0x0000000008002c9c                CAN_SCE_IRQHandler
                0x0000000008002c9c                DMA1_CH7_IRQHandler
                0x0000000008002c9c                TIM8_UP_IRQHandler
                0x0000000008002c9c                COMP456_IRQHandler
                0x0000000008002c9c                DMA1_CH6_IRQHandler
                0x0000000008002c9c                TIM20_TRG_COM_IRQHandler
                0x0000000008002c9c                ADC3_IRQHandler
                0x0000000008002c9c                TIM4_IRQHandler
                0x0000000008002c9c                CAN_RX1_IRQHandler
                0x0000000008002c9c                USART1_EXTI25_IRQHandler
                0x0000000008002c9c                DMA2_CH5_IRQHandler
                0x0000000008002c9c                I2C1_EV_EXTI23_IRQHandler
                0x0000000008002c9c                DMA1_CH3_IRQHandler
                0x0000000008002c9c                TIM3_IRQHandler
                0x0000000008002c9c                RCC_IRQHandler
                0x0000000008002c9c                TIM20_UP_IRQHandler
                0x0000000008002c9c                Default_Handler
                0x0000000008002c9c                EXTI15_10_IRQHandler
                0x0000000008002c9c                USART2_EXTI26_IRQHandler
                0x0000000008002c9c                USART3_EXTI28_IRQHandler
                0x0000000008002c9c                TIM7_IRQHandler
                0x0000000008002c9c                I2C3_EV_IRQHandler
                0x0000000008002c9c                EXTI9_5_IRQHandler
                0x0000000008002c9c                DMA1_CH2_IRQHandler
                0x0000000008002c9c                RTC_WKUP_IRQHandler
                0x0000000008002c9c                SPI2_IRQHandler
                0x0000000008002c9c                DMA1_CH1_IRQHandler
                0x0000000008002c9c                USB_LP_CAN_RX0_IRQHandler
                0x0000000008002c9c                COMP123_IRQHandler
                0x0000000008002c9c                USB_LP_IRQHandler
                0x0000000008002c9c                EXTI4_IRQHandler
                0x0000000008002c9c                TIM1_TRG_COM_TIM17_IRQHandler
                0x0000000008002c9c                ADC4_IRQHandler
                0x0000000008002c9c                WWDG_IRQHandler
                0x0000000008002c9c                TIM2_IRQHandler
                0x0000000008002c9c                COMP7_IRQHandler
                0x0000000008002c9c                EXTI1_IRQHandler
                0x0000000008002c9c                RTCAlarm_IRQHandler
                0x0000000008002c9c                UART5_EXTI35_IRQHandler
                0x0000000008002c9c                TIM20_BRK_IRQHandler
                0x0000000008002c9c                I2C2_ER_IRQHandler
                0x0000000008002c9c                TIM8_BRK_IRQHandler
                0x0000000008002c9c                FLASH_IRQHandler
                0x0000000008002c9c                TIM20_CC_IRQHandler
                0x0000000008002c9c                SPI3_IRQHandler
                0x0000000008002c9c                DMA2_CH3_IRQHandler
                0x0000000008002c9c                DMA2_CH2_IRQHandler
                0x0000000008002c9c                I2C1_ER_IRQHandler
                0x0000000008002c9c                FMC_IRQHandler
                0x0000000008002c9c                DMA1_CH5_IRQHandler
                0x0000000008002c9c                DMA2_CH4_IRQHandler
                0x0000000008002c9c                USB_WKUP_IRQHandler
                0x0000000008002c9c                EXTI2_TSC_IRQHandler
                0x0000000008002c9c                TIM1_BRK_TIM15_IRQHandler
 *fill*         0x0000000008002c9e        0x2 
 .text.__libc_init_array
                0x0000000008002ca0       0x48 c:/st/stm32cubeide_1.12.1/stm32cubeide/plugins/com.st.stm32cube.ide.mcu.externaltools.gnu-tools-for-stm32.10.3-2021.10.win32_1.0.200.202301161003/tools/bin/../lib/gcc/arm-none-eabi/10.3.1/../../../../arm-none-eabi/lib/thumb/v7e-m+fp/hard\libc_nano.a(lib_a-init.o)
                0x0000000008002ca0                __libc_init_array
 .text.memset   0x0000000008002ce8       0x10 c:/st/stm32cubeide_1.12.1/stm32cubeide/plugins/com.st.stm32cube.ide.mcu.externaltools.gnu-tools-for-stm32.10.3-2021.10.win32_1.0.200.202301161003/tools/bin/../lib/gcc/arm-none-eabi/10.3.1/../../../../arm-none-eabi/lib/thumb/v7e-m+fp/hard\libc_nano.a(lib_a-memset.o)
                0x0000000008002ce8                memset
 *(.glue_7)
 .glue_7        0x0000000008002cf8        0x0 linker stubs
 *(.glue_7t)
 .glue_7t       0x0000000008002cf8        0x0 linker stubs
 *(.eh_frame)
 .eh_frame      0x0000000008002cf8        0x0 c:/st/stm32cubeide_1.12.1/stm32cubeide/plugins/com.st.stm32cube.ide.mcu.externaltools.gnu-tools-for-stm32.10.3-2021.10.win32_1.0.200.202301161003/tools/bin/../lib/gcc/arm-none-eabi/10.3.1/thumb/v7e-m+fp/hard/crtbegin.o
 *(.init)
 .init          0x0000000008002cf8        0x4 c:/st/stm32cubeide_1.12.1/stm32cubeide/plugins/com.st.stm32cube.ide.mcu.externaltools.gnu-tools-for-stm32.10.3-2021.10.win32_1.0.200.202301161003/tools/bin/../lib/gcc/arm-none-eabi/10.3.1/thumb/v7e-m+fp/hard/crti.o
                0x0000000008002cf8                _init
 .init          0x0000000008002cfc        0x8 c:/st/stm32cubeide_1.12.1/stm32cubeide/plugins/com.st.stm32cube.ide.mcu.externaltools.gnu-tools-for-stm32.10.3-2021.10.win32_1.0.200.202301161003/tools/bin/../lib/gcc/arm-none-eabi/10.3.1/thumb/v7e-m+fp/hard/crtn.o
 *(.fini)
 .fini          0x0000000008002d04        0x4 c:/st/stm32cubeide_1.12.1/stm32cubeide/plugins/com.st.stm32cube.ide.mcu.externaltools.gnu-tools-for-stm32.10.3-2021.10.win32_1.0.200.202301161003/tools/bin/../lib/gcc/arm-none-eabi/10.3.1/thumb/v7e-m+fp/hard/crti.o
                0x0000000008002d04                _fini
 .fini          0x0000000008002d08        0x8 c:/st/stm32cubeide_1.12.1/stm32cubeide/plugins/com.st.stm32cube.ide.mcu.externaltools.gnu-tools-for-stm32.10.3-2021.10.win32_1.0.200.202301161003/tools/bin/../lib/gcc/arm-none-eabi/10.3.1/thumb/v7e-m+fp/hard/crtn.o
                0x0000000008002d10                . = ALIGN (0x4)
                0x0000000008002d10                _etext = .

.vfp11_veneer   0x0000000008002d10        0x0
 .vfp11_veneer  0x0000000008002d10        0x0 linker stubs

.v4_bx          0x0000000008002d10        0x0
 .v4_bx         0x0000000008002d10        0x0 linker stubs

.iplt           0x0000000008002d10        0x0
 .iplt          0x0000000008002d10        0x0 c:/st/stm32cubeide_1.12.1/stm32cubeide/plugins/com.st.stm32cube.ide.mcu.externaltools.gnu-tools-for-stm32.10.3-2021.10.win32_1.0.200.202301161003/tools/bin/../lib/gcc/arm-none-eabi/10.3.1/thumb/v7e-m+fp/hard/crtbegin.o

.rodata         0x0000000008002d10       0x38
                0x0000000008002d10                . = ALIGN (0x4)
 *(.rodata)
 *(.rodata*)
 .rodata.aPLLMULFactorTable
                0x0000000008002d10       0x10 ./Inc/STM32F3xx_HAL_Driver/Src/stm32f3xx_hal_rcc.o
 .rodata.aPredivFactorTable
                0x0000000008002d20       0x10 ./Inc/STM32F3xx_HAL_Driver/Src/stm32f3xx_hal_rcc.o
 .rodata.AHBPrescTable
                0x0000000008002d30       0x10 ./Inc/STM32F3xx_HAL_Driver/Target/system_stm32f3xx.o
                0x0000000008002d30                AHBPrescTable
 .rodata.APBPrescTable
                0x0000000008002d40        0x8 ./Inc/STM32F3xx_HAL_Driver/Target/system_stm32f3xx.o
                0x0000000008002d40                APBPrescTable
                0x0000000008002d48                . = ALIGN (0x4)

.rel.dyn        0x0000000008002d48        0x0
 .rel.iplt      0x0000000008002d48        0x0 c:/st/stm32cubeide_1.12.1/stm32cubeide/plugins/com.st.stm32cube.ide.mcu.externaltools.gnu-tools-for-stm32.10.3-2021.10.win32_1.0.200.202301161003/tools/bin/../lib/gcc/arm-none-eabi/10.3.1/thumb/v7e-m+fp/hard/crtbegin.o

.ARM.extab      0x0000000008002d48        0x0
                0x0000000008002d48                . = ALIGN (0x4)
 *(.ARM.extab* .gnu.linkonce.armextab.*)
                0x0000000008002d48                . = ALIGN (0x4)

.ARM            0x0000000008002d48        0x0
                0x0000000008002d48                . = ALIGN (0x4)
                0x0000000008002d48                __exidx_start = .
 *(.ARM.exidx*)
                0x0000000008002d48                __exidx_end = .
                0x0000000008002d48                . = ALIGN (0x4)

.preinit_array  0x0000000008002d48        0x0
                0x0000000008002d48                . = ALIGN (0x4)
                0x0000000008002d48                PROVIDE (__preinit_array_start = .)
 *(.preinit_array*)
                0x0000000008002d48                PROVIDE (__preinit_array_end = .)
                0x0000000008002d48                . = ALIGN (0x4)

.init_array     0x0000000008002d48        0x4
                0x0000000008002d48                . = ALIGN (0x4)
                0x0000000008002d48                PROVIDE (__init_array_start = .)
 *(SORT_BY_NAME(.init_array.*))
 *(.init_array*)
 .init_array    0x0000000008002d48        0x4 c:/st/stm32cubeide_1.12.1/stm32cubeide/plugins/com.st.stm32cube.ide.mcu.externaltools.gnu-tools-for-stm32.10.3-2021.10.win32_1.0.200.202301161003/tools/bin/../lib/gcc/arm-none-eabi/10.3.1/thumb/v7e-m+fp/hard/crtbegin.o
                0x0000000008002d4c                PROVIDE (__init_array_end = .)
                0x0000000008002d4c                . = ALIGN (0x4)

.fini_array     0x0000000008002d4c        0x4
                0x0000000008002d4c                . = ALIGN (0x4)
                [!provide]                        PROVIDE (__fini_array_start = .)
 *(SORT_BY_NAME(.fini_array.*))
 *(.fini_array*)
 .fini_array    0x0000000008002d4c        0x4 c:/st/stm32cubeide_1.12.1/stm32cubeide/plugins/com.st.stm32cube.ide.mcu.externaltools.gnu-tools-for-stm32.10.3-2021.10.win32_1.0.200.202301161003/tools/bin/../lib/gcc/arm-none-eabi/10.3.1/thumb/v7e-m+fp/hard/crtbegin.o
                [!provide]                        PROVIDE (__fini_array_end = .)
                0x0000000008002d50                . = ALIGN (0x4)
                0x0000000008002d50                _sidata = LOADADDR (.data)

.data           0x0000000020000000       0xcc load address 0x0000000008002d50
                0x0000000020000000                . = ALIGN (0x4)
                0x0000000020000000                _sdata = .
 *(.data)
 *(.data*)
 .data.uwTickPrio
                0x0000000020000000        0x4 ./Inc/STM32F3xx_HAL_Driver/Src/stm32f3xx_hal.o
                0x0000000020000000                uwTickPrio
 .data.uwTickFreq
                0x0000000020000004        0x1 ./Inc/STM32F3xx_HAL_Driver/Src/stm32f3xx_hal.o
                0x0000000020000004                uwTickFreq
 *fill*         0x0000000020000005        0x3 
 .data.SystemCoreClock
                0x0000000020000008        0x4 ./Inc/STM32F3xx_HAL_Driver/Target/system_stm32f3xx.o
                0x0000000020000008                SystemCoreClock
 .data.husart_1
                0x000000002000000c       0x8c ./Inc/Services/COMM/Uart/COM_Uart.o
                0x000000002000000c                husart_1
 .data.Huart1   0x0000000020000098        0x8 ./Inc/Services/COMM/Uart/COM_Uart.o
                0x0000000020000098                Huart1
 .data.session_1
                0x00000000200000a0       0x2c ./Src/main.o
                0x00000000200000a0                session_1
 *(.RamFunc)
 *(.RamFunc*)
                0x00000000200000cc                . = ALIGN (0x4)
                0x00000000200000cc                _edata = .
                0x0000000008002e1c                _siccmram = LOADADDR (.ccmram)

.igot.plt       0x00000000200000cc        0x0 load address 0x0000000008002e1c
 .igot.plt      0x00000000200000cc        0x0 c:/st/stm32cubeide_1.12.1/stm32cubeide/plugins/com.st.stm32cube.ide.mcu.externaltools.gnu-tools-for-stm32.10.3-2021.10.win32_1.0.200.202301161003/tools/bin/../lib/gcc/arm-none-eabi/10.3.1/thumb/v7e-m+fp/hard/crtbegin.o

.ccmram         0x0000000010000000        0x0 load address 0x0000000008002e1c
                0x0000000010000000                . = ALIGN (0x4)
                0x0000000010000000                _sccmram = .
 *(.ccmram)
 *(.ccmram*)
                0x0000000010000000                . = ALIGN (0x4)
                0x0000000010000000                _eccmram = .
                0x0000000010000000                . = ALIGN (0x4)

.bss            0x00000000200000cc       0x6c
                0x00000000200000cc                _sbss = .
                0x00000000200000cc                __bss_start__ = _sbss
 *(.bss)
 .bss           0x00000000200000cc       0x1c c:/st/stm32cubeide_1.12.1/stm32cubeide/plugins/com.st.stm32cube.ide.mcu.externaltools.gnu-tools-for-stm32.10.3-2021.10.win32_1.0.200.202301161003/tools/bin/../lib/gcc/arm-none-eabi/10.3.1/thumb/v7e-m+fp/hard/crtbegin.o
 *(.bss*)
 .bss.uwTick    0x00000000200000e8        0x4 ./Inc/STM32F3xx_HAL_Driver/Src/stm32f3xx_hal.o
                0x00000000200000e8                uwTick
 .bss.NULL_SESSION
                0x00000000200000ec       0x2c ./Inc/Services/COMM/COMM_program.o
                0x00000000200000ec                NULL_SESSION
 .bss.ARR_SESSIONS
                0x0000000020000118       0x20 ./Inc/Services/COMM/COMM_program.o
 *(COMMON)
                0x0000000020000138                . = ALIGN (0x4)
                0x0000000020000138                _ebss = .
                0x0000000020000138                __bss_end__ = _ebss

._user_heap_stack
                0x0000000020000138      0x600
                0x0000000020000138                . = ALIGN (0x8)
                [!provide]                        PROVIDE (end = .)
                0x0000000020000138                PROVIDE (_end = .)
                0x0000000020000338                . = (. + _Min_Heap_Size)
 *fill*         0x0000000020000138      0x200 
                0x0000000020000738                . = (. + _Min_Stack_Size)
 *fill*         0x0000000020000338      0x400 
                0x0000000020000738                . = ALIGN (0x8)

/DISCARD/
 libc.a(*)
 libm.a(*)
 libgcc.a(*)

.ARM.attributes
                0x0000000000000000       0x30
 *(.ARM.attributes)
 .ARM.attributes
                0x0000000000000000       0x1e c:/st/stm32cubeide_1.12.1/stm32cubeide/plugins/com.st.stm32cube.ide.mcu.externaltools.gnu-tools-for-stm32.10.3-2021.10.win32_1.0.200.202301161003/tools/bin/../lib/gcc/arm-none-eabi/10.3.1/thumb/v7e-m+fp/hard/crti.o
 .ARM.attributes
                0x000000000000001e       0x34 c:/st/stm32cubeide_1.12.1/stm32cubeide/plugins/com.st.stm32cube.ide.mcu.externaltools.gnu-tools-for-stm32.10.3-2021.10.win32_1.0.200.202301161003/tools/bin/../lib/gcc/arm-none-eabi/10.3.1/thumb/v7e-m+fp/hard/crtbegin.o
 .ARM.attributes
                0x0000000000000052       0x34 ./Inc/STM32F3xx_HAL_Driver/Src/stm32f3xx_hal.o
 .ARM.attributes
                0x0000000000000086       0x34 ./Inc/STM32F3xx_HAL_Driver/Src/stm32f3xx_hal_cortex.o
 .ARM.attributes
                0x00000000000000ba       0x34 ./Inc/STM32F3xx_HAL_Driver/Src/stm32f3xx_hal_gpio.o
 .ARM.attributes
                0x00000000000000ee       0x34 ./Inc/STM32F3xx_HAL_Driver/Src/stm32f3xx_hal_rcc.o
 .ARM.attributes
                0x0000000000000122       0x34 ./Inc/STM32F3xx_HAL_Driver/Src/stm32f3xx_hal_rcc_ex.o
 .ARM.attributes
                0x0000000000000156       0x34 ./Inc/STM32F3xx_HAL_Driver/Src/stm32f3xx_hal_uart.o
 .ARM.attributes
                0x000000000000018a       0x34 ./Inc/STM32F3xx_HAL_Driver/Target/system_stm32f3xx.o
 .ARM.attributes
                0x00000000000001be       0x34 ./Inc/Services/COMM/COMM_program.o
 .ARM.attributes
                0x00000000000001f2       0x34 ./Inc/Services/COMM/Uart/COM_Uart.o
 .ARM.attributes
                0x0000000000000226       0x34 ./Inc/Services/SYSCLOCK/SYSCLOCK.o
 .ARM.attributes
                0x000000000000025a       0x34 ./Inc/stm32f3xx/stm32f3xx_it.o
 .ARM.attributes
                0x000000000000028e       0x34 ./Src/main.o
 .ARM.attributes
                0x00000000000002c2       0x21 ./Startup/startup_stm32f303retx.o
 .ARM.attributes
                0x00000000000002e3       0x34 c:/st/stm32cubeide_1.12.1/stm32cubeide/plugins/com.st.stm32cube.ide.mcu.externaltools.gnu-tools-for-stm32.10.3-2021.10.win32_1.0.200.202301161003/tools/bin/../lib/gcc/arm-none-eabi/10.3.1/../../../../arm-none-eabi/lib/thumb/v7e-m+fp/hard\libc_nano.a(lib_a-init.o)
 .ARM.attributes
                0x0000000000000317       0x34 c:/st/stm32cubeide_1.12.1/stm32cubeide/plugins/com.st.stm32cube.ide.mcu.externaltools.gnu-tools-for-stm32.10.3-2021.10.win32_1.0.200.202301161003/tools/bin/../lib/gcc/arm-none-eabi/10.3.1/../../../../arm-none-eabi/lib/thumb/v7e-m+fp/hard\libc_nano.a(lib_a-memset.o)
 .ARM.attributes
                0x000000000000034b       0x1e c:/st/stm32cubeide_1.12.1/stm32cubeide/plugins/com.st.stm32cube.ide.mcu.externaltools.gnu-tools-for-stm32.10.3-2021.10.win32_1.0.200.202301161003/tools/bin/../lib/gcc/arm-none-eabi/10.3.1/thumb/v7e-m+fp/hard/crtn.o
OUTPUT(COM_Test2.elf elf32-littlearm)
LOAD linker stubs
LOAD c:/st/stm32cubeide_1.12.1/stm32cubeide/plugins/com.st.stm32cube.ide.mcu.externaltools.gnu-tools-for-stm32.10.3-2021.10.win32_1.0.200.202301161003/tools/bin/../lib/gcc/arm-none-eabi/10.3.1/../../../../arm-none-eabi/lib/thumb/v7e-m+fp/hard\libc.a
LOAD c:/st/stm32cubeide_1.12.1/stm32cubeide/plugins/com.st.stm32cube.ide.mcu.externaltools.gnu-tools-for-stm32.10.3-2021.10.win32_1.0.200.202301161003/tools/bin/../lib/gcc/arm-none-eabi/10.3.1/../../../../arm-none-eabi/lib/thumb/v7e-m+fp/hard\libm.a
LOAD c:/st/stm32cubeide_1.12.1/stm32cubeide/plugins/com.st.stm32cube.ide.mcu.externaltools.gnu-tools-for-stm32.10.3-2021.10.win32_1.0.200.202301161003/tools/bin/../lib/gcc/arm-none-eabi/10.3.1/thumb/v7e-m+fp/hard\libgcc.a

.debug_info     0x0000000000000000     0xa558
 .debug_info    0x0000000000000000      0x837 ./Inc/STM32F3xx_HAL_Driver/Src/stm32f3xx_hal.o
 .debug_info    0x0000000000000837      0xdb5 ./Inc/STM32F3xx_HAL_Driver/Src/stm32f3xx_hal_cortex.o
 .debug_info    0x00000000000015ec      0x74e ./Inc/STM32F3xx_HAL_Driver/Src/stm32f3xx_hal_gpio.o
 .debug_info    0x0000000000001d3a     0x1596 ./Inc/STM32F3xx_HAL_Driver/Src/stm32f3xx_hal_rcc.o
 .debug_info    0x00000000000032d0      0x68a ./Inc/STM32F3xx_HAL_Driver/Src/stm32f3xx_hal_rcc_ex.o
 .debug_info    0x000000000000395a     0x3f1c ./Inc/STM32F3xx_HAL_Driver/Src/stm32f3xx_hal_uart.o
 .debug_info    0x0000000000007876      0x40f ./Inc/STM32F3xx_HAL_Driver/Target/system_stm32f3xx.o
 .debug_info    0x0000000000007c85      0xfcf ./Inc/Services/COMM/COMM_program.o
 .debug_info    0x0000000000008c54      0xb11 ./Inc/Services/COMM/Uart/COM_Uart.o
 .debug_info    0x0000000000009765      0x405 ./Inc/Services/SYSCLOCK/SYSCLOCK.o
 .debug_info    0x0000000000009b6a      0x122 ./Inc/stm32f3xx/stm32f3xx_it.o
 .debug_info    0x0000000000009c8c      0x8aa ./Src/main.o
 .debug_info    0x000000000000a536       0x22 ./Startup/startup_stm32f303retx.o

.debug_abbrev   0x0000000000000000     0x179d
 .debug_abbrev  0x0000000000000000      0x20e ./Inc/STM32F3xx_HAL_Driver/Src/stm32f3xx_hal.o
 .debug_abbrev  0x000000000000020e      0x316 ./Inc/STM32F3xx_HAL_Driver/Src/stm32f3xx_hal_cortex.o
 .debug_abbrev  0x0000000000000524      0x1bb ./Inc/STM32F3xx_HAL_Driver/Src/stm32f3xx_hal_gpio.o
 .debug_abbrev  0x00000000000006df      0x2f9 ./Inc/STM32F3xx_HAL_Driver/Src/stm32f3xx_hal_rcc.o
 .debug_abbrev  0x00000000000009d8      0x240 ./Inc/STM32F3xx_HAL_Driver/Src/stm32f3xx_hal_rcc_ex.o
 .debug_abbrev  0x0000000000000c18      0x2bc ./Inc/STM32F3xx_HAL_Driver/Src/stm32f3xx_hal_uart.o
 .debug_abbrev  0x0000000000000ed4      0x116 ./Inc/STM32F3xx_HAL_Driver/Target/system_stm32f3xx.o
 .debug_abbrev  0x0000000000000fea      0x24b ./Inc/Services/COMM/COMM_program.o
 .debug_abbrev  0x0000000000001235      0x225 ./Inc/Services/COMM/Uart/COM_Uart.o
 .debug_abbrev  0x000000000000145a      0x148 ./Inc/Services/SYSCLOCK/SYSCLOCK.o
 .debug_abbrev  0x00000000000015a2       0x74 ./Inc/stm32f3xx/stm32f3xx_it.o
 .debug_abbrev  0x0000000000001616      0x175 ./Src/main.o
 .debug_abbrev  0x000000000000178b       0x12 ./Startup/startup_stm32f303retx.o

.debug_aranges  0x0000000000000000      0x728
 .debug_aranges
                0x0000000000000000       0xe0 ./Inc/STM32F3xx_HAL_Driver/Src/stm32f3xx_hal.o
 .debug_aranges
                0x00000000000000e0      0x118 ./Inc/STM32F3xx_HAL_Driver/Src/stm32f3xx_hal_cortex.o
 .debug_aranges
                0x00000000000001f8       0x58 ./Inc/STM32F3xx_HAL_Driver/Src/stm32f3xx_hal_gpio.o
 .debug_aranges
                0x0000000000000250       0x88 ./Inc/STM32F3xx_HAL_Driver/Src/stm32f3xx_hal_rcc.o
 .debug_aranges
                0x00000000000002d8       0x38 ./Inc/STM32F3xx_HAL_Driver/Src/stm32f3xx_hal_rcc_ex.o
 .debug_aranges
                0x0000000000000310      0x228 ./Inc/STM32F3xx_HAL_Driver/Src/stm32f3xx_hal_uart.o
 .debug_aranges
                0x0000000000000538       0x28 ./Inc/STM32F3xx_HAL_Driver/Target/system_stm32f3xx.o
 .debug_aranges
                0x0000000000000560       0xb8 ./Inc/Services/COMM/COMM_program.o
 .debug_aranges
                0x0000000000000618       0x40 ./Inc/Services/COMM/Uart/COM_Uart.o
 .debug_aranges
                0x0000000000000658       0x28 ./Inc/Services/SYSCLOCK/SYSCLOCK.o
 .debug_aranges
                0x0000000000000680       0x60 ./Inc/stm32f3xx/stm32f3xx_it.o
 .debug_aranges
                0x00000000000006e0       0x20 ./Src/main.o
 .debug_aranges
                0x0000000000000700       0x28 ./Startup/startup_stm32f303retx.o

.debug_ranges   0x0000000000000000      0x690
 .debug_ranges  0x0000000000000000       0xd0 ./Inc/STM32F3xx_HAL_Driver/Src/stm32f3xx_hal.o
 .debug_ranges  0x00000000000000d0      0x108 ./Inc/STM32F3xx_HAL_Driver/Src/stm32f3xx_hal_cortex.o
 .debug_ranges  0x00000000000001d8       0x48 ./Inc/STM32F3xx_HAL_Driver/Src/stm32f3xx_hal_gpio.o
 .debug_ranges  0x0000000000000220       0x78 ./Inc/STM32F3xx_HAL_Driver/Src/stm32f3xx_hal_rcc.o
 .debug_ranges  0x0000000000000298       0x28 ./Inc/STM32F3xx_HAL_Driver/Src/stm32f3xx_hal_rcc_ex.o
 .debug_ranges  0x00000000000002c0      0x248 ./Inc/STM32F3xx_HAL_Driver/Src/stm32f3xx_hal_uart.o
 .debug_ranges  0x0000000000000508       0x18 ./Inc/STM32F3xx_HAL_Driver/Target/system_stm32f3xx.o
 .debug_ranges  0x0000000000000520       0xa8 ./Inc/Services/COMM/COMM_program.o
 .debug_ranges  0x00000000000005c8       0x30 ./Inc/Services/COMM/Uart/COM_Uart.o
 .debug_ranges  0x00000000000005f8       0x18 ./Inc/Services/SYSCLOCK/SYSCLOCK.o
 .debug_ranges  0x0000000000000610       0x50 ./Inc/stm32f3xx/stm32f3xx_it.o
 .debug_ranges  0x0000000000000660       0x10 ./Src/main.o
 .debug_ranges  0x0000000000000670       0x20 ./Startup/startup_stm32f303retx.o

.debug_macro    0x0000000000000000    0x20240
 .debug_macro   0x0000000000000000      0x1d3 ./Inc/STM32F3xx_HAL_Driver/Src/stm32f3xx_hal.o
 .debug_macro   0x00000000000001d3      0xa7e ./Inc/STM32F3xx_HAL_Driver/Src/stm32f3xx_hal.o
 .debug_macro   0x0000000000000c51      0x14b ./Inc/STM32F3xx_HAL_Driver/Src/stm32f3xx_hal.o
 .debug_macro   0x0000000000000d9c       0x2e ./Inc/STM32F3xx_HAL_Driver/Src/stm32f3xx_hal.o
 .debug_macro   0x0000000000000dca       0x28 ./Inc/STM32F3xx_HAL_Driver/Src/stm32f3xx_hal.o
 .debug_macro   0x0000000000000df2       0x22 ./Inc/STM32F3xx_HAL_Driver/Src/stm32f3xx_hal.o
 .debug_macro   0x0000000000000e14       0x8e ./Inc/STM32F3xx_HAL_Driver/Src/stm32f3xx_hal.o
 .debug_macro   0x0000000000000ea2       0x51 ./Inc/STM32F3xx_HAL_Driver/Src/stm32f3xx_hal.o
 .debug_macro   0x0000000000000ef3      0x103 ./Inc/STM32F3xx_HAL_Driver/Src/stm32f3xx_hal.o
 .debug_macro   0x0000000000000ff6       0x6a ./Inc/STM32F3xx_HAL_Driver/Src/stm32f3xx_hal.o
 .debug_macro   0x0000000000001060      0x1df ./Inc/STM32F3xx_HAL_Driver/Src/stm32f3xx_hal.o
 .debug_macro   0x000000000000123f       0x1c ./Inc/STM32F3xx_HAL_Driver/Src/stm32f3xx_hal.o
 .debug_macro   0x000000000000125b       0x22 ./Inc/STM32F3xx_HAL_Driver/Src/stm32f3xx_hal.o
 .debug_macro   0x000000000000127d       0xd9 ./Inc/STM32F3xx_HAL_Driver/Src/stm32f3xx_hal.o
 .debug_macro   0x0000000000001356     0x102d ./Inc/STM32F3xx_HAL_Driver/Src/stm32f3xx_hal.o
 .debug_macro   0x0000000000002383      0x11f ./Inc/STM32F3xx_HAL_Driver/Src/stm32f3xx_hal.o
 .debug_macro   0x00000000000024a2    0x1535a ./Inc/STM32F3xx_HAL_Driver/Src/stm32f3xx_hal.o
 .debug_macro   0x00000000000177fc       0x6d ./Inc/STM32F3xx_HAL_Driver/Src/stm32f3xx_hal.o
 .debug_macro   0x0000000000017869     0x3558 ./Inc/STM32F3xx_HAL_Driver/Src/stm32f3xx_hal.o
 .debug_macro   0x000000000001adc1      0x174 ./Inc/STM32F3xx_HAL_Driver/Src/stm32f3xx_hal.o
 .debug_macro   0x000000000001af35       0x55 ./Inc/STM32F3xx_HAL_Driver/Src/stm32f3xx_hal.o
 .debug_macro   0x000000000001af8a      0x953 ./Inc/STM32F3xx_HAL_Driver/Src/stm32f3xx_hal.o
 .debug_macro   0x000000000001b8dd      0x84a ./Inc/STM32F3xx_HAL_Driver/Src/stm32f3xx_hal.o
 .debug_macro   0x000000000001c127      0x1b5 ./Inc/STM32F3xx_HAL_Driver/Src/stm32f3xx_hal.o
 .debug_macro   0x000000000001c2dc      0x23a ./Inc/STM32F3xx_HAL_Driver/Src/stm32f3xx_hal.o
 .debug_macro   0x000000000001c516      0x1ea ./Inc/STM32F3xx_HAL_Driver/Src/stm32f3xx_hal.o
 .debug_macro   0x000000000001c700      0x1bc ./Inc/STM32F3xx_HAL_Driver/Src/stm32f3xx_hal.o
 .debug_macro   0x000000000001c8bc       0x30 ./Inc/STM32F3xx_HAL_Driver/Src/stm32f3xx_hal.o
 .debug_macro   0x000000000001c8ec       0x3c ./Inc/STM32F3xx_HAL_Driver/Src/stm32f3xx_hal.o
 .debug_macro   0x000000000001c928      0x235 ./Inc/STM32F3xx_HAL_Driver/Src/stm32f3xx_hal.o
 .debug_macro   0x000000000001cb5d       0xc5 ./Inc/STM32F3xx_HAL_Driver/Src/stm32f3xx_hal.o
 .debug_macro   0x000000000001cc22      0x21d ./Inc/STM32F3xx_HAL_Driver/Src/stm32f3xx_hal.o
 .debug_macro   0x000000000001ce3f       0x81 ./Inc/STM32F3xx_HAL_Driver/Src/stm32f3xx_hal.o
 .debug_macro   0x000000000001cec0       0xd3 ./Inc/STM32F3xx_HAL_Driver/Src/stm32f3xx_hal.o
 .debug_macro   0x000000000001cf93      0x5b4 ./Inc/STM32F3xx_HAL_Driver/Src/stm32f3xx_hal.o
 .debug_macro   0x000000000001d547       0x44 ./Inc/STM32F3xx_HAL_Driver/Src/stm32f3xx_hal.o
 .debug_macro   0x000000000001d58b      0x347 ./Inc/STM32F3xx_HAL_Driver/Src/stm32f3xx_hal.o
 .debug_macro   0x000000000001d8d2      0x1af ./Inc/STM32F3xx_HAL_Driver/Src/stm32f3xx_hal_cortex.o
 .debug_macro   0x000000000001da81      0x1b6 ./Inc/STM32F3xx_HAL_Driver/Src/stm32f3xx_hal_gpio.o
 .debug_macro   0x000000000001dc37      0x1d3 ./Inc/STM32F3xx_HAL_Driver/Src/stm32f3xx_hal_rcc.o
 .debug_macro   0x000000000001de0a      0x1af ./Inc/STM32F3xx_HAL_Driver/Src/stm32f3xx_hal_rcc_ex.o
 .debug_macro   0x000000000001dfb9      0x1cc ./Inc/STM32F3xx_HAL_Driver/Src/stm32f3xx_hal_uart.o
 .debug_macro   0x000000000001e185       0xda ./Inc/STM32F3xx_HAL_Driver/Target/system_stm32f3xx.o
 .debug_macro   0x000000000001e25f      0x1b3 ./Inc/Services/COMM/COMM_program.o
 .debug_macro   0x000000000001e412      0x959 ./Inc/Services/COMM/COMM_program.o
 .debug_macro   0x000000000001ed6b      0x2fe ./Inc/Services/COMM/COMM_program.o
 .debug_macro   0x000000000001f069      0x22c ./Inc/Services/COMM/COMM_program.o
 .debug_macro   0x000000000001f295       0x5b ./Inc/Services/COMM/COMM_program.o
 .debug_macro   0x000000000001f2f0       0xa5 ./Inc/Services/COMM/COMM_program.o
 .debug_macro   0x000000000001f395      0x408 ./Inc/Services/COMM/COMM_program.o
 .debug_macro   0x000000000001f79d      0x156 ./Inc/Services/COMM/Uart/COM_Uart.o
 .debug_macro   0x000000000001f8f3      0x1c7 ./Inc/Services/SYSCLOCK/SYSCLOCK.o
 .debug_macro   0x000000000001faba      0x1af ./Inc/Services/SYSCLOCK/SYSCLOCK.o
 .debug_macro   0x000000000001fc69      0x1b9 ./Inc/stm32f3xx/stm32f3xx_it.o
 .debug_macro   0x000000000001fe22      0x23a ./Src/main.o
 .debug_macro   0x000000000002005c      0x1e4 ./Src/main.o

.debug_line     0x0000000000000000     0xa212
 .debug_line    0x0000000000000000      0x915 ./Inc/STM32F3xx_HAL_Driver/Src/stm32f3xx_hal.o
 .debug_line    0x0000000000000915      0xbda ./Inc/STM32F3xx_HAL_Driver/Src/stm32f3xx_hal_cortex.o
 .debug_line    0x00000000000014ef      0xa9c ./Inc/STM32F3xx_HAL_Driver/Src/stm32f3xx_hal_gpio.o
 .debug_line    0x0000000000001f8b     0x130a ./Inc/STM32F3xx_HAL_Driver/Src/stm32f3xx_hal_rcc.o
 .debug_line    0x0000000000003295      0xe30 ./Inc/STM32F3xx_HAL_Driver/Src/stm32f3xx_hal_rcc_ex.o
 .debug_line    0x00000000000040c5     0x328b ./Inc/STM32F3xx_HAL_Driver/Src/stm32f3xx_hal_uart.o
 .debug_line    0x0000000000007350      0x4ba ./Inc/STM32F3xx_HAL_Driver/Target/system_stm32f3xx.o
 .debug_line    0x000000000000780a      0xb38 ./Inc/Services/COMM/COMM_program.o
 .debug_line    0x0000000000008342      0x6f5 ./Inc/Services/COMM/Uart/COM_Uart.o
 .debug_line    0x0000000000008a37      0x763 ./Inc/Services/SYSCLOCK/SYSCLOCK.o
 .debug_line    0x000000000000919a      0x740 ./Inc/stm32f3xx/stm32f3xx_it.o
 .debug_line    0x00000000000098da      0x8b4 ./Src/main.o
 .debug_line    0x000000000000a18e       0x84 ./Startup/startup_stm32f303retx.o

.debug_str      0x0000000000000000    0xc01a7
 .debug_str     0x0000000000000000    0xb8641 ./Inc/STM32F3xx_HAL_Driver/Src/stm32f3xx_hal.o
                                      0xb8ed6 (size before relaxing)
 .debug_str     0x00000000000b8641      0x3da ./Inc/STM32F3xx_HAL_Driver/Src/stm32f3xx_hal_cortex.o
                                      0xb8f28 (size before relaxing)
 .debug_str     0x00000000000b8a1b      0x24f ./Inc/STM32F3xx_HAL_Driver/Src/stm32f3xx_hal_gpio.o
                                      0xb8812 (size before relaxing)
 .debug_str     0x00000000000b8c6a      0x41c ./Inc/STM32F3xx_HAL_Driver/Src/stm32f3xx_hal_rcc.o
                                      0xb8ad1 (size before relaxing)
 .debug_str     0x00000000000b9086      0x2b5 ./Inc/STM32F3xx_HAL_Driver/Src/stm32f3xx_hal_rcc_ex.o
                                      0xb891b (size before relaxing)
 .debug_str     0x00000000000b933b      0xcd6 ./Inc/STM32F3xx_HAL_Driver/Src/stm32f3xx_hal_uart.o
                                      0xb9379 (size before relaxing)
 .debug_str     0x00000000000ba011       0x6c ./Inc/STM32F3xx_HAL_Driver/Target/system_stm32f3xx.o
                                      0x82f4e (size before relaxing)
 .debug_str     0x00000000000ba07d     0x5f6e ./Inc/Services/COMM/COMM_program.o
                                      0xb71d7 (size before relaxing)
 .debug_str     0x00000000000bffeb       0x66 ./Inc/Services/COMM/Uart/COM_Uart.o
                                      0xb13bf (size before relaxing)
 .debug_str     0x00000000000c0051       0x46 ./Inc/Services/SYSCLOCK/SYSCLOCK.o
                                      0xb889c (size before relaxing)
 .debug_str     0x00000000000c0097       0xc2 ./Inc/stm32f3xx/stm32f3xx_it.o
                                      0xb859d (size before relaxing)
 .debug_str     0x00000000000c0159       0x1d ./Src/main.o
                                      0xbe6df (size before relaxing)
 .debug_str     0x00000000000c0176       0x31 ./Startup/startup_stm32f303retx.o
                                         0x50 (size before relaxing)

.comment        0x0000000000000000       0x50
 .comment       0x0000000000000000       0x50 ./Inc/STM32F3xx_HAL_Driver/Src/stm32f3xx_hal.o
                                         0x51 (size before relaxing)
 .comment       0x0000000000000050       0x51 ./Inc/STM32F3xx_HAL_Driver/Src/stm32f3xx_hal_cortex.o
 .comment       0x0000000000000050       0x51 ./Inc/STM32F3xx_HAL_Driver/Src/stm32f3xx_hal_gpio.o
 .comment       0x0000000000000050       0x51 ./Inc/STM32F3xx_HAL_Driver/Src/stm32f3xx_hal_rcc.o
 .comment       0x0000000000000050       0x51 ./Inc/STM32F3xx_HAL_Driver/Src/stm32f3xx_hal_rcc_ex.o
 .comment       0x0000000000000050       0x51 ./Inc/STM32F3xx_HAL_Driver/Src/stm32f3xx_hal_uart.o
 .comment       0x0000000000000050       0x51 ./Inc/STM32F3xx_HAL_Driver/Target/system_stm32f3xx.o
 .comment       0x0000000000000050       0x51 ./Inc/Services/COMM/COMM_program.o
 .comment       0x0000000000000050       0x51 ./Inc/Services/COMM/Uart/COM_Uart.o
 .comment       0x0000000000000050       0x51 ./Inc/Services/SYSCLOCK/SYSCLOCK.o
 .comment       0x0000000000000050       0x51 ./Inc/stm32f3xx/stm32f3xx_it.o
 .comment       0x0000000000000050       0x51 ./Src/main.o

.debug_frame    0x0000000000000000     0x1b98
 .debug_frame   0x0000000000000000      0x334 ./Inc/STM32F3xx_HAL_Driver/Src/stm32f3xx_hal.o
 .debug_frame   0x0000000000000334      0x498 ./Inc/STM32F3xx_HAL_Driver/Src/stm32f3xx_hal_cortex.o
 .debug_frame   0x00000000000007cc      0x14c ./Inc/STM32F3xx_HAL_Driver/Src/stm32f3xx_hal_gpio.o
 .debug_frame   0x0000000000000918      0x214 ./Inc/STM32F3xx_HAL_Driver/Src/stm32f3xx_hal_rcc.o
 .debug_frame   0x0000000000000b2c       0xb0 ./Inc/STM32F3xx_HAL_Driver/Src/stm32f3xx_hal_rcc_ex.o
 .debug_frame   0x0000000000000bdc      0x9ec ./Inc/STM32F3xx_HAL_Driver/Src/stm32f3xx_hal_uart.o
 .debug_frame   0x00000000000015c8       0x58 ./Inc/STM32F3xx_HAL_Driver/Target/system_stm32f3xx.o
 .debug_frame   0x0000000000001620      0x2f4 ./Inc/Services/COMM/COMM_program.o
 .debug_frame   0x0000000000001914       0xb8 ./Inc/Services/COMM/Uart/COM_Uart.o
 .debug_frame   0x00000000000019cc       0x50 ./Inc/Services/SYSCLOCK/SYSCLOCK.o
 .debug_frame   0x0000000000001a1c      0x104 ./Inc/stm32f3xx/stm32f3xx_it.o
 .debug_frame   0x0000000000001b20       0x2c ./Src/main.o
 .debug_frame   0x0000000000001b4c       0x2c c:/st/stm32cubeide_1.12.1/stm32cubeide/plugins/com.st.stm32cube.ide.mcu.externaltools.gnu-tools-for-stm32.10.3-2021.10.win32_1.0.200.202301161003/tools/bin/../lib/gcc/arm-none-eabi/10.3.1/../../../../arm-none-eabi/lib/thumb/v7e-m+fp/hard\libc_nano.a(lib_a-init.o)
 .debug_frame   0x0000000000001b78       0x20 c:/st/stm32cubeide_1.12.1/stm32cubeide/plugins/com.st.stm32cube.ide.mcu.externaltools.gnu-tools-for-stm32.10.3-2021.10.win32_1.0.200.202301161003/tools/bin/../lib/gcc/arm-none-eabi/10.3.1/../../../../arm-none-eabi/lib/thumb/v7e-m+fp/hard\libc_nano.a(lib_a-memset.o)
