../Inc/stm32f3xx/stm32f3xx_it.c:59:6:NMI_Handler	4	static
../Inc/stm32f3xx/stm32f3xx_it.c:74:6:HardFault_Handler	4	static
../Inc/stm32f3xx/stm32f3xx_it.c:89:6:MemManage_Handler	4	static
../Inc/stm32f3xx/stm32f3xx_it.c:104:6:BusFault_Handler	4	static
../Inc/stm32f3xx/stm32f3xx_it.c:119:6:UsageFault_Handler	4	static
../Inc/stm32f3xx/stm32f3xx_it.c:134:6:SVC_Handler	4	static
../Inc/stm32f3xx/stm32f3xx_it.c:147:6:DebugMon_Handler	4	static
../Inc/stm32f3xx/stm32f3xx_it.c:160:6:PendSV_Handler	4	static
../Inc/stm32f3xx/stm32f3xx_it.c:173:6:SysTick_Handler	8	static
