../Inc/STM32F3xx_HAL_Driver/Src/stm32f3xx_hal_dma.c:136:19:HAL_DMA_Init	24	static
../Inc/STM32F3xx_HAL_Driver/Src/stm32f3xx_hal_dma.c:198:19:HAL_DMA_DeInit	16	static
../Inc/STM32F3xx_HAL_Driver/Src/stm32f3xx_hal_dma.c:280:19:HAL_DMA_Start	32	static
../Inc/STM32F3xx_HAL_Driver/Src/stm32f3xx_hal_dma.c:327:19:HAL_DMA_Start_IT	32	static
../Inc/STM32F3xx_HAL_Driver/Src/stm32f3xx_hal_dma.c:382:19:HAL_DMA_Abort	16	static
../Inc/STM32F3xx_HAL_Driver/Src/stm32f3xx_hal_dma.c:420:19:HAL_DMA_Abort_IT	24	static
../Inc/STM32F3xx_HAL_Driver/Src/stm32f3xx_hal_dma.c:466:19:HAL_DMA_PollForTransfer	32	static
../Inc/STM32F3xx_HAL_Driver/Src/stm32f3xx_hal_dma.c:567:6:HAL_DMA_IRQHandler	24	static
../Inc/STM32F3xx_HAL_Driver/Src/stm32f3xx_hal_dma.c:659:19:HAL_DMA_RegisterCallback	32	static
../Inc/STM32F3xx_HAL_Driver/Src/stm32f3xx_hal_dma.c:710:19:HAL_DMA_UnRegisterCallback	24	static
../Inc/STM32F3xx_HAL_Driver/Src/stm32f3xx_hal_dma.c:786:22:HAL_DMA_GetState	16	static
../Inc/STM32F3xx_HAL_Driver/Src/stm32f3xx_hal_dma.c:797:10:HAL_DMA_GetError	16	static
../Inc/STM32F3xx_HAL_Driver/Src/stm32f3xx_hal_dma.c:823:13:DMA_SetConfig	24	static
../Inc/STM32F3xx_HAL_Driver/Src/stm32f3xx_hal_dma.c:857:13:DMA_CalcBaseAndBitshift	16	static
