Archive member included to satisfy reference by file (symbol)

C:/ST/STM32CubeIDE_1.11.2/STM32CubeIDE/plugins/com.st.stm32cube.ide.mcu.externaltools.gnu-tools-for-stm32.11.3.rel1.win32_1.1.100.202309141235/tools/bin/../lib/gcc/arm-none-eabi/11.3.1/../../../../arm-none-eabi/lib/thumb/v7e-m+fp/hard\libc_nano.a(libc_a-exit.o)
                              C:/ST/STM32CubeIDE_1.11.2/STM32CubeIDE/plugins/com.st.stm32cube.ide.mcu.externaltools.gnu-tools-for-stm32.11.3.rel1.win32_1.1.100.202309141235/tools/bin/../lib/gcc/arm-none-eabi/11.3.1/../../../../arm-none-eabi/lib/thumb/v7e-m+fp/hard/crt0.o (exit)
C:/ST/STM32CubeIDE_1.11.2/STM32CubeIDE/plugins/com.st.stm32cube.ide.mcu.externaltools.gnu-tools-for-stm32.11.3.rel1.win32_1.1.100.202309141235/tools/bin/../lib/gcc/arm-none-eabi/11.3.1/../../../../arm-none-eabi/lib/thumb/v7e-m+fp/hard\libc_nano.a(libc_a-findfp.o)
                              ./Middlewares/Third_Party/FreeRTOS/Source/tasks.o (__sf)
C:/ST/STM32CubeIDE_1.11.2/STM32CubeIDE/plugins/com.st.stm32cube.ide.mcu.externaltools.gnu-tools-for-stm32.11.3.rel1.win32_1.1.100.202309141235/tools/bin/../lib/gcc/arm-none-eabi/11.3.1/../../../../arm-none-eabi/lib/thumb/v7e-m+fp/hard\libc_nano.a(libc_a-fwalk.o)
                              C:/ST/STM32CubeIDE_1.11.2/STM32CubeIDE/plugins/com.st.stm32cube.ide.mcu.externaltools.gnu-tools-for-stm32.11.3.rel1.win32_1.1.100.202309141235/tools/bin/../lib/gcc/arm-none-eabi/11.3.1/../../../../arm-none-eabi/lib/thumb/v7e-m+fp/hard\libc_nano.a(libc_a-findfp.o) (_fwalk_sglue)
C:/ST/STM32CubeIDE_1.11.2/STM32CubeIDE/plugins/com.st.stm32cube.ide.mcu.externaltools.gnu-tools-for-stm32.11.3.rel1.win32_1.1.100.202309141235/tools/bin/../lib/gcc/arm-none-eabi/11.3.1/../../../../arm-none-eabi/lib/thumb/v7e-m+fp/hard\libc_nano.a(libc_a-stdio.o)
                              C:/ST/STM32CubeIDE_1.11.2/STM32CubeIDE/plugins/com.st.stm32cube.ide.mcu.externaltools.gnu-tools-for-stm32.11.3.rel1.win32_1.1.100.202309141235/tools/bin/../lib/gcc/arm-none-eabi/11.3.1/../../../../arm-none-eabi/lib/thumb/v7e-m+fp/hard\libc_nano.a(libc_a-findfp.o) (__sread)
C:/ST/STM32CubeIDE_1.11.2/STM32CubeIDE/plugins/com.st.stm32cube.ide.mcu.externaltools.gnu-tools-for-stm32.11.3.rel1.win32_1.1.100.202309141235/tools/bin/../lib/gcc/arm-none-eabi/11.3.1/../../../../arm-none-eabi/lib/thumb/v7e-m+fp/hard\libc_nano.a(libc_a-memset.o)
                              C:/ST/STM32CubeIDE_1.11.2/STM32CubeIDE/plugins/com.st.stm32cube.ide.mcu.externaltools.gnu-tools-for-stm32.11.3.rel1.win32_1.1.100.202309141235/tools/bin/../lib/gcc/arm-none-eabi/11.3.1/../../../../arm-none-eabi/lib/thumb/v7e-m+fp/hard/crt0.o (memset)
C:/ST/STM32CubeIDE_1.11.2/STM32CubeIDE/plugins/com.st.stm32cube.ide.mcu.externaltools.gnu-tools-for-stm32.11.3.rel1.win32_1.1.100.202309141235/tools/bin/../lib/gcc/arm-none-eabi/11.3.1/../../../../arm-none-eabi/lib/thumb/v7e-m+fp/hard\libc_nano.a(libc_a-strstr.o)
                              ./Core/Src/freertos.o (strstr)
C:/ST/STM32CubeIDE_1.11.2/STM32CubeIDE/plugins/com.st.stm32cube.ide.mcu.externaltools.gnu-tools-for-stm32.11.3.rel1.win32_1.1.100.202309141235/tools/bin/../lib/gcc/arm-none-eabi/11.3.1/../../../../arm-none-eabi/lib/thumb/v7e-m+fp/hard\libc_nano.a(libc_a-closer.o)
                              C:/ST/STM32CubeIDE_1.11.2/STM32CubeIDE/plugins/com.st.stm32cube.ide.mcu.externaltools.gnu-tools-for-stm32.11.3.rel1.win32_1.1.100.202309141235/tools/bin/../lib/gcc/arm-none-eabi/11.3.1/../../../../arm-none-eabi/lib/thumb/v7e-m+fp/hard\libc_nano.a(libc_a-stdio.o) (_close_r)
C:/ST/STM32CubeIDE_1.11.2/STM32CubeIDE/plugins/com.st.stm32cube.ide.mcu.externaltools.gnu-tools-for-stm32.11.3.rel1.win32_1.1.100.202309141235/tools/bin/../lib/gcc/arm-none-eabi/11.3.1/../../../../arm-none-eabi/lib/thumb/v7e-m+fp/hard\libc_nano.a(libc_a-reent.o)
                              ./Middlewares/Third_Party/FreeRTOS/Source/tasks.o (_reclaim_reent)
C:/ST/STM32CubeIDE_1.11.2/STM32CubeIDE/plugins/com.st.stm32cube.ide.mcu.externaltools.gnu-tools-for-stm32.11.3.rel1.win32_1.1.100.202309141235/tools/bin/../lib/gcc/arm-none-eabi/11.3.1/../../../../arm-none-eabi/lib/thumb/v7e-m+fp/hard\libc_nano.a(libc_a-impure.o)
                              ./Middlewares/Third_Party/FreeRTOS/Source/tasks.o (_impure_ptr)
C:/ST/STM32CubeIDE_1.11.2/STM32CubeIDE/plugins/com.st.stm32cube.ide.mcu.externaltools.gnu-tools-for-stm32.11.3.rel1.win32_1.1.100.202309141235/tools/bin/../lib/gcc/arm-none-eabi/11.3.1/../../../../arm-none-eabi/lib/thumb/v7e-m+fp/hard\libc_nano.a(libc_a-lseekr.o)
                              C:/ST/STM32CubeIDE_1.11.2/STM32CubeIDE/plugins/com.st.stm32cube.ide.mcu.externaltools.gnu-tools-for-stm32.11.3.rel1.win32_1.1.100.202309141235/tools/bin/../lib/gcc/arm-none-eabi/11.3.1/../../../../arm-none-eabi/lib/thumb/v7e-m+fp/hard\libc_nano.a(libc_a-stdio.o) (_lseek_r)
[...]
Memory Configuration

Name             Origin             Length             Attributes
CCMRAM           0x0000000010000000 0x0000000000004000 xrw
RAM              0x0000000020000000 0x0000000000010000 xrw
FLASH            0x0000000008000000 0x0000000000080000 xr
*default*        0x0000000000000000 0xffffffffffffffff

Linker script and memory map

LOAD C:/ST/STM32CubeIDE_1.11.2/STM32CubeIDE/plugins/com.st.stm32cube.ide.mcu.externaltools.gnu-tools-for-stm32.11.3.rel1.win32_1.1.100.202309141235/tools/bin/../lib/gcc/arm-none-eabi/11.3.1/thumb/v7e-m+fp/hard/crti.o
LOAD C:/ST/STM32CubeIDE_1.11.2/STM32CubeIDE/plugins/com.st.stm32cube.ide.mcu.externaltools.gnu-tools-for-stm32.11.3.rel1.win32_1.1.100.202309141235/tools/bin/../lib/gcc/arm-none-eabi/11.3.1/thumb/v7e-m+fp/hard/crtbegin.o
LOAD C:/ST/STM32CubeIDE_1.11.2/STM32CubeIDE/plugins/com.st.stm32cube.ide.mcu.externaltools.gnu-tools-for-stm32.11.3.rel1.win32_1.1.100.202309141235/tools/bin/../lib/gcc/arm-none-eabi/11.3.1/../../../../arm-none-eabi/lib/thumb/v7e-m+fp/hard/crt0.o
LOAD ./Core/Src/freertos.o
LOAD ./Core/Src/main.o
LOAD ./Core/Src/stm32f3xx_hal_msp.o
LOAD ./Core/Src/stm32f3xx_hal_timebase_tim.o
LOAD ./Core/Src/stm32f3xx_it.o
LOAD ./Core/Src/syscalls.o
LOAD ./Core/Src/sysmem.o
LOAD ./Core/Src/system_stm32f3xx.o
LOAD ./Core/Startup/startup_stm32f303retx.o
LOAD ./Drivers/STM32F3xx_HAL_Driver/Src/stm32f3xx_hal.o
LOAD ./Drivers/STM32F3xx_HAL_Driver/Src/stm32f3xx_hal_cortex.o
LOAD ./Drivers/STM32F3xx_HAL_Driver/Src/stm32f3xx_hal_dma.o
LOAD ./Drivers/STM32F3xx_HAL_Driver/Src/stm32f3xx_hal_exti.o
LOAD ./Drivers/STM32F3xx_HAL_Driver/Src/stm32f3xx_hal_flash.o
LOAD ./Drivers/STM32F3xx_HAL_Driver/Src/stm32f3xx_hal_flash_ex.o
LOAD ./Drivers/STM32F3xx_HAL_Driver/Src/stm32f3xx_hal_gpio.o
LOAD ./Drivers/STM32F3xx_HAL_Driver/Src/stm32f3xx_hal_i2c.o
LOAD ./Drivers/STM32F3xx_HAL_Driver/Src/stm32f3xx_hal_i2c_ex.o
LOAD ./Drivers/STM32F3xx_HAL_Driver/Src/stm32f3xx_hal_pwr.o
LOAD ./Drivers/STM32F3xx_HAL_Driver/Src/stm32f3xx_hal_pwr_ex.o
LOAD ./Drivers/STM32F3xx_HAL_Driver/Src/stm32f3xx_hal_rcc.o
LOAD ./Drivers/STM32F3xx_HAL_Driver/Src/stm32f3xx_hal_rcc_ex.o
LOAD ./Drivers/STM32F3xx_HAL_Driver/Src/stm32f3xx_hal_spi.o
LOAD ./Drivers/STM32F3xx_HAL_Driver/Src/stm32f3xx_hal_spi_ex.o
LOAD ./Drivers/STM32F3xx_HAL_Driver/Src/stm32f3xx_hal_tim.o
LOAD ./Drivers/STM32F3xx_HAL_Driver/Src/stm32f3xx_hal_tim_ex.o
LOAD ./Drivers/STM32F3xx_HAL_Driver/Src/stm32f3xx_hal_uart.o
LOAD ./Drivers/STM32F3xx_HAL_Driver/Src/stm32f3xx_hal_uart_ex.o
LOAD ./FATFS/App/fatfs.o
LOAD ./FATFS/Target/user_diskio.o
LOAD ./FATFS/Target/user_diskio_spi.o
LOAD ./Middlewares/Third_Party/FatFs/src/diskio.o
LOAD ./Middlewares/Third_Party/FatFs/src/ff.o
LOAD ./Middlewares/Third_Party/FatFs/src/ff_gen_drv.o
LOAD ./Middlewares/Third_Party/FatFs/src/option/syscall.o
LOAD ./Middlewares/Third_Party/FreeRTOS/Source/CMSIS_RTOS_V2/cmsis_os2.o
LOAD ./Middlewares/Third_Party/FreeRTOS/Source/croutine.o
LOAD ./Middlewares/Third_Party/FreeRTOS/Source/event_groups.o
LOAD ./Middlewares/Third_Party/FreeRTOS/Source/list.o
LOAD ./Middlewares/Third_Party/FreeRTOS/Source/queue.o
LOAD ./Middlewares/Third_Party/FreeRTOS/Source/stream_buffer.o
LOAD ./Middlewares/Third_Party/FreeRTOS/Source/tasks.o
LOAD ./Middlewares/Third_Party/FreeRTOS/Source/timers.o
LOAD ./Middlewares/Third_Party/FreeRTOS/Source/portable/GCC/ARM_CM4F/port.o
LOAD ./Middlewares/Third_Party/FreeRTOS/Source/portable/MemMang/heap_4.o
START GROUP
LOAD C:/ST/STM32CubeIDE_1.11.2/STM32CubeIDE/plugins/com.st.stm32cube.ide.mcu.externaltools.gnu-tools-for-stm32.11.3.rel1.win32_1.1.100.202309141235/tools/bin/../lib/gcc/arm-none-eabi/11.3.1/../../../../arm-none-eabi/lib/thumb/v7e-m+fp/hard\libc_nano.a
LOAD C:/ST/STM32CubeIDE_1.11.2/STM32CubeIDE/plugins/com.st.stm32cube.ide.mcu.externaltools.gnu-tools-for-stm32.11.3.rel1.win32_1.1.100.202309141235/tools/bin/../lib/gcc/arm-none-eabi/11.3.1/../../../../arm-none-eabi/lib/thumb/v7e-m+fp/hard\libm.a
END GROUP
START GROUP
LOAD C:/ST/STM32CubeIDE_1.11.2/STM32CubeIDE/plugins/com.st.stm32cube.ide.mcu.externaltools.gnu-tools-for-stm32.11.3.rel1.win32_1.1.100.202309141235/tools/bin/../lib/gcc/arm-none-eabi/11.3.1/thumb/v7e-m+fp/hard\libgcc.a
LOAD C:/ST/STM32CubeIDE_1.11.2/STM32CubeIDE/plugins/com.st.stm32cube.ide.mcu.externaltools.gnu-tools-for-stm32.11.3.rel1.win32_1.1.100.202309141235/tools/bin/../lib/gcc/arm-none-eabi/11.3.1/../../../../arm-none-eabi/lib/thumb/v7e-m+fp/hard\libc_nano.a
END GROUP
START GROUP
LOAD C:/ST/STM32CubeIDE_1.11.2/STM32CubeIDE/plugins/com.st.stm32cube.ide.mcu.externaltools.gnu-tools-for-stm32.11.3.rel1.win32_1.1.100.202309141235/tools/bin/../lib/gcc/arm-none-eabi/11.3.1/thumb/v7e-m+fp/hard\libgcc.a
LOAD C:/ST/STM32CubeIDE_1.11.2/STM32CubeIDE/plugins/com.st.stm32cube.ide.mcu.externaltools.gnu-tools-for-stm32.11.3.rel1.win32_1.1.100.202309141235/tools/bin/../lib/gcc/arm-none-eabi/11.3.1/../../../../arm-none-eabi/lib/thumb/v7e-m+fp/hard\libc_nano.a
LOAD C:/ST/STM32CubeIDE_1.11.2/STM32CubeIDE/plugins/com.st.stm32cube.ide.mcu.externaltools.gnu-tools-for-stm32.11.3.rel1.win32_1.1.100.202309141235/tools/bin/../lib/gcc/arm-none-eabi/11.3.1/../../../../arm-none-eabi/lib/thumb/v7e-m+fp/hard\libnosys.a
END GROUP
START GROUP
LOAD C:/ST/STM32CubeIDE_1.11.2/STM32CubeIDE/plugins/com.st.stm32cube.ide.mcu.externaltools.gnu-tools-for-stm32.11.3.rel1.win32_1.1.100.202309141235/tools/bin/../lib/gcc/arm-none-eabi/11.3.1/thumb/v7e-m+fp/hard\libgcc.a
LOAD C:/ST/STM32CubeIDE_1.11.2/STM32CubeIDE/plugins/com.st.stm32cube.ide.mcu.externaltools.gnu-tools-for-stm32.11.3.rel1.win32_1.1.100.202309141235/tools/bin/../lib/gcc/arm-none-eabi/11.3.1/../../../../arm-none-eabi/lib/thumb/v7e-m+fp/hard\libc_nano.a
LOAD C:/ST/STM32CubeIDE_1.11.2/STM32CubeIDE/plugins/com.st.stm32cube.ide.mcu.externaltools.gnu-tools-for-stm32.11.3.rel1.win32_1.1.100.202309141235/tools/bin/../lib/gcc/arm-none-eabi/11.3.1/../../../../arm-none-eabi/lib/thumb/v7e-m+fp/hard\libnosys.a
END GROUP
LOAD C:/ST/STM32CubeIDE_1.11.2/STM32CubeIDE/plugins/com.st.stm32cube.ide.mcu.externaltools.gnu-tools-for-stm32.11.3.rel1.win32_1.1.100.202309141235/tools/bin/../lib/gcc/arm-none-eabi/11.3.1/thumb/v7e-m+fp/hard/crtend.o
LOAD C:/ST/STM32CubeIDE_1.11.2/STM32CubeIDE/plugins/com.st.stm32cube.ide.mcu.externaltools.gnu-tools-for-stm32.11.3.rel1.win32_1.1.100.202309141235/tools/bin/../lib/gcc/arm-none-eabi/11.3.1/thumb/v7e-m+fp/hard/crtn.o
                0x0000000020010000                _estack = (ORIGIN (RAM) + LENGTH (RAM))
                0x0000000000000200                _Min_Heap_Size = 0x200
                0x0000000000000400                _Min_Stack_Size = 0x400

.isr_vector     0x0000000008000000      0x194
                0x0000000008000000                . = ALIGN (0x4)
 *(.isr_vector)
 .isr_vector    0x0000000008000000      0x194 ./Core/Startup/startup_stm32f303retx.o
                0x0000000008000000                g_pfnVectors
                0x0000000008000194                . = ALIGN (0x4)

.text           0x00000000080001a0     0xd2d4
                0x00000000080001a0                . = ALIGN (0x4)
 *(.text)
 .text          0x00000000080001a0       0x40 C:/ST/STM32CubeIDE_1.11.2/STM32CubeIDE/plugins/com.st.stm32cube.ide.mcu.externaltools.gnu-tools-for-stm32.11.3.rel1.win32_1.1.100.202309141235/tools/bin/../lib/gcc/arm-none-eabi/11.3.1/thumb/v7e-m+fp/hard/crtbegin.o
 .text          0x00000000080001e0       0x10 C:/ST/STM32CubeIDE_1.11.2/STM32CubeIDE/plugins/com.st.stm32cube.ide.mcu.externaltools.gnu-tools-for-stm32.11.3.rel1.win32_1.1.100.202309141235/tools/bin/../lib/gcc/arm-none-eabi/11.3.1/../../../../arm-none-eabi/lib/thumb/v7e-m+fp/hard\libc_nano.a(libc_a-strlen.o)
                0x00000000080001e0                strlen
 *(.text*)
 .text.vRecord_TimerCallBack
                0x00000000080001f0       0x14 ./Core/Src/freertos.o
                0x00000000080001f0                vRecord_TimerCallBack
 .text.Check_Validity_Task_Func
                0x0000000008000204        0xa ./Core/Src/freertos.o
                0x0000000008000204                Check_Validity_Task_Func
 .text.Init_Deinit_Reset_Task_Func
                0x000000000800020e        0xa ./Core/Src/freertos.o
                0x000000000800020e                Init_Deinit_Reset_Task_Func
 .text.Control_Branch_Task_Func
                0x0000000008000218        0xa ./Core/Src/freertos.o
                0x0000000008000218                Control_Branch_Task_Func
 .text.Control_DMA_Task_Func
                0x0000000008000222        0xa ./Core/Src/freertos.o
                0x0000000008000222                Control_DMA_Task_Func
 .text.Manage_ESP_Task_Func
                0x000000000800022c       0xf8 ./Core/Src/freertos.o
                0x000000000800022c                Manage_ESP_Task_Func
 .text.Send_to_ESP_Task_Func
                0x0000000008000324       0x70 ./Core/Src/freertos.o
                0x0000000008000324                Send_to_ESP_Task_Func
 .text.Receive_from_ESP_Task_Func
                0x0000000008000394       0x64 ./Core/Src/freertos.o
                0x0000000008000394                Receive_from_ESP_Task_Func
 .text.Manage_SD_Task_Func
                0x00000000080003f8      0x55c ./Core/Src/freertos.o
                0x00000000080003f8                Manage_SD_Task_Func
 .text.Send_to_SD_Task_Func
                0x0000000008000954       0xa0 ./Core/Src/freertos.o
                0x0000000008000954                Send_to_SD_Task_Func
 .text.Receive_from_SD_Task_Func
                0x00000000080009f4       0xe8 ./Core/Src/freertos.o
                0x00000000080009f4                Receive_from_SD_Task_Func
 .text.Check_Network_Task_Func
                0x0000000008000adc       0x7c ./Core/Src/freertos.o
                0x0000000008000adc                Check_Network_Task_Func
 .text.Manage_Network_Task_Func
                0x0000000008000b58      0x12c ./Core/Src/freertos.o
                0x0000000008000b58                Manage_Network_Task_Func
 .text.Manage_Connection_Task_Func
                0x0000000008000c84      0x3d4 ./Core/Src/freertos.o
                0x0000000008000c84                Manage_Connection_Task_Func
 .text.Send_to_Node_Task_Func
                0x0000000008001058       0xf4 ./Core/Src/freertos.o
                0x0000000008001058                Send_to_Node_Task_Func
 .text.Receive_from_Node_Task_Func
                0x000000000800114c       0x68 ./Core/Src/freertos.o
                0x000000000800114c                Receive_from_Node_Task_Func
 .text.ResetBranch
                0x00000000080011b4       0x18 ./Core/Src/freertos.o
                0x00000000080011b4                ResetBranch
 .text.MX_FREERTOS_Init
                0x00000000080011cc      0x5cc ./Core/Src/freertos.o
                0x00000000080011cc                MX_FREERTOS_Init
 .text.main     0x0000000008001798       0x5c ./Core/Src/main.o
                0x0000000008001798                main
 .text.SystemClock_Config
                0x00000000080017f4       0xac ./Core/Src/main.o
                0x00000000080017f4                SystemClock_Config
 .text.MX_SPI2_Init
                0x00000000080018a0       0x7c ./Core/Src/main.o
 .text.MX_USART1_UART_Init
                0x000000000800191c       0x60 ./Core/Src/main.o
 .text.MX_USART3_UART_Init
                0x000000000800197c       0x60 ./Core/Src/main.o
 .text.MX_DMA_Init
                0x00000000080019dc       0x8c ./Core/Src/main.o
 .text.MX_GPIO_Init
                0x0000000008001a68       0xac ./Core/Src/main.o
 .text.StartDefaultTask
                0x0000000008001b14       0x10 ./Core/Src/main.o
                0x0000000008001b14                StartDefaultTask
 .text.HAL_TIM_PeriodElapsedCallback
                0x0000000008001b24       0x24 ./Core/Src/main.o
                0x0000000008001b24                HAL_TIM_PeriodElapsedCallback
 .text.Error_Handler
                0x0000000008001b48        0xa ./Core/Src/main.o
                0x0000000008001b48                Error_Handler
 *fill*         0x0000000008001b52        0x2 
 .text.HAL_MspInit
                0x0000000008001b54       0x50 ./Core/Src/stm32f3xx_hal_msp.o
                0x0000000008001b54                HAL_MspInit
 .text.HAL_SPI_MspInit
                0x0000000008001ba4      0x130 ./Core/Src/stm32f3xx_hal_msp.o
                0x0000000008001ba4                HAL_SPI_MspInit
 .text.HAL_UART_MspInit
                0x0000000008001cd4      0x194 ./Core/Src/stm32f3xx_hal_msp.o
                0x0000000008001cd4                HAL_UART_MspInit
 .text.HAL_InitTick
                0x0000000008001e68       0xe0 ./Core/Src/stm32f3xx_hal_timebase_tim.o
                0x0000000008001e68                HAL_InitTick
 .text.NMI_Handler
                0x0000000008001f48        0x6 ./Core/Src/stm32f3xx_it.o
                0x0000000008001f48                NMI_Handler
 .text.HardFault_Handler
                0x0000000008001f4e        0x6 ./Core/Src/stm32f3xx_it.o
                0x0000000008001f4e                HardFault_Handler
 .text.MemManage_Handler
                0x0000000008001f54        0x6 ./Core/Src/stm32f3xx_it.o
                0x0000000008001f54                MemManage_Handler
 .text.BusFault_Handler
                0x0000000008001f5a        0x6 ./Core/Src/stm32f3xx_it.o
                0x0000000008001f5a                BusFault_Handler
 .text.UsageFault_Handler
                0x0000000008001f60        0x6 ./Core/Src/stm32f3xx_it.o
                0x0000000008001f60                UsageFault_Handler
 .text.DebugMon_Handler
                0x0000000008001f66        0xe ./Core/Src/stm32f3xx_it.o
                0x0000000008001f66                DebugMon_Handler
 .text.DMA1_Channel2_IRQHandler
                0x0000000008001f74       0x14 ./Core/Src/stm32f3xx_it.o
                0x0000000008001f74                DMA1_Channel2_IRQHandler
 .text.DMA1_Channel3_IRQHandler
                0x0000000008001f88       0x14 ./Core/Src/stm32f3xx_it.o
                0x0000000008001f88                DMA1_Channel3_IRQHandler
 .text.DMA1_Channel4_IRQHandler
                0x0000000008001f9c       0x14 ./Core/Src/stm32f3xx_it.o
                0x0000000008001f9c                DMA1_Channel4_IRQHandler
 .text.DMA1_Channel5_IRQHandler
                0x0000000008001fb0       0x14 ./Core/Src/stm32f3xx_it.o
                0x0000000008001fb0                DMA1_Channel5_IRQHandler
 .text.DMA1_Channel6_IRQHandler
                0x0000000008001fc4       0x14 ./Core/Src/stm32f3xx_it.o
                0x0000000008001fc4                DMA1_Channel6_IRQHandler
 .text.DMA1_Channel7_IRQHandler
                0x0000000008001fd8       0x14 ./Core/Src/stm32f3xx_it.o
                0x0000000008001fd8                DMA1_Channel7_IRQHandler
 .text.TIM1_UP_TIM16_IRQHandler
                0x0000000008001fec       0x14 ./Core/Src/stm32f3xx_it.o
                0x0000000008001fec                TIM1_UP_TIM16_IRQHandler
 .text.SystemInit
                0x0000000008002000       0x24 ./Core/Src/system_stm32f3xx.o
                0x0000000008002000                SystemInit
 .text.Reset_Handler
                0x0000000008002024       0x50 ./Core/Startup/startup_stm32f303retx.o
                0x0000000008002024                Reset_Handler
 .text.Default_Handler
                0x0000000008002074        0x2 ./Core/Startup/startup_stm32f303retx.o
                0x0000000008002074                RTC_Alarm_IRQHandler
                0x0000000008002074                TIM8_TRG_COM_IRQHandler
                0x0000000008002074                TIM8_CC_IRQHandler
                0x0000000008002074                SPI4_IRQHandler
                0x0000000008002074                TIM1_CC_IRQHandler
                0x0000000008002074                USB_HP_IRQHandler
                0x0000000008002074                PVD_IRQHandler
                0x0000000008002074                TAMP_STAMP_IRQHandler
                0x0000000008002074                EXTI3_IRQHandler
                0x0000000008002074                I2C3_ER_IRQHandler
                0x0000000008002074                USB_HP_CAN_TX_IRQHandler
                0x0000000008002074                EXTI0_IRQHandler
                0x0000000008002074                I2C2_EV_IRQHandler
                0x0000000008002074                FPU_IRQHandler
                0x0000000008002074                ADC1_2_IRQHandler
                0x0000000008002074                SPI1_IRQHandler
                0x0000000008002074                CAN_SCE_IRQHandler
                0x0000000008002074                TIM6_DAC_IRQHandler
                0x0000000008002074                TIM8_UP_IRQHandler
                0x0000000008002074                DMA2_Channel2_IRQHandler
                0x0000000008002074                TIM20_TRG_COM_IRQHandler
                0x0000000008002074                USART3_IRQHandler
                0x0000000008002074                UART5_IRQHandler
                0x0000000008002074                ADC3_IRQHandler
                0x0000000008002074                TIM4_IRQHandler
                0x0000000008002074                CAN_RX1_IRQHandler
                0x0000000008002074                DMA2_Channel1_IRQHandler
                0x0000000008002074                I2C1_EV_IRQHandler
                0x0000000008002074                UART4_IRQHandler
                0x0000000008002074                DMA2_Channel4_IRQHandler
                0x0000000008002074                TIM3_IRQHandler
                0x0000000008002074                RCC_IRQHandler
                0x0000000008002074                TIM20_UP_IRQHandler
                0x0000000008002074                DMA1_Channel1_IRQHandler
                0x0000000008002074                Default_Handler
                0x0000000008002074                USBWakeUp_RMP_IRQHandler
                0x0000000008002074                EXTI15_10_IRQHandler
                0x0000000008002074                TIM7_IRQHandler
                0x0000000008002074                I2C3_EV_IRQHandler
                0x0000000008002074                EXTI9_5_IRQHandler
                0x0000000008002074                RTC_WKUP_IRQHandler
                0x0000000008002074                SPI2_IRQHandler
                0x0000000008002074                USB_LP_CAN_RX0_IRQHandler
                0x0000000008002074                DMA2_Channel5_IRQHandler
                0x0000000008002074                USB_LP_IRQHandler
                0x0000000008002074                EXTI4_IRQHandler
                0x0000000008002074                TIM1_TRG_COM_TIM17_IRQHandler
                0x0000000008002074                ADC4_IRQHandler
                0x0000000008002074                WWDG_IRQHandler
                0x0000000008002074                TIM2_IRQHandler
                0x0000000008002074                COMP7_IRQHandler
                0x0000000008002074                COMP1_2_3_IRQHandler
                0x0000000008002074                EXTI1_IRQHandler
                0x0000000008002074                USART2_IRQHandler
                0x0000000008002074                COMP4_5_6_IRQHandler
                0x0000000008002074                TIM20_BRK_IRQHandler
                0x0000000008002074                I2C2_ER_IRQHandler
                0x0000000008002074                TIM8_BRK_IRQHandler
                0x0000000008002074                FLASH_IRQHandler
                0x0000000008002074                TIM20_CC_IRQHandler
                0x0000000008002074                USART1_IRQHandler
                0x0000000008002074                SPI3_IRQHandler
                0x0000000008002074                I2C1_ER_IRQHandler
                0x0000000008002074                FMC_IRQHandler
                0x0000000008002074                USBWakeUp_IRQHandler
                0x0000000008002074                DMA2_Channel3_IRQHandler
                0x0000000008002074                EXTI2_TSC_IRQHandler
                0x0000000008002074                TIM1_BRK_TIM15_IRQHandler
 *fill*         0x0000000008002076        0x2 
 .text.HAL_Init
                0x0000000008002078       0x2c ./Drivers/STM32F3xx_HAL_Driver/Src/stm32f3xx_hal.o
                0x0000000008002078                HAL_Init
 .text.HAL_IncTick
                0x00000000080020a4       0x28 ./Drivers/STM32F3xx_HAL_Driver/Src/stm32f3xx_hal.o
                0x00000000080020a4                HAL_IncTick
 .text.HAL_GetTick
                0x00000000080020cc       0x18 ./Drivers/STM32F3xx_HAL_Driver/Src/stm32f3xx_hal.o
                0x00000000080020cc                HAL_GetTick
 .text.__NVIC_SetPriorityGrouping
                0x00000000080020e4       0x48 ./Drivers/STM32F3xx_HAL_Driver/Src/stm32f3xx_hal_cortex.o
 .text.__NVIC_GetPriorityGrouping
                0x000000000800212c       0x1c ./Drivers/STM32F3xx_HAL_Driver/Src/stm32f3xx_hal_cortex.o
 .text.__NVIC_EnableIRQ
                0x0000000008002148       0x3c ./Drivers/STM32F3xx_HAL_Driver/Src/stm32f3xx_hal_cortex.o
 .text.__NVIC_SetPriority
                0x0000000008002184       0x54 ./Drivers/STM32F3xx_HAL_Driver/Src/stm32f3xx_hal_cortex.o
 .text.NVIC_EncodePriority
                0x00000000080021d8       0x66 ./Drivers/STM32F3xx_HAL_Driver/Src/stm32f3xx_hal_cortex.o
 .text.HAL_NVIC_SetPriorityGrouping
                0x000000000800223e       0x16 ./Drivers/STM32F3xx_HAL_Driver/Src/stm32f3xx_hal_cortex.o
                0x000000000800223e                HAL_NVIC_SetPriorityGrouping
 .text.HAL_NVIC_SetPriority
                0x0000000008002254       0x38 ./Drivers/STM32F3xx_HAL_Driver/Src/stm32f3xx_hal_cortex.o
                0x0000000008002254                HAL_NVIC_SetPriority
 .text.HAL_NVIC_EnableIRQ
                0x000000000800228c       0x1c ./Drivers/STM32F3xx_HAL_Driver/Src/stm32f3xx_hal_cortex.o
                0x000000000800228c                HAL_NVIC_EnableIRQ
 .text.HAL_DMA_Init
                0x00000000080022a8       0x8e ./Drivers/STM32F3xx_HAL_Driver/Src/stm32f3xx_hal_dma.o
                0x00000000080022a8                HAL_DMA_Init
 .text.HAL_DMA_Start_IT
                0x0000000008002336       0xbe ./Drivers/STM32F3xx_HAL_Driver/Src/stm32f3xx_hal_dma.o
                0x0000000008002336                HAL_DMA_Start_IT
 .text.HAL_DMA_IRQHandler
                0x00000000080023f4      0x146 ./Drivers/STM32F3xx_HAL_Driver/Src/stm32f3xx_hal_dma.o
                0x00000000080023f4                HAL_DMA_IRQHandler
 .text.DMA_SetConfig
                0x000000000800253a       0x5c ./Drivers/STM32F3xx_HAL_Driver/Src/stm32f3xx_hal_dma.o
 *fill*         0x0000000008002596        0x2 
 .text.DMA_CalcBaseAndBitshift
                0x0000000008002598       0x78 ./Drivers/STM32F3xx_HAL_Driver/Src/stm32f3xx_hal_dma.o
 .text.HAL_GPIO_Init
                0x0000000008002610      0x314 ./Drivers/STM32F3xx_HAL_Driver/Src/stm32f3xx_hal_gpio.o
                0x0000000008002610                HAL_GPIO_Init
 .text.HAL_GPIO_WritePin
                0x0000000008002924       0x30 ./Drivers/STM32F3xx_HAL_Driver/Src/stm32f3xx_hal_gpio.o
                0x0000000008002924                HAL_GPIO_WritePin
 .text.HAL_GPIO_TogglePin
                0x0000000008002954       0x34 ./Drivers/STM32F3xx_HAL_Driver/Src/stm32f3xx_hal_gpio.o
                0x0000000008002954                HAL_GPIO_TogglePin
 .text.HAL_RCC_OscConfig
                0x0000000008002988     0x10a8 ./Drivers/STM32F3xx_HAL_Driver/Src/stm32f3xx_hal_rcc.o
                0x0000000008002988                HAL_RCC_OscConfig
 .text.HAL_RCC_ClockConfig
                0x0000000008003a30      0x2f8 ./Drivers/STM32F3xx_HAL_Driver/Src/stm32f3xx_hal_rcc.o
                0x0000000008003a30                HAL_RCC_ClockConfig
 .text.HAL_RCC_GetSysClockFreq
                0x0000000008003d28       0xd4 ./Drivers/STM32F3xx_HAL_Driver/Src/stm32f3xx_hal_rcc.o
                0x0000000008003d28                HAL_RCC_GetSysClockFreq
 .text.HAL_RCC_GetHCLKFreq
                0x0000000008003dfc       0x18 ./Drivers/STM32F3xx_HAL_Driver/Src/stm32f3xx_hal_rcc.o
                0x0000000008003dfc                HAL_RCC_GetHCLKFreq
 .text.HAL_RCC_GetPCLK1Freq
                0x0000000008003e14       0x44 ./Drivers/STM32F3xx_HAL_Driver/Src/stm32f3xx_hal_rcc.o
                0x0000000008003e14                HAL_RCC_GetPCLK1Freq
 .text.HAL_RCC_GetPCLK2Freq
                0x0000000008003e58       0x44 ./Drivers/STM32F3xx_HAL_Driver/Src/stm32f3xx_hal_rcc.o
                0x0000000008003e58                HAL_RCC_GetPCLK2Freq
 .text.HAL_RCC_GetClockConfig
                0x0000000008003e9c       0x64 ./Drivers/STM32F3xx_HAL_Driver/Src/stm32f3xx_hal_rcc.o
                0x0000000008003e9c                HAL_RCC_GetClockConfig
 .text.HAL_RCCEx_PeriphCLKConfig
                0x0000000008003f00      0x43c ./Drivers/STM32F3xx_HAL_Driver/Src/stm32f3xx_hal_rcc_ex.o
                0x0000000008003f00                HAL_RCCEx_PeriphCLKConfig
 .text.HAL_SPI_Init
                0x000000000800433c      0x156 ./Drivers/STM32F3xx_HAL_Driver/Src/stm32f3xx_hal_spi.o
                0x000000000800433c                HAL_SPI_Init
 .text.HAL_SPI_Transmit
                0x0000000008004492      0x2ea ./Drivers/STM32F3xx_HAL_Driver/Src/stm32f3xx_hal_spi.o
                0x0000000008004492                HAL_SPI_Transmit
 .text.HAL_SPI_TransmitReceive
                0x000000000800477c      0x444 ./Drivers/STM32F3xx_HAL_Driver/Src/stm32f3xx_hal_spi.o
                0x000000000800477c                HAL_SPI_TransmitReceive
 .text.SPI_WaitFlagStateUntilTimeout
                0x0000000008004bc0      0x110 ./Drivers/STM32F3xx_HAL_Driver/Src/stm32f3xx_hal_spi.o
 .text.SPI_WaitFifoStateUntilTimeout
                0x0000000008004cd0      0x12c ./Drivers/STM32F3xx_HAL_Driver/Src/stm32f3xx_hal_spi.o
 .text.SPI_EndRxTxTransaction
                0x0000000008004dfc       0x8c ./Drivers/STM32F3xx_HAL_Driver/Src/stm32f3xx_hal_spi.o
 .text.HAL_TIM_Base_Init
                0x0000000008004e88       0xae ./Drivers/STM32F3xx_HAL_Driver/Src/stm32f3xx_hal_tim.o
                0x0000000008004e88                HAL_TIM_Base_Init
 .text.HAL_TIM_Base_MspInit
                0x0000000008004f36       0x14 ./Drivers/STM32F3xx_HAL_Driver/Src/stm32f3xx_hal_tim.o
                0x0000000008004f36                HAL_TIM_Base_MspInit
 *fill*         0x0000000008004f4a        0x2 
 .text.HAL_TIM_Base_Start_IT
                0x0000000008004f4c       0xe0 ./Drivers/STM32F3xx_HAL_Driver/Src/stm32f3xx_hal_tim.o
                0x0000000008004f4c                HAL_TIM_Base_Start_IT
 .text.HAL_TIM_IRQHandler
                0x000000000800502c      0x23e ./Drivers/STM32F3xx_HAL_Driver/Src/stm32f3xx_hal_tim.o
                0x000000000800502c                HAL_TIM_IRQHandler
 .text.HAL_TIM_OC_DelayElapsedCallback
                0x000000000800526a       0x14 ./Drivers/STM32F3xx_HAL_Driver/Src/stm32f3xx_hal_tim.o
                0x000000000800526a                HAL_TIM_OC_DelayElapsedCallback
 .text.HAL_TIM_IC_CaptureCallback
                0x000000000800527e       0x14 ./Drivers/STM32F3xx_HAL_Driver/Src/stm32f3xx_hal_tim.o
                0x000000000800527e                HAL_TIM_IC_CaptureCallback
 .text.HAL_TIM_PWM_PulseFinishedCallback
                0x0000000008005292       0x14 ./Drivers/STM32F3xx_HAL_Driver/Src/stm32f3xx_hal_tim.o
                0x0000000008005292                HAL_TIM_PWM_PulseFinishedCallback
 .text.HAL_TIM_TriggerCallback
                0x00000000080052a6       0x14 ./Drivers/STM32F3xx_HAL_Driver/Src/stm32f3xx_hal_tim.o
                0x00000000080052a6                HAL_TIM_TriggerCallback
 *fill*         0x00000000080052ba        0x2 
 .text.TIM_Base_SetConfig
                0x00000000080052bc      0x13c ./Drivers/STM32F3xx_HAL_Driver/Src/stm32f3xx_hal_tim.o
                0x00000000080052bc                TIM_Base_SetConfig
 .text.HAL_TIMEx_CommutCallback
                0x00000000080053f8       0x14 ./Drivers/STM32F3xx_HAL_Driver/Src/stm32f3xx_hal_tim_ex.o
                0x00000000080053f8                HAL_TIMEx_CommutCallback
 .text.HAL_TIMEx_BreakCallback
                0x000000000800540c       0x14 ./Drivers/STM32F3xx_HAL_Driver/Src/stm32f3xx_hal_tim_ex.o
                0x000000000800540c                HAL_TIMEx_BreakCallback
 .text.HAL_TIMEx_Break2Callback
                0x0000000008005420       0x14 ./Drivers/STM32F3xx_HAL_Driver/Src/stm32f3xx_hal_tim_ex.o
                0x0000000008005420                HAL_TIMEx_Break2Callback
 .text.HAL_UART_Init
                0x0000000008005434       0x9c ./Drivers/STM32F3xx_HAL_Driver/Src/stm32f3xx_hal_uart.o
                0x0000000008005434                HAL_UART_Init
 .text.HAL_UART_Transmit
                0x00000000080054d0      0x114 ./Drivers/STM32F3xx_HAL_Driver/Src/stm32f3xx_hal_uart.o
                0x00000000080054d0                HAL_UART_Transmit
 .text.HAL_UART_Receive
                0x00000000080055e4      0x192 ./Drivers/STM32F3xx_HAL_Driver/Src/stm32f3xx_hal_uart.o
                0x00000000080055e4                HAL_UART_Receive
 *fill*         0x0000000008005776        0x2 
 .text.HAL_UART_Transmit_DMA
                0x0000000008005778       0xf8 ./Drivers/STM32F3xx_HAL_Driver/Src/stm32f3xx_hal_uart.o
                0x0000000008005778                HAL_UART_Transmit_DMA
 .text.HAL_UART_Receive_DMA
                0x0000000008005870       0x88 ./Drivers/STM32F3xx_HAL_Driver/Src/stm32f3xx_hal_uart.o
                0x0000000008005870                HAL_UART_Receive_DMA
 .text.HAL_UART_TxCpltCallback
                0x00000000080058f8       0x14 ./Drivers/STM32F3xx_HAL_Driver/Src/stm32f3xx_hal_uart.o
                0x00000000080058f8                HAL_UART_TxCpltCallback
 .text.HAL_UART_TxHalfCpltCallback
                0x000000000800590c       0x14 ./Drivers/STM32F3xx_HAL_Driver/Src/stm32f3xx_hal_uart.o
                0x000000000800590c                HAL_UART_TxHalfCpltCallback
 .text.HAL_UART_RxCpltCallback
                0x0000000008005920       0x14 ./Drivers/STM32F3xx_HAL_Driver/Src/stm32f3xx_hal_uart.o
                0x0000000008005920                HAL_UART_RxCpltCallback
 .text.HAL_UART_RxHalfCpltCallback
                0x0000000008005934       0x14 ./Drivers/STM32F3xx_HAL_Driver/Src/stm32f3xx_hal_uart.o
                0x0000000008005934                HAL_UART_RxHalfCpltCallback
 .text.HAL_UART_ErrorCallback
                0x0000000008005948       0x14 ./Drivers/STM32F3xx_HAL_Driver/Src/stm32f3xx_hal_uart.o
                0x0000000008005948                HAL_UART_ErrorCallback
 .text.HAL_UARTEx_RxEventCallback
                0x000000000800595c       0x18 ./Drivers/STM32F3xx_HAL_Driver/Src/stm32f3xx_hal_uart.o
                0x000000000800595c                HAL_UARTEx_RxEventCallback
 .text.UART_SetConfig
                0x0000000008005974      0x3a8 ./Drivers/STM32F3xx_HAL_Driver/Src/stm32f3xx_hal_uart.o
                0x0000000008005974                UART_SetConfig
 .text.UART_AdvFeatureConfig
                0x0000000008005d1c      0x144 ./Drivers/STM32F3xx_HAL_Driver/Src/stm32f3xx_hal_uart.o
                0x0000000008005d1c                UART_AdvFeatureConfig
 .text.UART_CheckIdleState
                0x0000000008005e60      0x150 ./Drivers/STM32F3xx_HAL_Driver/Src/stm32f3xx_hal_uart.o
                0x0000000008005e60                UART_CheckIdleState
 .text.UART_WaitOnFlagUntilTimeout
                0x0000000008005fb0       0xce ./Drivers/STM32F3xx_HAL_Driver/Src/stm32f3xx_hal_uart.o
                0x0000000008005fb0                UART_WaitOnFlagUntilTimeout
 *fill*         0x000000000800607e        0x2 
 .text.UART_Start_Receive_DMA
                0x0000000008006080      0x140 ./Drivers/STM32F3xx_HAL_Driver/Src/stm32f3xx_hal_uart.o
                0x0000000008006080                UART_Start_Receive_DMA
 .text.UART_EndTxTransfer
                0x00000000080061c0       0x4c ./Drivers/STM32F3xx_HAL_Driver/Src/stm32f3xx_hal_uart.o
 .text.UART_EndRxTransfer
                0x000000000800620c       0xc8 ./Drivers/STM32F3xx_HAL_Driver/Src/stm32f3xx_hal_uart.o
 .text.UART_DMATransmitCplt
                0x00000000080062d4       0x94 ./Drivers/STM32F3xx_HAL_Driver/Src/stm32f3xx_hal_uart.o
 .text.UART_DMATxHalfCplt
                0x0000000008006368       0x1c ./Drivers/STM32F3xx_HAL_Driver/Src/stm32f3xx_hal_uart.o
 .text.UART_DMAReceiveCplt
                0x0000000008006384      0x126 ./Drivers/STM32F3xx_HAL_Driver/Src/stm32f3xx_hal_uart.o
 .text.UART_DMARxHalfCplt
                0x00000000080064aa       0x3e ./Drivers/STM32F3xx_HAL_Driver/Src/stm32f3xx_hal_uart.o
 .text.UART_DMAError
                0x00000000080064e8       0x7e ./Drivers/STM32F3xx_HAL_Driver/Src/stm32f3xx_hal_uart.o
 *fill*         0x0000000008006566        0x2 
 .text.MX_FATFS_Init
                0x0000000008006568       0x24 ./FATFS/App/fatfs.o
                0x0000000008006568                MX_FATFS_Init
 .text.get_fattime
                0x000000000800658c       0x10 ./FATFS/App/fatfs.o
                0x000000000800658c                get_fattime
 .text.USER_initialize
                0x000000000800659c       0x1c ./FATFS/Target/user_diskio.o
                0x000000000800659c                USER_initialize
 .text.USER_status
                0x00000000080065b8       0x1c ./FATFS/Target/user_diskio.o
                0x00000000080065b8                USER_status
 .text.USER_read
                0x00000000080065d4       0x26 ./FATFS/Target/user_diskio.o
                0x00000000080065d4                USER_read
 .text.USER_write
                0x00000000080065fa       0x26 ./FATFS/Target/user_diskio.o
                0x00000000080065fa                USER_write
 .text.USER_ioctl
                0x0000000008006620       0x26 ./FATFS/Target/user_diskio.o
                0x0000000008006620                USER_ioctl
 *fill*         0x0000000008006646        0x2 
 .text.SPI_Timer_On
                0x0000000008006648       0x28 ./FATFS/Target/user_diskio_spi.o
                0x0000000008006648                SPI_Timer_On
 .text.SPI_Timer_Status
                0x0000000008006670       0x2c ./FATFS/Target/user_diskio_spi.o
                0x0000000008006670                SPI_Timer_Status
 .text.xchg_spi
                0x000000000800669c       0x2c ./FATFS/Target/user_diskio_spi.o
 .text.rcvr_spi_multi
                0x00000000080066c8       0x38 ./FATFS/Target/user_diskio_spi.o
 .text.xmit_spi_multi
                0x0000000008006700       0x28 ./FATFS/Target/user_diskio_spi.o
 .text.wait_ready
                0x0000000008006728       0x46 ./FATFS/Target/user_diskio_spi.o
 *fill*         0x000000000800676e        0x2 
 .text.despiselect
                0x0000000008006770       0x1c ./FATFS/Target/user_diskio_spi.o
 .text.spiselect
                0x000000000800678c       0x34 ./FATFS/Target/user_diskio_spi.o
 .text.rcvr_datablock
                0x00000000080067c0       0x52 ./FATFS/Target/user_diskio_spi.o
 .text.xmit_datablock
                0x0000000008006812       0x64 ./FATFS/Target/user_diskio_spi.o
 .text.send_cmd
                0x0000000008006876       0xde ./FATFS/Target/user_diskio_spi.o
 .text.USER_SPI_initialize
                0x0000000008006954      0x1d8 ./FATFS/Target/user_diskio_spi.o
                0x0000000008006954                USER_SPI_initialize
 .text.USER_SPI_status
                0x0000000008006b2c       0x2c ./FATFS/Target/user_diskio_spi.o
                0x0000000008006b2c                USER_SPI_status
 .text.USER_SPI_read
                0x0000000008006b58       0xcc ./FATFS/Target/user_diskio_spi.o
                0x0000000008006b58                USER_SPI_read
 .text.USER_SPI_write
                0x0000000008006c24       0xf8 ./FATFS/Target/user_diskio_spi.o
                0x0000000008006c24                USER_SPI_write
 .text.USER_SPI_ioctl
                0x0000000008006d1c      0x2e0 ./FATFS/Target/user_diskio_spi.o
                0x0000000008006d1c                USER_SPI_ioctl
 .text.disk_status
                0x0000000008006ffc       0x34 ./Middlewares/Third_Party/FatFs/src/diskio.o
                0x0000000008006ffc                disk_status
 .text.disk_initialize
                0x0000000008007030       0x4c ./Middlewares/Third_Party/FatFs/src/diskio.o
                0x0000000008007030                disk_initialize
 .text.disk_read
                0x000000000800707c       0x40 ./Middlewares/Third_Party/FatFs/src/diskio.o
                0x000000000800707c                disk_read
 .text.disk_write
                0x00000000080070bc       0x40 ./Middlewares/Third_Party/FatFs/src/diskio.o
                0x00000000080070bc                disk_write
 .text.disk_ioctl
                0x00000000080070fc       0x3c ./Middlewares/Third_Party/FatFs/src/diskio.o
                0x00000000080070fc                disk_ioctl
 .text.mem_cpy  0x0000000008007138       0x3e ./Middlewares/Third_Party/FatFs/src/ff.o
 .text.mem_set  0x0000000008007176       0x36 ./Middlewares/Third_Party/FatFs/src/ff.o
 .text.mem_cmp  0x00000000080071ac       0x4e ./Middlewares/Third_Party/FatFs/src/ff.o
 .text.chk_chr  0x00000000080071fa       0x36 ./Middlewares/Third_Party/FatFs/src/ff.o
 .text.chk_lock
                0x0000000008007230       0xdc ./Middlewares/Third_Party/FatFs/src/ff.o
 .text.enq_lock
                0x000000000800730c       0x48 ./Middlewares/Third_Party/FatFs/src/ff.o
 .text.inc_lock
                0x0000000008007354      0x170 ./Middlewares/Third_Party/FatFs/src/ff.o
 .text.dec_lock
                0x00000000080074c4       0x88 ./Middlewares/Third_Party/FatFs/src/ff.o
 .text.clear_lock
                0x000000000800754c       0x54 ./Middlewares/Third_Party/FatFs/src/ff.o
 .text.sync_window
                0x00000000080075a0       0x92 ./Middlewares/Third_Party/FatFs/src/ff.o
 .text.move_window
                0x0000000008007632       0x5c ./Middlewares/Third_Party/FatFs/src/ff.o
 .text.sync_fs  0x000000000800768e      0x15a ./Middlewares/Third_Party/FatFs/src/ff.o
 .text.clust2sect
                0x00000000080077e8       0x44 ./Middlewares/Third_Party/FatFs/src/ff.o
                0x00000000080077e8                clust2sect
 .text.get_fat  0x000000000800782c      0x174 ./Middlewares/Third_Party/FatFs/src/ff.o
                0x000000000800782c                get_fat
 .text.put_fat  0x00000000080079a0      0x21c ./Middlewares/Third_Party/FatFs/src/ff.o
                0x00000000080079a0                put_fat
 .text.remove_chain
                0x0000000008007bbc       0xb4 ./Middlewares/Third_Party/FatFs/src/ff.o
 .text.create_chain
                0x0000000008007c70      0x13a ./Middlewares/Third_Party/FatFs/src/ff.o
 .text.clmt_clust
                0x0000000008007daa       0x6a ./Middlewares/Third_Party/FatFs/src/ff.o
 .text.dir_sdi  0x0000000008007e14      0x128 ./Middlewares/Third_Party/FatFs/src/ff.o
 .text.dir_next
                0x0000000008007f3c      0x1ee ./Middlewares/Third_Party/FatFs/src/ff.o
 .text.dir_alloc
                0x000000000800812a       0x94 ./Middlewares/Third_Party/FatFs/src/ff.o
 .text.ld_clust
                0x00000000080081be       0x5c ./Middlewares/Third_Party/FatFs/src/ff.o
 .text.st_clust
                0x000000000800821a       0x4e ./Middlewares/Third_Party/FatFs/src/ff.o
 .text.dir_find
                0x0000000008008268       0x9e ./Middlewares/Third_Party/FatFs/src/ff.o
 .text.dir_register
                0x0000000008008306       0x72 ./Middlewares/Third_Party/FatFs/src/ff.o
 .text.create_name
                0x0000000008008378      0x180 ./Middlewares/Third_Party/FatFs/src/ff.o
 .text.follow_path
                0x00000000080084f8       0xdc ./Middlewares/Third_Party/FatFs/src/ff.o
 .text.get_ldnumber
                0x00000000080085d4       0x88 ./Middlewares/Third_Party/FatFs/src/ff.o
 .text.check_fs
                0x000000000800865c       0xd4 ./Middlewares/Third_Party/FatFs/src/ff.o
 .text.find_volume
                0x0000000008008730      0x590 ./Middlewares/Third_Party/FatFs/src/ff.o
 .text.validate
                0x0000000008008cc0       0x66 ./Middlewares/Third_Party/FatFs/src/ff.o
 *fill*         0x0000000008008d26        0x2 
 .text.f_mount  0x0000000008008d28       0x90 ./Middlewares/Third_Party/FatFs/src/ff.o
                0x0000000008008d28                f_mount
 .text.f_open   0x0000000008008db8      0x4f2 ./Middlewares/Third_Party/FatFs/src/ff.o
                0x0000000008008db8                f_open
 .text.f_read   0x00000000080092aa      0x2d6 ./Middlewares/Third_Party/FatFs/src/ff.o
                0x00000000080092aa                f_read
 .text.f_write  0x0000000008009580      0x35a ./Middlewares/Third_Party/FatFs/src/ff.o
                0x0000000008009580                f_write
 .text.f_sync   0x00000000080098da      0x174 ./Middlewares/Third_Party/FatFs/src/ff.o
                0x00000000080098da                f_sync
 .text.f_close  0x0000000008009a4e       0x50 ./Middlewares/Third_Party/FatFs/src/ff.o
                0x0000000008009a4e                f_close
 .text.f_lseek  0x0000000008009a9e      0x4bc ./Middlewares/Third_Party/FatFs/src/ff.o
                0x0000000008009a9e                f_lseek
 *fill*         0x0000000008009f5a        0x2 
 .text.FATFS_LinkDriverEx
                0x0000000008009f5c       0x98 ./Middlewares/Third_Party/FatFs/src/ff_gen_drv.o
                0x0000000008009f5c                FATFS_LinkDriverEx
 .text.FATFS_LinkDriver
                0x0000000008009ff4       0x1e ./Middlewares/Third_Party/FatFs/src/ff_gen_drv.o
                0x0000000008009ff4                FATFS_LinkDriver
 *fill*         0x000000000800a012        0x2 
 .text.osKernelInitialize
                0x000000000800a014       0x68 ./Middlewares/Third_Party/FreeRTOS/Source/CMSIS_RTOS_V2/cmsis_os2.o
                0x000000000800a014                osKernelInitialize
 .text.osKernelStart
                0x000000000800a07c       0x68 ./Middlewares/Third_Party/FreeRTOS/Source/CMSIS_RTOS_V2/cmsis_os2.o
                0x000000000800a07c                osKernelStart
 .text.osThreadNew
                0x000000000800a0e4      0x154 ./Middlewares/Third_Party/FreeRTOS/Source/CMSIS_RTOS_V2/cmsis_os2.o
                0x000000000800a0e4                osThreadNew
 .text.osDelay  0x000000000800a238       0x5c ./Middlewares/Third_Party/FreeRTOS/Source/CMSIS_RTOS_V2/cmsis_os2.o
                0x000000000800a238                osDelay
 .text.vApplicationGetIdleTaskMemory
                0x000000000800a294       0x34 ./Middlewares/Third_Party/FreeRTOS/Source/CMSIS_RTOS_V2/cmsis_os2.o
                0x000000000800a294                vApplicationGetIdleTaskMemory
 .text.vApplicationGetTimerTaskMemory
                0x000000000800a2c8       0x34 ./Middlewares/Third_Party/FreeRTOS/Source/CMSIS_RTOS_V2/cmsis_os2.o
                0x000000000800a2c8                vApplicationGetTimerTaskMemory
 .text.vListInitialise
                0x000000000800a2fc       0x40 ./Middlewares/Third_Party/FreeRTOS/Source/list.o
                0x000000000800a2fc                vListInitialise
 .text.vListInitialiseItem
                0x000000000800a33c       0x1a ./Middlewares/Third_Party/FreeRTOS/Source/list.o
                0x000000000800a33c                vListInitialiseItem
 .text.vListInsertEnd
                0x000000000800a356       0x48 ./Middlewares/Third_Party/FreeRTOS/Source/list.o
                0x000000000800a356                vListInsertEnd
 .text.vListInsert
                0x000000000800a39e       0x72 ./Middlewares/Third_Party/FreeRTOS/Source/list.o
                0x000000000800a39e                vListInsert
 .text.uxListRemove
                0x000000000800a410       0x54 ./Middlewares/Third_Party/FreeRTOS/Source/list.o
                0x000000000800a410                uxListRemove
 .text.xQueueGenericReset
                0x000000000800a464       0xd0 ./Middlewares/Third_Party/FreeRTOS/Source/queue.o
                0x000000000800a464                xQueueGenericReset
 .text.xQueueGenericCreateStatic
                0x000000000800a534       0xee ./Middlewares/Third_Party/FreeRTOS/Source/queue.o
                0x000000000800a534                xQueueGenericCreateStatic
 .text.xQueueGenericCreate
                0x000000000800a622       0x7c ./Middlewares/Third_Party/FreeRTOS/Source/queue.o
                0x000000000800a622                xQueueGenericCreate
 .text.prvInitialiseNewQueue
                0x000000000800a69e       0x4c ./Middlewares/Third_Party/FreeRTOS/Source/queue.o
 *fill*         0x000000000800a6ea        0x2 
 .text.xQueueGenericSend
                0x000000000800a6ec      0x224 ./Middlewares/Third_Party/FreeRTOS/Source/queue.o
                0x000000000800a6ec                xQueueGenericSend
 .text.xQueueGenericSendFromISR
                0x000000000800a910      0x154 ./Middlewares/Third_Party/FreeRTOS/Source/queue.o
                0x000000000800a910                xQueueGenericSendFromISR
 .text.xQueueReceive
                0x000000000800aa64      0x1c0 ./Middlewares/Third_Party/FreeRTOS/Source/queue.o
                0x000000000800aa64                xQueueReceive
 .text.xQueueSemaphoreTake
                0x000000000800ac24      0x218 ./Middlewares/Third_Party/FreeRTOS/Source/queue.o
                0x000000000800ac24                xQueueSemaphoreTake
 .text.uxQueueMessagesWaiting
                0x000000000800ae3c       0x3c ./Middlewares/Third_Party/FreeRTOS/Source/queue.o
                0x000000000800ae3c                uxQueueMessagesWaiting
 .text.prvGetDisinheritPriorityAfterTimeout
                0x000000000800ae78       0x30 ./Middlewares/Third_Party/FreeRTOS/Source/queue.o
 .text.prvCopyDataToQueue
                0x000000000800aea8       0xd4 ./Middlewares/Third_Party/FreeRTOS/Source/queue.o
 .text.prvCopyDataFromQueue
                0x000000000800af7c       0x4c ./Middlewares/Third_Party/FreeRTOS/Source/queue.o
 .text.prvUnlockQueue
                0x000000000800afc8       0xc0 ./Middlewares/Third_Party/FreeRTOS/Source/queue.o
 .text.prvIsQueueEmpty
                0x000000000800b088       0x2c ./Middlewares/Third_Party/FreeRTOS/Source/queue.o
 .text.prvIsQueueFull
                0x000000000800b0b4       0x30 ./Middlewares/Third_Party/FreeRTOS/Source/queue.o
 .text.vQueueAddToRegistry
                0x000000000800b0e4       0x54 ./Middlewares/Third_Party/FreeRTOS/Source/queue.o
                0x000000000800b0e4                vQueueAddToRegistry
 .text.vQueueWaitForMessageRestricted
                0x000000000800b138       0x68 ./Middlewares/Third_Party/FreeRTOS/Source/queue.o
                0x000000000800b138                vQueueWaitForMessageRestricted
 .text.xQueueCreateSet
                0x000000000800b1a0       0x1e ./Middlewares/Third_Party/FreeRTOS/Source/queue.o
                0x000000000800b1a0                xQueueCreateSet
 .text.xQueueAddToSet
                0x000000000800b1be       0x42 ./Middlewares/Third_Party/FreeRTOS/Source/queue.o
                0x000000000800b1be                xQueueAddToSet
 .text.xQueueSelectFromSet
                0x000000000800b200       0x26 ./Middlewares/Third_Party/FreeRTOS/Source/queue.o
                0x000000000800b200                xQueueSelectFromSet
 .text.prvNotifyQueueSetContainer
                0x000000000800b226       0xb4 ./Middlewares/Third_Party/FreeRTOS/Source/queue.o
 .text.xTaskCreateStatic
                0x000000000800b2da       0xb8 ./Middlewares/Third_Party/FreeRTOS/Source/tasks.o
                0x000000000800b2da                xTaskCreateStatic
 .text.xTaskCreate
                0x000000000800b392       0x8a ./Middlewares/Third_Party/FreeRTOS/Source/tasks.o
                0x000000000800b392                xTaskCreate
 .text.prvInitialiseNewTask
                0x000000000800b41c      0x13c ./Middlewares/Third_Party/FreeRTOS/Source/tasks.o
 .text.prvAddNewTaskToReadyList
                0x000000000800b558       0xe0 ./Middlewares/Third_Party/FreeRTOS/Source/tasks.o
 .text.vTaskDelay
                0x000000000800b638       0x68 ./Middlewares/Third_Party/FreeRTOS/Source/tasks.o
                0x000000000800b638                vTaskDelay
 .text.vTaskStartScheduler
                0x000000000800b6a0       0xe0 ./Middlewares/Third_Party/FreeRTOS/Source/tasks.o
                0x000000000800b6a0                vTaskStartScheduler
 .text.vTaskSuspendAll
                0x000000000800b780       0x1c ./Middlewares/Third_Party/FreeRTOS/Source/tasks.o
                0x000000000800b780                vTaskSuspendAll
 .text.xTaskResumeAll
                0x000000000800b79c      0x13c ./Middlewares/Third_Party/FreeRTOS/Source/tasks.o
                0x000000000800b79c                xTaskResumeAll
 .text.xTaskGetTickCount
                0x000000000800b8d8       0x20 ./Middlewares/Third_Party/FreeRTOS/Source/tasks.o
                0x000000000800b8d8                xTaskGetTickCount
 .text.xTaskIncrementTick
                0x000000000800b8f8      0x17c ./Middlewares/Third_Party/FreeRTOS/Source/tasks.o
                0x000000000800b8f8                xTaskIncrementTick
 .text.vTaskSwitchContext
                0x000000000800ba74       0xc8 ./Middlewares/Third_Party/FreeRTOS/Source/tasks.o
                0x000000000800ba74                vTaskSwitchContext
 .text.vTaskPlaceOnEventList
                0x000000000800bb3c       0x48 ./Middlewares/Third_Party/FreeRTOS/Source/tasks.o
                0x000000000800bb3c                vTaskPlaceOnEventList
 .text.vTaskPlaceOnEventListRestricted
                0x000000000800bb84       0x58 ./Middlewares/Third_Party/FreeRTOS/Source/tasks.o
                0x000000000800bb84                vTaskPlaceOnEventListRestricted
 .text.xTaskRemoveFromEventList
                0x000000000800bbdc       0xc8 ./Middlewares/Third_Party/FreeRTOS/Source/tasks.o
                0x000000000800bbdc                xTaskRemoveFromEventList
 .text.vTaskInternalSetTimeOutState
                0x000000000800bca4       0x2c ./Middlewares/Third_Party/FreeRTOS/Source/tasks.o
                0x000000000800bca4                vTaskInternalSetTimeOutState
 .text.xTaskCheckForTimeOut
                0x000000000800bcd0       0xc4 ./Middlewares/Third_Party/FreeRTOS/Source/tasks.o
                0x000000000800bcd0                xTaskCheckForTimeOut
 .text.vTaskMissedYield
                0x000000000800bd94       0x18 ./Middlewares/Third_Party/FreeRTOS/Source/tasks.o
                0x000000000800bd94                vTaskMissedYield
 .text.prvIdleTask
                0x000000000800bdac       0x30 ./Middlewares/Third_Party/FreeRTOS/Source/tasks.o
 .text.prvInitialiseTaskLists
                0x000000000800bddc       0x80 ./Middlewares/Third_Party/FreeRTOS/Source/tasks.o
 .text.prvCheckTasksWaitingTermination
                0x000000000800be5c       0x5c ./Middlewares/Third_Party/FreeRTOS/Source/tasks.o
 .text.prvDeleteTCB
                0x000000000800beb8       0x68 ./Middlewares/Third_Party/FreeRTOS/Source/tasks.o
 .text.prvResetNextTaskUnblockTime
                0x000000000800bf20       0x4c ./Middlewares/Third_Party/FreeRTOS/Source/tasks.o
 .text.xTaskGetSchedulerState
                0x000000000800bf6c       0x3c ./Middlewares/Third_Party/FreeRTOS/Source/tasks.o
                0x000000000800bf6c                xTaskGetSchedulerState
 .text.xTaskPriorityInherit
                0x000000000800bfa8       0xdc ./Middlewares/Third_Party/FreeRTOS/Source/tasks.o
                0x000000000800bfa8                xTaskPriorityInherit
 .text.xTaskPriorityDisinherit
                0x000000000800c084       0xdc ./Middlewares/Third_Party/FreeRTOS/Source/tasks.o
                0x000000000800c084                xTaskPriorityDisinherit
 .text.vTaskPriorityDisinheritAfterTimeout
                0x000000000800c160      0x10c ./Middlewares/Third_Party/FreeRTOS/Source/tasks.o
                0x000000000800c160                vTaskPriorityDisinheritAfterTimeout
 .text.pvTaskIncrementMutexHeldCount
                0x000000000800c26c       0x28 ./Middlewares/Third_Party/FreeRTOS/Source/tasks.o
                0x000000000800c26c                pvTaskIncrementMutexHeldCount
 .text.prvAddCurrentTaskToDelayedList
                0x000000000800c294       0xa8 ./Middlewares/Third_Party/FreeRTOS/Source/tasks.o
 .text.xTimerCreateTimerTask
                0x000000000800c33c       0x90 ./Middlewares/Third_Party/FreeRTOS/Source/timers.o
                0x000000000800c33c                xTimerCreateTimerTask
 .text.xTimerCreate
                0x000000000800c3cc       0x42 ./Middlewares/Third_Party/FreeRTOS/Source/timers.o
                0x000000000800c3cc                xTimerCreate
 .text.prvInitialiseNewTimer
                0x000000000800c40e       0x64 ./Middlewares/Third_Party/FreeRTOS/Source/timers.o
 *fill*         0x000000000800c472        0x2 
 .text.xTimerGenericCommand
                0x000000000800c474       0x9c ./Middlewares/Third_Party/FreeRTOS/Source/timers.o
                0x000000000800c474                xTimerGenericCommand
 .text.prvProcessExpiredTimer
                0x000000000800c510       0x80 ./Middlewares/Third_Party/FreeRTOS/Source/timers.o
 .text.prvTimerTask
                0x000000000800c590       0x24 ./Middlewares/Third_Party/FreeRTOS/Source/timers.o
 .text.prvProcessTimerOrBlockTask
                0x000000000800c5b4       0x9c ./Middlewares/Third_Party/FreeRTOS/Source/timers.o
 .text.prvGetNextExpireTime
                0x000000000800c650       0x48 ./Middlewares/Third_Party/FreeRTOS/Source/timers.o
 .text.prvSampleTimeNow
                0x000000000800c698       0x40 ./Middlewares/Third_Party/FreeRTOS/Source/timers.o
 .text.prvInsertTimerInActiveList
                0x000000000800c6d8       0x84 ./Middlewares/Third_Party/FreeRTOS/Source/timers.o
 .text.prvProcessReceivedCommands
                0x000000000800c75c      0x168 ./Middlewares/Third_Party/FreeRTOS/Source/timers.o
 .text.prvSwitchTimerLists
                0x000000000800c8c4       0xc4 ./Middlewares/Third_Party/FreeRTOS/Source/timers.o
 .text.prvCheckForValidListAndQueue
                0x000000000800c988       0x80 ./Middlewares/Third_Party/FreeRTOS/Source/timers.o
 .text.pxPortInitialiseStack
                0x000000000800ca08       0x68 ./Middlewares/Third_Party/FreeRTOS/Source/portable/GCC/ARM_CM4F/port.o
                0x000000000800ca08                pxPortInitialiseStack
 .text.prvTaskExitError
                0x000000000800ca70       0x58 ./Middlewares/Third_Party/FreeRTOS/Source/portable/GCC/ARM_CM4F/port.o
 *fill*         0x000000000800cac8        0x8 
 .text.SVC_Handler
                0x000000000800cad0       0x28 ./Middlewares/Third_Party/FreeRTOS/Source/portable/GCC/ARM_CM4F/port.o
                0x000000000800cad0                SVC_Handler
 .text.prvPortStartFirstTask
                0x000000000800caf8       0x28 ./Middlewares/Third_Party/FreeRTOS/Source/portable/GCC/ARM_CM4F/port.o
 .text.xPortStartScheduler
                0x000000000800cb20      0x144 ./Middlewares/Third_Party/FreeRTOS/Source/portable/GCC/ARM_CM4F/port.o
                0x000000000800cb20                xPortStartScheduler
 .text.vPortEnterCritical
                0x000000000800cc64       0x60 ./Middlewares/Third_Party/FreeRTOS/Source/portable/GCC/ARM_CM4F/port.o
                0x000000000800cc64                vPortEnterCritical
 .text.vPortExitCritical
                0x000000000800ccc4       0x54 ./Middlewares/Third_Party/FreeRTOS/Source/portable/GCC/ARM_CM4F/port.o
                0x000000000800ccc4                vPortExitCritical
 *fill*         0x000000000800cd18        0x8 
 .text.PendSV_Handler
                0x000000000800cd20       0x68 ./Middlewares/Third_Party/FreeRTOS/Source/portable/GCC/ARM_CM4F/port.o
                0x000000000800cd20                PendSV_Handler
 .text.SysTick_Handler
                0x000000000800cd88       0x44 ./Middlewares/Third_Party/FreeRTOS/Source/portable/GCC/ARM_CM4F/port.o
                0x000000000800cd88                SysTick_Handler
 .text.vPortSetupTimerInterrupt
                0x000000000800cdcc       0x48 ./Middlewares/Third_Party/FreeRTOS/Source/portable/GCC/ARM_CM4F/port.o
                0x000000000800cdcc                vPortSetupTimerInterrupt
 .text.vPortEnableVFP
                0x000000000800ce14       0x14 ./Middlewares/Third_Party/FreeRTOS/Source/portable/GCC/ARM_CM4F/port.o
 .text.vPortValidateInterruptPriority
                0x000000000800ce28       0x80 ./Middlewares/Third_Party/FreeRTOS/Source/portable/GCC/ARM_CM4F/port.o
                0x000000000800ce28                vPortValidateInterruptPriority
 .text.pvPortMalloc
                0x000000000800cea8      0x188 ./Middlewares/Third_Party/FreeRTOS/Source/portable/MemMang/heap_4.o
                0x000000000800cea8                pvPortMalloc
 .text.vPortFree
                0x000000000800d030       0xb4 ./Middlewares/Third_Party/FreeRTOS/Source/portable/MemMang/heap_4.o
                0x000000000800d030                vPortFree
 .text.prvHeapInit
                0x000000000800d0e4       0xc4 ./Middlewares/Third_Party/FreeRTOS/Source/portable/MemMang/heap_4.o
 .text.prvInsertBlockIntoFreeList
                0x000000000800d1a8       0xb4 ./Middlewares/Third_Party/FreeRTOS/Source/portable/MemMang/heap_4.o
 .text.memset   0x000000000800d25c       0x10 C:/ST/STM32CubeIDE_1.11.2/STM32CubeIDE/plugins/com.st.stm32cube.ide.mcu.externaltools.gnu-tools-for-stm32.11.3.rel1.win32_1.1.100.202309141235/tools/bin/../lib/gcc/arm-none-eabi/11.3.1/../../../../arm-none-eabi/lib/thumb/v7e-m+fp/hard\libc_nano.a(libc_a-memset.o)
                0x000000000800d25c                memset
 .text.strstr   0x000000000800d26c       0x2c C:/ST/STM32CubeIDE_1.11.2/STM32CubeIDE/plugins/com.st.stm32cube.ide.mcu.externaltools.gnu-tools-for-stm32.11.3.rel1.win32_1.1.100.202309141235/tools/bin/../lib/gcc/arm-none-eabi/11.3.1/../../../../arm-none-eabi/lib/thumb/v7e-m+fp/hard\libc_nano.a(libc_a-strstr.o)
                0x000000000800d26c                strstr
 .text._reclaim_reent
                0x000000000800d298       0xac C:/ST/STM32CubeIDE_1.11.2/STM32CubeIDE/plugins/com.st.stm32cube.ide.mcu.externaltools.gnu-tools-for-stm32.11.3.rel1.win32_1.1.100.202309141235/tools/bin/../lib/gcc/arm-none-eabi/11.3.1/../../../../arm-none-eabi/lib/thumb/v7e-m+fp/hard\libc_nano.a(libc_a-reent.o)
                0x000000000800d298                _reclaim_reent
 .text.__libc_init_array
                0x000000000800d344       0x48 C:/ST/STM32CubeIDE_1.11.2/STM32CubeIDE/plugins/com.st.stm32cube.ide.mcu.externaltools.gnu-tools-for-stm32.11.3.rel1.win32_1.1.100.202309141235/tools/bin/../lib/gcc/arm-none-eabi/11.3.1/../../../../arm-none-eabi/lib/thumb/v7e-m+fp/hard\libc_nano.a(libc_a-init.o)
                0x000000000800d344                __libc_init_array
 .text.__retarget_lock_acquire_recursive
                0x000000000800d38c        0x2 C:/ST/STM32CubeIDE_1.11.2/STM32CubeIDE/plugins/com.st.stm32cube.ide.mcu.externaltools.gnu-tools-for-stm32.11.3.rel1.win32_1.1.100.202309141235/tools/bin/../lib/gcc/arm-none-eabi/11.3.1/../../../../arm-none-eabi/lib/thumb/v7e-m+fp/hard\libc_nano.a(libc_a-lock.o)
                0x000000000800d38c                __retarget_lock_acquire_recursive
 .text.__retarget_lock_release_recursive
                0x000000000800d38e        0x2 C:/ST/STM32CubeIDE_1.11.2/STM32CubeIDE/plugins/com.st.stm32cube.ide.mcu.externaltools.gnu-tools-for-stm32.11.3.rel1.win32_1.1.100.202309141235/tools/bin/../lib/gcc/arm-none-eabi/11.3.1/../../../../arm-none-eabi/lib/thumb/v7e-m+fp/hard\libc_nano.a(libc_a-lock.o)
                0x000000000800d38e                __retarget_lock_release_recursive
 .text.memcpy   0x000000000800d390       0x1c C:/ST/STM32CubeIDE_1.11.2/STM32CubeIDE/plugins/com.st.stm32cube.ide.mcu.externaltools.gnu-tools-for-stm32.11.3.rel1.win32_1.1.100.202309141235/tools/bin/../lib/gcc/arm-none-eabi/11.3.1/../../../../arm-none-eabi/lib/thumb/v7e-m+fp/hard\libc_nano.a(libc_a-memcpy-stub.o)
                0x000000000800d390                memcpy
 .text._free_r  0x000000000800d3ac       0x98 C:/ST/STM32CubeIDE_1.11.2/STM32CubeIDE/plugins/com.st.stm32cube.ide.mcu.externaltools.gnu-tools-for-stm32.11.3.rel1.win32_1.1.100.202309141235/tools/bin/../lib/gcc/arm-none-eabi/11.3.1/../../../../arm-none-eabi/lib/thumb/v7e-m+fp/hard\libc_nano.a(libc_a-freer.o)
                0x000000000800d3ac                _free_r
 .text.__malloc_lock
                0x000000000800d444        0xc C:/ST/STM32CubeIDE_1.11.2/STM32CubeIDE/plugins/com.st.stm32cube.ide.mcu.externaltools.gnu-tools-for-stm32.11.3.rel1.win32_1.1.100.202309141235/tools/bin/../lib/gcc/arm-none-eabi/11.3.1/../../../../arm-none-eabi/lib/thumb/v7e-m+fp/hard\libc_nano.a(libc_a-mlock.o)
                0x000000000800d444                __malloc_lock
 .text.__malloc_unlock
                0x000000000800d450        0xc C:/ST/STM32CubeIDE_1.11.2/STM32CubeIDE/plugins/com.st.stm32cube.ide.mcu.externaltools.gnu-tools-for-stm32.11.3.rel1.win32_1.1.100.202309141235/tools/bin/../lib/gcc/arm-none-eabi/11.3.1/../../../../arm-none-eabi/lib/thumb/v7e-m+fp/hard\libc_nano.a(libc_a-mlock.o)
                0x000000000800d450                __malloc_unlock
 *(.glue_7)
 .glue_7        0x000000000800d45c        0x0 linker stubs
 *(.glue_7t)
 .glue_7t       0x000000000800d45c        0x0 linker stubs
 *(.eh_frame)
 .eh_frame      0x000000000800d45c        0x0 C:/ST/STM32CubeIDE_1.11.2/STM32CubeIDE/plugins/com.st.stm32cube.ide.mcu.externaltools.gnu-tools-for-stm32.11.3.rel1.win32_1.1.100.202309141235/tools/bin/../lib/gcc/arm-none-eabi/11.3.1/thumb/v7e-m+fp/hard/crtbegin.o
 *(.init)
 .init          0x000000000800d45c        0x4 C:/ST/STM32CubeIDE_1.11.2/STM32CubeIDE/plugins/com.st.stm32cube.ide.mcu.externaltools.gnu-tools-for-stm32.11.3.rel1.win32_1.1.100.202309141235/tools/bin/../lib/gcc/arm-none-eabi/11.3.1/thumb/v7e-m+fp/hard/crti.o
                0x000000000800d45c                _init
 .init          0x000000000800d460        0x8 C:/ST/STM32CubeIDE_1.11.2/STM32CubeIDE/plugins/com.st.stm32cube.ide.mcu.externaltools.gnu-tools-for-stm32.11.3.rel1.win32_1.1.100.202309141235/tools/bin/../lib/gcc/arm-none-eabi/11.3.1/thumb/v7e-m+fp/hard/crtn.o
 *(.fini)
 .fini          0x000000000800d468        0x4 C:/ST/STM32CubeIDE_1.11.2/STM32CubeIDE/plugins/com.st.stm32cube.ide.mcu.externaltools.gnu-tools-for-stm32.11.3.rel1.win32_1.1.100.202309141235/tools/bin/../lib/gcc/arm-none-eabi/11.3.1/thumb/v7e-m+fp/hard/crti.o
                0x000000000800d468                _fini
 .fini          0x000000000800d46c        0x8 C:/ST/STM32CubeIDE_1.11.2/STM32CubeIDE/plugins/com.st.stm32cube.ide.mcu.externaltools.gnu-tools-for-stm32.11.3.rel1.win32_1.1.100.202309141235/tools/bin/../lib/gcc/arm-none-eabi/11.3.1/thumb/v7e-m+fp/hard/crtn.o
                0x000000000800d474                . = ALIGN (0x4)
                0x000000000800d474                _etext = .

.vfp11_veneer   0x000000000800d474        0x0
 .vfp11_veneer  0x000000000800d474        0x0 linker stubs

.v4_bx          0x000000000800d474        0x0
 .v4_bx         0x000000000800d474        0x0 linker stubs

.iplt           0x000000000800d474        0x0
 .iplt          0x000000000800d474        0x0 C:/ST/STM32CubeIDE_1.11.2/STM32CubeIDE/plugins/com.st.stm32cube.ide.mcu.externaltools.gnu-tools-for-stm32.11.3.rel1.win32_1.1.100.202309141235/tools/bin/../lib/gcc/arm-none-eabi/11.3.1/thumb/v7e-m+fp/hard/crtbegin.o

.rodata         0x000000000800d474      0x288
                0x000000000800d474                . = ALIGN (0x4)
 *(.rodata)
 .rodata        0x000000000800d474      0x141 ./Core/Src/freertos.o
 *fill*         0x000000000800d5b5        0x3 
 .rodata        0x000000000800d5b8        0xc ./Core/Src/main.o
 .rodata        0x000000000800d5c4       0x44 ./Middlewares/Third_Party/FatFs/src/ff.o
 .rodata        0x000000000800d608        0x5 ./Middlewares/Third_Party/FreeRTOS/Source/tasks.o
 *fill*         0x000000000800d60d        0x3 
 .rodata        0x000000000800d610        0xd ./Middlewares/Third_Party/FreeRTOS/Source/timers.o
 *(.rodata*)
 *fill*         0x000000000800d61d        0x3 
 .rodata.defaultTask_attributes
                0x000000000800d620       0x24 ./Core/Src/main.o
                0x000000000800d620                defaultTask_attributes
 .rodata.AHBPrescTable
                0x000000000800d644       0x10 ./Core/Src/system_stm32f3xx.o
                0x000000000800d644                AHBPrescTable
 .rodata.APBPrescTable
                0x000000000800d654        0x8 ./Core/Src/system_stm32f3xx.o
                0x000000000800d654                APBPrescTable
 .rodata.aPLLMULFactorTable
                0x000000000800d65c       0x10 ./Drivers/STM32F3xx_HAL_Driver/Src/stm32f3xx_hal_rcc.o
 .rodata.aPredivFactorTable
                0x000000000800d66c       0x10 ./Drivers/STM32F3xx_HAL_Driver/Src/stm32f3xx_hal_rcc.o
 .rodata.ExCvt  0x000000000800d67c       0x80 ./Middlewares/Third_Party/FatFs/src/ff.o
                0x000000000800d6fc                . = ALIGN (0x4)

.rel.dyn        0x000000000800d6fc        0x0
 .rel.iplt      0x000000000800d6fc        0x0 C:/ST/STM32CubeIDE_1.11.2/STM32CubeIDE/plugins/com.st.stm32cube.ide.mcu.externaltools.gnu-tools-for-stm32.11.3.rel1.win32_1.1.100.202309141235/tools/bin/../lib/gcc/arm-none-eabi/11.3.1/thumb/v7e-m+fp/hard/crtbegin.o

.ARM.extab      0x000000000800d6fc        0x0
                0x000000000800d6fc                . = ALIGN (0x4)
 *(.ARM.extab* .gnu.linkonce.armextab.*)
                0x000000000800d6fc                . = ALIGN (0x4)

.ARM            0x000000000800d6fc        0x0
                0x000000000800d6fc                . = ALIGN (0x4)
                0x000000000800d6fc                __exidx_start = .
 *(.ARM.exidx*)
                0x000000000800d6fc                __exidx_end = .
                0x000000000800d6fc                . = ALIGN (0x4)

.preinit_array  0x000000000800d6fc        0x0
                0x000000000800d6fc                . = ALIGN (0x4)
                0x000000000800d6fc                PROVIDE (__preinit_array_start = .)
 *(.preinit_array*)
                0x000000000800d6fc                PROVIDE (__preinit_array_end = .)
                0x000000000800d6fc                . = ALIGN (0x4)

.init_array     0x000000000800d6fc        0x4
                0x000000000800d6fc                . = ALIGN (0x4)
                0x000000000800d6fc                PROVIDE (__init_array_start = .)
 *(SORT_BY_NAME(.init_array.*))
 *(.init_array*)
 .init_array    0x000000000800d6fc        0x4 C:/ST/STM32CubeIDE_1.11.2/STM32CubeIDE/plugins/com.st.stm32cube.ide.mcu.externaltools.gnu-tools-for-stm32.11.3.rel1.win32_1.1.100.202309141235/tools/bin/../lib/gcc/arm-none-eabi/11.3.1/thumb/v7e-m+fp/hard/crtbegin.o
                0x000000000800d700                PROVIDE (__init_array_end = .)
                0x000000000800d700                . = ALIGN (0x4)

.fini_array     0x000000000800d700        0x4
                0x000000000800d700                . = ALIGN (0x4)
                [!provide]                        PROVIDE (__fini_array_start = .)
 *(SORT_BY_NAME(.fini_array.*))
 *(.fini_array*)
 .fini_array    0x000000000800d700        0x4 C:/ST/STM32CubeIDE_1.11.2/STM32CubeIDE/plugins/com.st.stm32cube.ide.mcu.externaltools.gnu-tools-for-stm32.11.3.rel1.win32_1.1.100.202309141235/tools/bin/../lib/gcc/arm-none-eabi/11.3.1/thumb/v7e-m+fp/hard/crtbegin.o
                [!provide]                        PROVIDE (__fini_array_end = .)
                0x000000000800d704                . = ALIGN (0x4)
                0x000000000800d704                _sidata = LOADADDR (.data)

.data           0x0000000020000000       0x94 load address 0x000000000800d704
                0x0000000020000000                . = ALIGN (0x4)
                0x0000000020000000                _sdata = .
 *(.data)
 *(.data*)
 .data.FILE_OPEN
                0x0000000020000000        0x5 ./Core/Src/freertos.o
                0x0000000020000000                FILE_OPEN
 *fill*         0x0000000020000005        0x3 
 .data.FILE_CLOSE
                0x0000000020000008        0x5 ./Core/Src/freertos.o
                0x0000000020000008                FILE_CLOSE
 *fill*         0x000000002000000d        0x3 
 .data.FILE_RECORD
                0x0000000020000010        0x5 ./Core/Src/freertos.o
                0x0000000020000010                FILE_RECORD
 *fill*         0x0000000020000015        0x3 
 .data.slave_address_buffer
                0x0000000020000018        0x1 ./Core/Src/freertos.o
                0x0000000020000018                slave_address_buffer
 *fill*         0x0000000020000019        0x1 
 .data.record_Counter.0
                0x000000002000001a        0x2 ./Core/Src/freertos.o
 .data.SystemCoreClock
                0x000000002000001c        0x4 ./Core/Src/system_stm32f3xx.o
                0x000000002000001c                SystemCoreClock
 .data.uwTickPrio
                0x0000000020000020        0x4 ./Drivers/STM32F3xx_HAL_Driver/Src/stm32f3xx_hal.o
                0x0000000020000020                uwTickPrio
 .data.uwTickFreq
                0x0000000020000024        0x1 ./Drivers/STM32F3xx_HAL_Driver/Src/stm32f3xx_hal.o
                0x0000000020000024                uwTickFreq
 *fill*         0x0000000020000025        0x3 
 .data.USER_Driver
                0x0000000020000028       0x14 ./FATFS/Target/user_diskio.o
                0x0000000020000028                USER_Driver
 .data.Stat     0x000000002000003c        0x1 ./FATFS/Target/user_diskio_spi.o
 *fill*         0x000000002000003d        0x3 
 .data.uxCriticalNesting
                0x0000000020000040        0x4 ./Middlewares/Third_Party/FreeRTOS/Source/portable/GCC/ARM_CM4F/port.o
 .data._impure_data
                0x0000000020000044       0x4c C:/ST/STM32CubeIDE_1.11.2/STM32CubeIDE/plugins/com.st.stm32cube.ide.mcu.externaltools.gnu-tools-for-stm32.11.3.rel1.win32_1.1.100.202309141235/tools/bin/../lib/gcc/arm-none-eabi/11.3.1/../../../../arm-none-eabi/lib/thumb/v7e-m+fp/hard\libc_nano.a(libc_a-impure.o)
                0x0000000020000044                _impure_data
 .data._impure_ptr
                0x0000000020000090        0x4 C:/ST/STM32CubeIDE_1.11.2/STM32CubeIDE/plugins/com.st.stm32cube.ide.mcu.externaltools.gnu-tools-for-stm32.11.3.rel1.win32_1.1.100.202309141235/tools/bin/../lib/gcc/arm-none-eabi/11.3.1/../../../../arm-none-eabi/lib/thumb/v7e-m+fp/hard\libc_nano.a(libc_a-impure.o)
                0x0000000020000090                _impure_ptr
 *(.RamFunc)
 *(.RamFunc*)
                0x0000000020000094                . = ALIGN (0x4)
                0x0000000020000094                _edata = .
                0x000000000800d798                _siccmram = LOADADDR (.ccmram)

.igot.plt       0x0000000020000094        0x0 load address 0x000000000800d798
 .igot.plt      0x0000000020000094        0x0 C:/ST/STM32CubeIDE_1.11.2/STM32CubeIDE/plugins/com.st.stm32cube.ide.mcu.externaltools.gnu-tools-for-stm32.11.3.rel1.win32_1.1.100.202309141235/tools/bin/../lib/gcc/arm-none-eabi/11.3.1/thumb/v7e-m+fp/hard/crtbegin.o

.ccmram         0x0000000010000000        0x0 load address 0x000000000800d798
                0x0000000010000000                . = ALIGN (0x4)
                0x0000000010000000                _sccmram = .
 *(.ccmram)
 *(.ccmram*)
                0x0000000010000000                . = ALIGN (0x4)
                0x0000000010000000                _eccmram = .
                0x0000000010000000                . = ALIGN (0x4)

.bss            0x0000000020000094     0x2eec
                0x0000000020000094                _sbss = .
                0x0000000020000094                __bss_start__ = _sbss
 *(.bss)
 .bss           0x0000000020000094       0x1c C:/ST/STM32CubeIDE_1.11.2/STM32CubeIDE/plugins/com.st.stm32cube.ide.mcu.externaltools.gnu-tools-for-stm32.11.3.rel1.win32_1.1.100.202309141235/tools/bin/../lib/gcc/arm-none-eabi/11.3.1/thumb/v7e-m+fp/hard/crtbegin.o
 *(.bss*)
 .bss.Check_Validity_Task_Handler
                0x00000000200000b0        0x4 ./Core/Src/freertos.o
                0x00000000200000b0                Check_Validity_Task_Handler
 .bss.Init_Deinit_Reset_Task_Handler
                0x00000000200000b4        0x4 ./Core/Src/freertos.o
                0x00000000200000b4                Init_Deinit_Reset_Task_Handler
 .bss.Control_Branch_Task_Handler
                0x00000000200000b8        0x4 ./Core/Src/freertos.o
                0x00000000200000b8                Control_Branch_Task_Handler
 .bss.Control_DMA_Task_Handler
                0x00000000200000bc        0x4 ./Core/Src/freertos.o
                0x00000000200000bc                Control_DMA_Task_Handler
 .bss.Manage_ESP_Task_Handler
                0x00000000200000c0        0x4 ./Core/Src/freertos.o
                0x00000000200000c0                Manage_ESP_Task_Handler
 .bss.Send_to_ESP_Task_Handler
                0x00000000200000c4        0x4 ./Core/Src/freertos.o
                0x00000000200000c4                Send_to_ESP_Task_Handler
 .bss.Receive_from_ESP_Task_Handler
                0x00000000200000c8        0x4 ./Core/Src/freertos.o
                0x00000000200000c8                Receive_from_ESP_Task_Handler
 .bss.Manage_SD_Task_Handler
                0x00000000200000cc        0x4 ./Core/Src/freertos.o
                0x00000000200000cc                Manage_SD_Task_Handler
 .bss.Send_to_SD_Task_Handler
                0x00000000200000d0        0x4 ./Core/Src/freertos.o
                0x00000000200000d0                Send_to_SD_Task_Handler
 .bss.Receive_from_SD_Task_Handler
                0x00000000200000d4        0x4 ./Core/Src/freertos.o
                0x00000000200000d4                Receive_from_SD_Task_Handler
 .bss.Check_Network_Task_Handler
                0x00000000200000d8        0x4 ./Core/Src/freertos.o
                0x00000000200000d8                Check_Network_Task_Handler
 .bss.Manage_Network_Task_Handler
                0x00000000200000dc        0x4 ./Core/Src/freertos.o
                0x00000000200000dc                Manage_Network_Task_Handler
 .bss.Manage_Connection_Task_Handler
                0x00000000200000e0        0x4 ./Core/Src/freertos.o
                0x00000000200000e0                Manage_Connection_Task_Handler
 .bss.Receive_from_Node_Task_Handler
                0x00000000200000e4        0x4 ./Core/Src/freertos.o
                0x00000000200000e4                Receive_from_Node_Task_Handler
 .bss.Send_to_Node_Task_Handler
                0x00000000200000e8        0x4 ./Core/Src/freertos.o
                0x00000000200000e8                Send_to_Node_Task_Handler
 .bss.S_Sec_ESP_TO_MSD_Queue
                0x00000000200000ec        0x4 ./Core/Src/freertos.o
                0x00000000200000ec                S_Sec_ESP_TO_MSD_Queue
 .bss.OUT_E_S_MESP_MSD_Queue
                0x00000000200000f0        0x4 ./Core/Src/freertos.o
                0x00000000200000f0                OUT_E_S_MESP_MSD_Queue
 .bss.OUT_S_E_MSD_MESP_Queue
                0x00000000200000f4        0x4 ./Core/Src/freertos.o
                0x00000000200000f4                OUT_S_E_MSD_MESP_Queue
 .bss.OUT_S_N_MSD_MNet_Queue
                0x00000000200000f8        0x4 ./Core/Src/freertos.o
                0x00000000200000f8                OUT_S_N_MSD_MNet_Queue
 .bss.OUT_S_N_MSD_MConn_Queue
                0x00000000200000fc        0x4 ./Core/Src/freertos.o
                0x00000000200000fc                OUT_S_N_MSD_MConn_Queue
 .bss.OUT_N_S_MConn_MSD_Queue
                0x0000000020000100        0x4 ./Core/Src/freertos.o
                0x0000000020000100                OUT_N_S_MConn_MSD_Queue
 .bss.IN_G_CBranch_CDMA_Queue
                0x0000000020000104        0x4 ./Core/Src/freertos.o
                0x0000000020000104                IN_G_CBranch_CDMA_Queue
 .bss.IN_E_Receive_MESP_Queue
                0x0000000020000108        0x4 ./Core/Src/freertos.o
                0x0000000020000108                IN_E_Receive_MESP_Queue
 .bss.IN_E_MESP_Send_Queue
                0x000000002000010c        0x4 ./Core/Src/freertos.o
                0x000000002000010c                IN_E_MESP_Send_Queue
 .bss.queue_sizefromsec
                0x0000000020000110        0x4 ./Core/Src/freertos.o
                0x0000000020000110                queue_sizefromsec
 .bss.queue_send_ack_to_esp
                0x0000000020000114        0x4 ./Core/Src/freertos.o
                0x0000000020000114                queue_send_ack_to_esp
 .bss.IN_S_Receive_MSD_Queue
                0x0000000020000118        0x4 ./Core/Src/freertos.o
                0x0000000020000118                IN_S_Receive_MSD_Queue
 .bss.IN_S_MSD_Send_Queue
                0x000000002000011c        0x4 ./Core/Src/freertos.o
                0x000000002000011c                IN_S_MSD_Send_Queue
 .bss.IN_S_Send_MSD_Queue
                0x0000000020000120        0x4 ./Core/Src/freertos.o
                0x0000000020000120                IN_S_Send_MSD_Queue
 .bss.IN_N_MNetwork_MConn_Queue
                0x0000000020000124        0x4 ./Core/Src/freertos.o
                0x0000000020000124                IN_N_MNetwork_MConn_Queue
 .bss.IN_N_Receive_MConn_Queue_1
                0x0000000020000128        0x4 ./Core/Src/freertos.o
                0x0000000020000128                IN_N_Receive_MConn_Queue_1
 .bss.IN_N_Receive_MConn_Queue_2
                0x000000002000012c        0x4 ./Core/Src/freertos.o
                0x000000002000012c                IN_N_Receive_MConn_Queue_2
 .bss.IN_N_MConn_Send_Queue_1
                0x0000000020000130        0x4 ./Core/Src/freertos.o
                0x0000000020000130                IN_N_MConn_Send_Queue_1
 .bss.IN_N_MConn_Send_Queue_2
                0x0000000020000134        0x4 ./Core/Src/freertos.o
                0x0000000020000134                IN_N_MConn_Send_Queue_2
 .bss.IN_N_Receive_CheckNet_Queue
                0x0000000020000138        0x4 ./Core/Src/freertos.o
                0x0000000020000138                IN_N_Receive_CheckNet_Queue
 .bss.IN_N_CheckNet_Send_Queue
                0x000000002000013c        0x4 ./Core/Src/freertos.o
                0x000000002000013c                IN_N_CheckNet_Send_Queue
 .bss.IN_N_MNetwork_Send_Queue
                0x0000000020000140        0x4 ./Core/Src/freertos.o
                0x0000000020000140                IN_N_MNetwork_Send_Queue
 .bss.IN_N_MNetwork_Send_Queue_2
                0x0000000020000144        0x4 ./Core/Src/freertos.o
                0x0000000020000144                IN_N_MNetwork_Send_Queue_2
 .bss.IN_N_CheckNet_MNetwork_Queue
                0x0000000020000148        0x4 ./Core/Src/freertos.o
                0x0000000020000148                IN_N_CheckNet_MNetwork_Queue
 .bss.MConn_QueueSet
                0x000000002000014c        0x4 ./Core/Src/freertos.o
                0x000000002000014c                MConn_QueueSet
 .bss.N_Send_QueueSet
                0x0000000020000150        0x4 ./Core/Src/freertos.o
                0x0000000020000150                N_Send_QueueSet
 .bss.MSD_QueueSet
                0x0000000020000154        0x4 ./Core/Src/freertos.o
                0x0000000020000154                MSD_QueueSet
 .bss.OUT_N_S_MConn_MNSD_Semph
                0x0000000020000158        0x4 ./Core/Src/freertos.o
                0x0000000020000158                OUT_N_S_MConn_MNSD_Semph
 .bss.Manage_ESP_Semph
                0x000000002000015c        0x4 ./Core/Src/freertos.o
                0x000000002000015c                Manage_ESP_Semph
 .bss.Receive_Data_Semph
                0x0000000020000160        0x4 ./Core/Src/freertos.o
                0x0000000020000160                Receive_Data_Semph
 .bss.Send_MESP_Semph
                0x0000000020000164        0x4 ./Core/Src/freertos.o
                0x0000000020000164                Send_MESP_Semph
 .bss.Receive_MESP_Semph
                0x0000000020000168        0x4 ./Core/Src/freertos.o
                0x0000000020000168                Receive_MESP_Semph
 .bss.IN_S_MNSD_Receive_Semph
                0x000000002000016c        0x4 ./Core/Src/freertos.o
                0x000000002000016c                IN_S_MNSD_Receive_Semph
 .bss.IN_N_CheckNet_Semph
                0x0000000020000170        0x4 ./Core/Src/freertos.o
                0x0000000020000170                IN_N_CheckNet_Semph
 .bss.IN_N_MConn_MNet_Semph
                0x0000000020000174        0x4 ./Core/Src/freertos.o
                0x0000000020000174                IN_N_MConn_MNet_Semph
 .bss.IN_N_Receive_TRIG_Semaph
                0x0000000020000178        0x4 ./Core/Src/freertos.o
                0x0000000020000178                IN_N_Receive_TRIG_Semaph
 .bss.Record_Timer
                0x000000002000017c        0x4 ./Core/Src/freertos.o
                0x000000002000017c                Record_Timer
 .bss.fil1      0x0000000020000180      0x22c ./Core/Src/freertos.o
                0x0000000020000180                fil1
 .bss.fil2      0x00000000200003ac      0x22c ./Core/Src/freertos.o
                0x00000000200003ac                fil2
 .bss.fil3      0x00000000200005d8      0x22c ./Core/Src/freertos.o
                0x00000000200005d8                fil3
 .bss.fil4      0x0000000020000804      0x22c ./Core/Src/freertos.o
                0x0000000020000804                fil4
 .bss.fil5      0x0000000020000a30      0x22c ./Core/Src/freertos.o
                0x0000000020000a30                fil5
 .bss.Current_File_Handle_for_Read
                0x0000000020000c5c      0x22c ./Core/Src/freertos.o
                0x0000000020000c5c                Current_File_Handle_for_Read
 .bss.Current_File_Handle_for_Write
                0x0000000020000e88      0x22c ./Core/Src/freertos.o
                0x0000000020000e88                Current_File_Handle_for_Write
 .bss.fres      0x00000000200010b4        0x1 ./Core/Src/freertos.o
                0x00000000200010b4                fres
 .bss.flag_address_buffer_update
                0x00000000200010b5        0x1 ./Core/Src/freertos.o
                0x00000000200010b5                flag_address_buffer_update
 *fill*         0x00000000200010b6        0x2 
 .bss.ack_localBuffer
                0x00000000200010b8        0x2 ./Core/Src/freertos.o
                0x00000000200010b8                ack_localBuffer
 *fill*         0x00000000200010ba        0x2 
 .bss.hdma_i2c1_rx
                0x00000000200010bc       0x44 ./Core/Src/main.o
                0x00000000200010bc                hdma_i2c1_rx
 .bss.hdma_i2c1_tx
                0x0000000020001100       0x44 ./Core/Src/main.o
                0x0000000020001100                hdma_i2c1_tx
 .bss.hspi2     0x0000000020001144       0x64 ./Core/Src/main.o
                0x0000000020001144                hspi2
 .bss.hdma_spi2_rx
                0x00000000200011a8       0x44 ./Core/Src/main.o
                0x00000000200011a8                hdma_spi2_rx
 .bss.hdma_spi2_tx
                0x00000000200011ec       0x44 ./Core/Src/main.o
                0x00000000200011ec                hdma_spi2_tx
 .bss.huart1    0x0000000020001230       0x88 ./Core/Src/main.o
                0x0000000020001230                huart1
 .bss.huart3    0x00000000200012b8       0x88 ./Core/Src/main.o
                0x00000000200012b8                huart3
 .bss.hdma_usart3_rx
                0x0000000020001340       0x44 ./Core/Src/main.o
                0x0000000020001340                hdma_usart3_rx
 .bss.hdma_usart3_tx
                0x0000000020001384       0x44 ./Core/Src/main.o
                0x0000000020001384                hdma_usart3_tx
 .bss.defaultTaskHandle
                0x00000000200013c8        0x4 ./Core/Src/main.o
                0x00000000200013c8                defaultTaskHandle
 .bss.htim1     0x00000000200013cc       0x4c ./Core/Src/stm32f3xx_hal_timebase_tim.o
                0x00000000200013cc                htim1
 .bss.uwTick    0x0000000020001418        0x4 ./Drivers/STM32F3xx_HAL_Driver/Src/stm32f3xx_hal.o
                0x0000000020001418                uwTick
 .bss.retUSER   0x000000002000141c        0x1 ./FATFS/App/fatfs.o
                0x000000002000141c                retUSER
 *fill*         0x000000002000141d        0x3 
 .bss.USERPath  0x0000000020001420        0x4 ./FATFS/App/fatfs.o
                0x0000000020001420                USERPath
 .bss.CardType  0x0000000020001424        0x1 ./FATFS/Target/user_diskio_spi.o
 *fill*         0x0000000020001425        0x3 
 .bss.spiTimerTickStart
                0x0000000020001428        0x4 ./FATFS/Target/user_diskio_spi.o
                0x0000000020001428                spiTimerTickStart
 .bss.spiTimerTickDelay
                0x000000002000142c        0x4 ./FATFS/Target/user_diskio_spi.o
                0x000000002000142c                spiTimerTickDelay
 .bss.FatFs     0x0000000020001430        0x4 ./Middlewares/Third_Party/FatFs/src/ff.o
 .bss.Fsid      0x0000000020001434        0x2 ./Middlewares/Third_Party/FatFs/src/ff.o
 *fill*         0x0000000020001436        0x2 
 .bss.Files     0x0000000020001438       0x18 ./Middlewares/Third_Party/FatFs/src/ff.o
 .bss.disk      0x0000000020001450        0xc ./Middlewares/Third_Party/FatFs/src/ff_gen_drv.o
                0x0000000020001450                disk
 .bss.KernelState
                0x000000002000145c        0x4 ./Middlewares/Third_Party/FreeRTOS/Source/CMSIS_RTOS_V2/cmsis_os2.o
 .bss.Idle_TCB  0x0000000020001460       0xa8 ./Middlewares/Third_Party/FreeRTOS/Source/CMSIS_RTOS_V2/cmsis_os2.o
 .bss.Idle_Stack
                0x0000000020001508      0x200 ./Middlewares/Third_Party/FreeRTOS/Source/CMSIS_RTOS_V2/cmsis_os2.o
 .bss.Timer_TCB
                0x0000000020001708       0xa8 ./Middlewares/Third_Party/FreeRTOS/Source/CMSIS_RTOS_V2/cmsis_os2.o
 .bss.Timer_Stack
                0x00000000200017b0      0x400 ./Middlewares/Third_Party/FreeRTOS/Source/CMSIS_RTOS_V2/cmsis_os2.o
 .bss.xQueueRegistry
                0x0000000020001bb0       0x40 ./Middlewares/Third_Party/FreeRTOS/Source/queue.o
                0x0000000020001bb0                xQueueRegistry
 .bss.pxCurrentTCB
                0x0000000020001bf0        0x4 ./Middlewares/Third_Party/FreeRTOS/Source/tasks.o
                0x0000000020001bf0                pxCurrentTCB
 .bss.pxReadyTasksLists
                0x0000000020001bf4      0x460 ./Middlewares/Third_Party/FreeRTOS/Source/tasks.o
 .bss.xDelayedTaskList1
                0x0000000020002054       0x14 ./Middlewares/Third_Party/FreeRTOS/Source/tasks.o
 .bss.xDelayedTaskList2
                0x0000000020002068       0x14 ./Middlewares/Third_Party/FreeRTOS/Source/tasks.o
 .bss.pxDelayedTaskList
                0x000000002000207c        0x4 ./Middlewares/Third_Party/FreeRTOS/Source/tasks.o
 .bss.pxOverflowDelayedTaskList
                0x0000000020002080        0x4 ./Middlewares/Third_Party/FreeRTOS/Source/tasks.o
 .bss.xPendingReadyList
                0x0000000020002084       0x14 ./Middlewares/Third_Party/FreeRTOS/Source/tasks.o
 .bss.xTasksWaitingTermination
                0x0000000020002098       0x14 ./Middlewares/Third_Party/FreeRTOS/Source/tasks.o
 .bss.uxDeletedTasksWaitingCleanUp
                0x00000000200020ac        0x4 ./Middlewares/Third_Party/FreeRTOS/Source/tasks.o
 .bss.xSuspendedTaskList
                0x00000000200020b0       0x14 ./Middlewares/Third_Party/FreeRTOS/Source/tasks.o
 .bss.uxCurrentNumberOfTasks
                0x00000000200020c4        0x4 ./Middlewares/Third_Party/FreeRTOS/Source/tasks.o
 .bss.xTickCount
                0x00000000200020c8        0x4 ./Middlewares/Third_Party/FreeRTOS/Source/tasks.o
 .bss.uxTopReadyPriority
                0x00000000200020cc        0x4 ./Middlewares/Third_Party/FreeRTOS/Source/tasks.o
 .bss.xSchedulerRunning
                0x00000000200020d0        0x4 ./Middlewares/Third_Party/FreeRTOS/Source/tasks.o
 .bss.uxPendedTicks
                0x00000000200020d4        0x4 ./Middlewares/Third_Party/FreeRTOS/Source/tasks.o
 .bss.xYieldPending
                0x00000000200020d8        0x4 ./Middlewares/Third_Party/FreeRTOS/Source/tasks.o
 .bss.xNumOfOverflows
                0x00000000200020dc        0x4 ./Middlewares/Third_Party/FreeRTOS/Source/tasks.o
 .bss.uxTaskNumber
                0x00000000200020e0        0x4 ./Middlewares/Third_Party/FreeRTOS/Source/tasks.o
 .bss.xNextTaskUnblockTime
                0x00000000200020e4        0x4 ./Middlewares/Third_Party/FreeRTOS/Source/tasks.o
 .bss.xIdleTaskHandle
                0x00000000200020e8        0x4 ./Middlewares/Third_Party/FreeRTOS/Source/tasks.o
 .bss.uxSchedulerSuspended
                0x00000000200020ec        0x4 ./Middlewares/Third_Party/FreeRTOS/Source/tasks.o
 .bss.xActiveTimerList1
                0x00000000200020f0       0x14 ./Middlewares/Third_Party/FreeRTOS/Source/timers.o
 .bss.xActiveTimerList2
                0x0000000020002104       0x14 ./Middlewares/Third_Party/FreeRTOS/Source/timers.o
 .bss.pxCurrentTimerList
                0x0000000020002118        0x4 ./Middlewares/Third_Party/FreeRTOS/Source/timers.o
 .bss.pxOverflowTimerList
                0x000000002000211c        0x4 ./Middlewares/Third_Party/FreeRTOS/Source/timers.o
 .bss.xTimerQueue
                0x0000000020002120        0x4 ./Middlewares/Third_Party/FreeRTOS/Source/timers.o
 .bss.xTimerTaskHandle
                0x0000000020002124        0x4 ./Middlewares/Third_Party/FreeRTOS/Source/timers.o
 .bss.xLastTime.2
                0x0000000020002128        0x4 ./Middlewares/Third_Party/FreeRTOS/Source/timers.o
 .bss.ucStaticTimerQueueStorage.1
                0x000000002000212c       0xa0 ./Middlewares/Third_Party/FreeRTOS/Source/timers.o
 .bss.xStaticTimerQueue.0
                0x00000000200021cc       0x54 ./Middlewares/Third_Party/FreeRTOS/Source/timers.o
 .bss.ucMaxSysCallPriority
                0x0000000020002220        0x1 ./Middlewares/Third_Party/FreeRTOS/Source/portable/GCC/ARM_CM4F/port.o
 *fill*         0x0000000020002221        0x3 
 .bss.ulMaxPRIGROUPValue
                0x0000000020002224        0x4 ./Middlewares/Third_Party/FreeRTOS/Source/portable/GCC/ARM_CM4F/port.o
 .bss.ucHeap    0x0000000020002228      0xc00 ./Middlewares/Third_Party/FreeRTOS/Source/portable/MemMang/heap_4.o
 .bss.xStart    0x0000000020002e28        0x8 ./Middlewares/Third_Party/FreeRTOS/Source/portable/MemMang/heap_4.o
 .bss.pxEnd     0x0000000020002e30        0x4 ./Middlewares/Third_Party/FreeRTOS/Source/portable/MemMang/heap_4.o
 .bss.xFreeBytesRemaining
                0x0000000020002e34        0x4 ./Middlewares/Third_Party/FreeRTOS/Source/portable/MemMang/heap_4.o
 .bss.xMinimumEverFreeBytesRemaining
                0x0000000020002e38        0x4 ./Middlewares/Third_Party/FreeRTOS/Source/portable/MemMang/heap_4.o
 .bss.xBlockAllocatedBit
                0x0000000020002e3c        0x4 ./Middlewares/Third_Party/FreeRTOS/Source/portable/MemMang/heap_4.o
 .bss.__sf      0x0000000020002e40      0x138 C:/ST/STM32CubeIDE_1.11.2/STM32CubeIDE/plugins/com.st.stm32cube.ide.mcu.externaltools.gnu-tools-for-stm32.11.3.rel1.win32_1.1.100.202309141235/tools/bin/../lib/gcc/arm-none-eabi/11.3.1/../../../../arm-none-eabi/lib/thumb/v7e-m+fp/hard\libc_nano.a(libc_a-findfp.o)
                0x0000000020002e40                __sf
 .bss.__lock___malloc_recursive_mutex
                0x0000000020002f78        0x1 C:/ST/STM32CubeIDE_1.11.2/STM32CubeIDE/plugins/com.st.stm32cube.ide.mcu.externaltools.gnu-tools-for-stm32.11.3.rel1.win32_1.1.100.202309141235/tools/bin/../lib/gcc/arm-none-eabi/11.3.1/../../../../arm-none-eabi/lib/thumb/v7e-m+fp/hard\libc_nano.a(libc_a-lock.o)
                0x0000000020002f78                __lock___malloc_recursive_mutex
 *fill*         0x0000000020002f79        0x3 
 .bss.__malloc_free_list
                0x0000000020002f7c        0x4 C:/ST/STM32CubeIDE_1.11.2/STM32CubeIDE/plugins/com.st.stm32cube.ide.mcu.externaltools.gnu-tools-for-stm32.11.3.rel1.win32_1.1.100.202309141235/tools/bin/../lib/gcc/arm-none-eabi/11.3.1/../../../../arm-none-eabi/lib/thumb/v7e-m+fp/hard\libc_nano.a(libc_a-mallocr.o)
                0x0000000020002f7c                __malloc_free_list
 *(COMMON)
                0x0000000020002f80                . = ALIGN (0x4)
                0x0000000020002f80                _ebss = .
                0x0000000020002f80                __bss_end__ = _ebss

._user_heap_stack
                0x0000000020002f80      0x600
                0x0000000020002f80                . = ALIGN (0x8)
                [!provide]                        PROVIDE (end = .)
                0x0000000020002f80                PROVIDE (_end = .)
                0x0000000020003180                . = (. + _Min_Heap_Size)
 *fill*         0x0000000020002f80      0x200 
                0x0000000020003580                . = (. + _Min_Stack_Size)
 *fill*         0x0000000020003180      0x400 
                0x0000000020003580                . = ALIGN (0x8)

/DISCARD/
 libc.a(*)
 libm.a(*)
 libgcc.a(*)

.ARM.attributes
                0x0000000000000000       0x30
 *(.ARM.attributes)
 .ARM.attributes
                0x0000000000000000       0x1e C:/ST/STM32CubeIDE_1.11.2/STM32CubeIDE/plugins/com.st.stm32cube.ide.mcu.externaltools.gnu-tools-for-stm32.11.3.rel1.win32_1.1.100.202309141235/tools/bin/../lib/gcc/arm-none-eabi/11.3.1/thumb/v7e-m+fp/hard/crti.o
 .ARM.attributes
                0x000000000000001e       0x34 C:/ST/STM32CubeIDE_1.11.2/STM32CubeIDE/plugins/com.st.stm32cube.ide.mcu.externaltools.gnu-tools-for-stm32.11.3.rel1.win32_1.1.100.202309141235/tools/bin/../lib/gcc/arm-none-eabi/11.3.1/thumb/v7e-m+fp/hard/crtbegin.o
 .ARM.attributes
                0x0000000000000052       0x34 ./Core/Src/freertos.o
 .ARM.attributes
                0x0000000000000086       0x34 ./Core/Src/main.o
 .ARM.attributes
                0x00000000000000ba       0x34 ./Core/Src/stm32f3xx_hal_msp.o
 .ARM.attributes
                0x00000000000000ee       0x34 ./Core/Src/stm32f3xx_hal_timebase_tim.o
 .ARM.attributes
                0x0000000000000122       0x34 ./Core/Src/stm32f3xx_it.o
 .ARM.attributes
                0x0000000000000156       0x34 ./Core/Src/system_stm32f3xx.o
 .ARM.attributes
                0x000000000000018a       0x21 ./Core/Startup/startup_stm32f303retx.o
 .ARM.attributes
                0x00000000000001ab       0x34 ./Drivers/STM32F3xx_HAL_Driver/Src/stm32f3xx_hal.o
 .ARM.attributes
                0x00000000000001df       0x34 ./Drivers/STM32F3xx_HAL_Driver/Src/stm32f3xx_hal_cortex.o
 .ARM.attributes
                0x0000000000000213       0x34 ./Drivers/STM32F3xx_HAL_Driver/Src/stm32f3xx_hal_dma.o
 .ARM.attributes
                0x0000000000000247       0x34 ./Drivers/STM32F3xx_HAL_Driver/Src/stm32f3xx_hal_gpio.o
 .ARM.attributes