../Core/Src/freertos.c:214:6:vRecord_TimerCallBack	16	static
../Core/Src/freertos.c:220:6:Check_Validity_Task_Func	16	static
../Core/Src/freertos.c:231:6:Init_Deinit_Reset_Task_Func	16	static
../Core/Src/freertos.c:238:6:Control_Branch_Task_Func	16	static
../Core/Src/freertos.c:245:6:Control_DMA_Task_Func	16	static
../Core/Src/freertos.c:257:6:Manage_ESP_Task_Func	152	static
../Core/Src/freertos.c:299:6:Send_to_ESP_Task_Func	24	static
../Core/Src/freertos.c:319:6:Receive_from_ESP_Task_Func	152	static
../Core/Src/freertos.c:355:6:Manage_SD_Task_Func	776	static
../Core/Src/freertos.c:505:6:Send_to_SD_Task_Func	160	static
../Core/Src/freertos.c:538:6:Receive_from_SD_Task_Func	136	static
../Core/Src/freertos.c:586:6:Check_Network_Task_Func	24	static
../Core/Src/freertos.c:609:6:Manage_Network_Task_Func	32	static
../Core/Src/freertos.c:668:6:Manage_Connection_Task_Func	136	static
../Core/Src/freertos.c:796:6:Send_to_Node_Task_Func	80	static
../Core/Src/freertos.c:841:6:Receive_from_Node_Task_Func	24	static
../Core/Src/freertos.c:862:6:HAL_DMA_RxCpltCallback	24	static,ignoring_inline_asm
../Core/Src/freertos.c:872:6:ResetBranch	4	static
../Core/Src/freertos.c:880:6:MX_FREERTOS_Init	24	static
