../Core/Src/freertos.c:201:6:vRecord_TimerCallBack	16	static
../Core/Src/freertos.c:207:6:Check_Validity_Task_Func	16	static
../Core/Src/freertos.c:218:6:Init_Deinit_Reset_Task_Func	16	static
../Core/Src/freertos.c:225:6:Control_Branch_Task_Func	16	static
../Core/Src/freertos.c:232:6:Control_DMA_Task_Func	16	static
../Core/Src/freertos.c:243:6:Manage_ESP_Task_Func	16	static
../Core/Src/freertos.c:250:6:Send_to_ESP_Task_Func	16	static
../Core/Src/freertos.c:257:6:Receive_from_EST_Task_Func	16	static
../Core/Src/freertos.c:277:6:Manage_SD_Task_Func	784	static
../Core/Src/freertos.c:425:6:Send_to_SD_Task_Func	152	static
../Core/Src/freertos.c:453:6:Receive_from_SD_Task_Func	136	static
../Core/Src/freertos.c:499:6:Check_Network_Task_Func	32	static
../Core/Src/freertos.c:531:6:Manage_Network_Task_Func	32	static
../Core/Src/freertos.c:584:6:Manage_Connection_Task_Func	560	static
../Core/Src/freertos.c:733:6:Receive_from_Node_Task_Func	72	static
../Core/Src/freertos.c:749:6:Send_to_Node_Task_Func	80	static
../Core/Src/freertos.c:781:6:ResetBranch	4	static
../Core/Src/freertos.c:788:6:MX_FREERTOS_Init	16	static
