../Core/Src/main.c:92:5:main	8	static
../Core/Src/main.c:179:6:SystemClock_Config	160	static
../Core/Src/main.c:226:13:MX_I2C1_Init	8	static
../Core/Src/main.c:274:13:MX_SPI2_Init	8	static
../Core/Src/main.c:314:13:MX_USART1_UART_Init	8	static
../Core/Src/main.c:349:13:MX_USART3_UART_Init	8	static
../Core/Src/main.c:382:13:MX_DMA_Init	16	static
../Core/Src/main.c:415:13:MX_GPIO_Init	48	static
../Core/Src/main.c:452:6:StartDefaultTask	16	static
../Core/Src/main.c:471:6:HAL_TIM_PeriodElapsedCallback	16	static
../Core/Src/main.c:488:6:Error_Handler	4	static,ignoring_inline_asm
