../Core/Src/main.c:92:5:main	8	static
../Core/Src/main.c:176:6:SystemClock_Config	160	static
../Core/Src/main.c:223:13:MX_I2C1_Init	8	static
../Core/Src/main.c:271:13:MX_SPI2_Init	8	static
../Core/Src/main.c:311:13:MX_USART1_UART_Init	8	static
../Core/Src/main.c:346:13:MX_USART3_UART_Init	8	static
../Core/Src/main.c:379:13:MX_DMA_Init	16	static
../Core/Src/main.c:412:13:MX_GPIO_Init	48	static
../Core/Src/main.c:449:6:StartDefaultTask	16	static
../Core/Src/main.c:468:6:HAL_TIM_PeriodElapsedCallback	16	static
../Core/Src/main.c:485:6:Error_Handler	4	static,ignoring_inline_asm
